--------- beginning of main
11-26 16:12:30.139 13681 13681 D Rajshri : DB_PATH: /storage/emulated/0/Android/data/myactvity.mahyco/files/Documents/SQLiteDB/MDOApps.db
11-26 16:12:30.156 13681 13681 D myactvity.mahyco.UserHome: USER CODE Decrypted User code : mh213
--------- beginning of system
11-26 16:12:30.169  1427  1484 D ConnectivityService: get Network state from cache, cacheBlock is 0
11-26 16:12:30.172 13681 13681 D myactvity.mahyco.UserHome: USER CODE Decrypted User code : mh213
11-26 16:12:30.175 13681 13681 D AppFeed_MAA: GET PREF SAVED AS : true
11-26 16:12:30.178 13681 13681 D ActivityThread: add activity client record, r= ActivityRecord{82ff8d9 token=android.os.BinderProxy@fa899f7 {myactvity.mahyco/myactvity.mahyco.UserHome}} token= android.os.BinderProxy@fa899f7
11-26 16:12:30.213 13681 13733 V FA      : Connection attempt already in progress
11-26 16:12:30.219 13681 13733 I FA      : Tag Manager is not found and thus will not be used
11-26 16:12:30.264 13681 13733 V FA      : Connection attempt already in progress
11-26 16:12:30.272  1427  2276 E WindowManager: App trying to use insecure INPUT_FEATURE_NO_INPUT_CHANNEL flag. Ignoring
11-26 16:12:30.275  1427  2276 D ZrHung.AppEyeFocusWindow: FocusWindowErrorScene cancelCheckFreezeScreen
11-26 16:12:30.275  1427  2276 D ZrHung.AppEyeTransparentWindow: TransparentWindow mHungConfigStatus = 0,mHungConfigEnable = 1
11-26 16:12:30.275  1427  2276 V WindowManager: addWindow: Window{62a2a94 u0 Please wait...}
11-26 16:12:30.276  1427  1489 I StatusBarDisable: setFlags what=0 which=1 pkg=Window{62a2a94 u0 Please wait...}
11-26 16:12:30.278  1427  2276 V WindowManager: removeIfPossible: Window{62a2a94 u0 Please wait...} callers=com.android.server.wm.WindowState.removeIfPossible:2260 com.android.server.wm.WindowManagerService.removeWindow:2025 com.android.server.wm.Session.remove:176 android.view.IWindowSession$Stub.onTransact:634 com.android.server.wm.Session.onTransact:134 
11-26 16:12:30.279  1427  2276 V WindowManager: postWindowRemoveCleanupLocked: Window{62a2a94 u0 Please wait...}
11-26 16:12:30.279  1427  2276 V WindowManager: Removing Window{62a2a94 u0 Please wait...} from AppWindowToken{3941c7c token=Token{9a8b76f ActivityRecord{da1ea4e u0 myactvity.mahyco/.UserHome t1489}}}
11-26 16:12:30.289  1427  2276 D ZrHung.AppEyeFocusWindow: FocusWindowErrorScene CheckFreezeScreen
11-26 16:12:30.289  1427  2276 D ZrHung.AppEyeTransparentWindow: TransparentWindow cancelCheckFreezeScreen
11-26 16:12:30.290  1427  1492 V WindowManager: removeIfPossible: Window{7fbee1a u0 Splash Screen myactvity.mahyco} callers=com.android.server.wm.WindowState.removeIfPossible:2260 com.android.server.wm.WindowManagerService.removeWindow:2025 com.android.server.wm.Session.remove:176 android.view.ViewRootImpl.dispatchDetachedFromWindow:4411 android.view.ViewRootImpl.doDie:7572 
11-26 16:12:30.291  1427  1489 I StatusBarDisable: setFlags what=0 which=1 pkg=Window{7fbee1a u0 Splash Screen myactvity.mahyco}
11-26 16:12:30.291  1427  1492 V WindowManager: postWindowRemoveCleanupLocked: Window{7fbee1a u0 Splash Screen myactvity.mahyco}
11-26 16:12:30.291  1427  1492 V WindowManager: Removing Window{7fbee1a u0 Splash Screen myactvity.mahyco} from AppWindowToken{3941c7c token=Token{9a8b76f ActivityRecord{da1ea4e u0 myactvity.mahyco/.UserHome t1489}}}
11-26 16:12:30.365  1427  2276 E WindowManager: App trying to use insecure INPUT_FEATURE_NO_INPUT_CHANNEL flag. Ignoring
11-26 16:12:30.368  1427  2276 D ZrHung.AppEyeFocusWindow: FocusWindowErrorScene cancelCheckFreezeScreen
11-26 16:12:30.368  1427  1489 I StatusBarDisable: setFlags what=0 which=1 pkg=Window{45cf283 u0 Please wait...}
11-26 16:12:30.368  1427  2276 D ZrHung.AppEyeTransparentWindow: TransparentWindow mHungConfigStatus = 0,mHungConfigEnable = 1
11-26 16:12:30.368  1427  2276 V WindowManager: addWindow: Window{45cf283 u0 Please wait...}
11-26 16:12:30.371  1427  2276 V WindowManager: removeIfPossible: Window{45cf283 u0 Please wait...} callers=com.android.server.wm.WindowState.removeIfPossible:2260 com.android.server.wm.WindowManagerService.removeWindow:2025 com.android.server.wm.Session.remove:176 android.view.IWindowSession$Stub.onTransact:634 com.android.server.wm.Session.onTransact:134 
11-26 16:12:30.371  1427  2276 V WindowManager: postWindowRemoveCleanupLocked: Window{45cf283 u0 Please wait...}
11-26 16:12:30.372  1427  2276 V WindowManager: Removing Window{45cf283 u0 Please wait...} from AppWindowToken{3941c7c token=Token{9a8b76f ActivityRecord{da1ea4e u0 myactvity.mahyco/.UserHome t1489}}}
11-26 16:12:30.377  1427  2276 D ZrHung.AppEyeFocusWindow: FocusWindowErrorScene CheckFreezeScreen
11-26 16:12:30.378  1427  2276 D ZrHung.AppEyeTransparentWindow: TransparentWindow cancelCheckFreezeScreen
11-26 16:12:30.388 13681 13733 V FA      : Activity resumed, time: 623471172
11-26 16:12:30.392  1427  1484 E WindowManager: App trying to use insecure INPUT_FEATURE_NO_INPUT_CHANNEL flag. Ignoring
11-26 16:12:30.394  1427  1484 V WindowManager: addWindow: Window{4c45c39 u0 myactvity.mahyco/myactvity.mahyco.UserHome}
11-26 16:12:30.396  1427  1499 W SecurityProfileService: Activity life state callback extras get package null!
11-26 16:12:30.397  1427  1499 I HwAudioServiceEx: ComponentInfo : className = myactvity.mahyco.UserHome, flag=onResume, isHomeActivity=, isTop=true
11-26 16:12:30.397  4585  4604 I AppLifeChangeSensor: CAWARENESS: activityResumed componentName = ComponentInfo{myactvity.mahyco/myactvity.mahyco.UserHome}
11-26 16:12:30.398 21354 27160 I HiAdKit.DC.PageSwitchMonitor:  call
11-26 16:12:30.399  1953  7004 D DollieActivityManagerAdapter: [Resumed] bg:true pid:13681 uid:10247 ComponentInfo{myactvity.mahyco/myactvity.mahyco.UserHome}
11-26 16:12:30.395 21354 21354 W PPS-FileLog-poo: type=1400 audit(0.0:320295): avc: granted { append } for pid=21354 name="HiAdKitDcLog.log" dev="sdcardfs" ino=4254 scontext=u:r:platform_app:s0:c512,c768 tcontext=u:object_r:sdcardfs:s0 tclass=file
11-26 16:12:30.399  1953  7004 E DollieAdapterService: notifyActivityState pkg:myactvity.mahyco/myactvity.mahyco.UserHome state:2 fg:true mUid:10247
11-26 16:12:30.400  1953  7004 I HidataAppQoeP: foregroundUidAdd uid: 10247 name: myactvity.mahyco activity state: true
11-26 16:12:30.400 21354 12923 I HiAdKit.DC.PageSwitchEvent:  switch is off
11-26 16:12:30.400  1427  7658 D ConnectivityService: get Network state from cache, cacheBlock is 0
11-26 16:12:30.395 21354 21354 W PPS-FileLog-poo: type=1400 audit(0.0:320296): avc: granted { append open } for pid=21354 path="/storage/emulated/0/Android/data/com.huawei.hwid/files/com.huawei.hms.ads/Log/HiAdKitDcLog.log" dev="sdcardfs" ino=4254 scontext=u:r:platform_app:s0:c512,c768 tcontext=u:object_r:sdcardfs:s0 tclass=file
11-26 16:12:30.399 21354 21354 W PPS-FileLog-poo: type=1400 audit(0.0:320297): avc: granted { append } for pid=21354 name="HiAdKitDcLog.log" dev="sdcardfs" ino=4254 scontext=u:r:platform_app:s0:c512,c768 tcontext=u:object_r:sdcardfs:s0 tclass=file
11-26 16:12:30.399 21354 21354 W PPS-FileLog-poo: type=1400 audit(0.0:320298): avc: granted { append open } for pid=21354 path="/storage/emulated/0/Android/data/com.huawei.hwid/files/com.huawei.hms.ads/Log/HiAdKitDcLog.log" dev="sdcardfs" ino=4254 scontext=u:r:platform_app:s0:c512,c768 tcontext=u:object_r:sdcardfs:s0 tclass=file
11-26 16:12:30.404  1953  7004 E BoosterUtil: convertSubIdToSlotId failed, subId:1, slotId:-1
11-26 16:12:30.404  1953  7004 E BoosterUtil: getDefaultDataSlotId failed, invalid slotId:-1, subId:1
11-26 16:12:30.405  1953  7002 D ConnCureStateMonitor: handleMessage: msg[2]
11-26 16:12:30.405  1953  2230 I HwPacketFilterBypass: handleActivityUidStateChanged uid:10247 -1 foreground:1
11-26 16:12:30.409 13681 13751 D HiTouch_PressGestureDetector: onAttached, package=myactvity.mahyco, windowType=1, mHiTouchRestricted=false
11-26 16:12:30.435  1427  1489 I StatusBarDisable: setFlags what=0 which=1 pkg=Window{4c45c39 u0 myactvity.mahyco/myactvity.mahyco.UserHome}
11-26 16:12:30.439 13681 13733 V FA      : Connection attempt already in progress
11-26 16:12:30.439  1427  7658 D ZrHung.AppEyeFocusWindow: FocusWindowErrorScene cancelCheckFreezeScreen
11-26 16:12:30.439  1427  7658 D ZrHung.AppEyeTransparentWindow: TransparentWindow mHungConfigStatus = 0,mHungConfigEnable = 1
11-26 16:12:30.441 13681 13733 V FA      : Connection attempt already in progress
11-26 16:12:30.443 13681 13742 I iGraphics: [0020080c] pn: myactvity.mahyco, p: 13681
11-26 16:12:30.444 13681 13742 I iGraphics: [0030080c] no spt app: myactvity.mahyco
11-26 16:12:30.464 13681 13742 D mali_winsys: EGLint new_window_surface(egl_winsys_display *, void *, EGLSurface, EGLConfig, egl_winsys_surface **, EGLBoolean) returns 0x3000
11-26 16:12:30.465   595   595 I GRALLOC : getCallingPid=643, shrFd=10,fmt=0x1,intFmt=0x200000001,btStrd=4352,size=10399744,pid=595 
11-26 16:12:30.465   595   595 I GRALLOC : 	 yuv=2,w=1080,h=2340,Stride u=0 v=0,offset u=0 v=0 
11-26 16:12:30.465   595   595 I GRALLOC : 	 iova_size=10399744,conUsg=0xb00,proUsg=0xb00,	 strd=1088,[afbc]HdrStrd=1088 PyldStrd=69632 Scrmbl=2,ionhnd = 0 
11-26 16:12:30.467   595   595 I chatty  : uid=1000(system) allocator@2.0-s identical 1 line
11-26 16:12:30.468   595   595 I GRALLOC : getCallingPid=643, shrFd=10,fmt=0x1,intFmt=0x200000001,btStrd=4352,size=10399744,pid=595 
11-26 16:12:30.468   595   595 I GRALLOC : 	 yuv=2,w=1080,h=2340,Stride u=0 v=0,offset u=0 v=0 
11-26 16:12:30.468   595   595 I GRALLOC : 	 iova_size=10399744,conUsg=0xb00,proUsg=0xb00,	 strd=1088,[afbc]HdrStrd=1088 PyldStrd=69632 Scrmbl=2,ionhnd = 0 
11-26 16:12:30.482 13681 13681 W Settings: Setting airplane_mode_on has moved from android.provider.Settings.System to android.provider.Settings.Global, returning read-only value.
11-26 16:12:30.496 13681 13767 D HwGalleryCacheManagerImpl: mIsEffect:false
11-26 16:12:30.555   818   833 I storaged: storaged_t::event: storage_info refreshed.
11-26 16:12:30.581   574 22056 I netd    : trafficSwapActiveStatsMap() <15.30ms>
11-26 16:12:30.706   449   449 I hwservicemanager: getTransport: Cannot find entry android.hardware.graphics.mapper@3.0::IMapper/default in either framework or device manifest.
11-26 16:12:30.706 13681 13742 W Gralloc3: mapper 3.x is not supported
11-26 16:12:30.731 13681 13742 E         : APS:IFLoad:importExternalFunctions, search function createNewHwApsUtils failed, dlsym err:undefined symbol: createNewHwApsUtils
11-26 16:12:30.732 13681 13742 D         : APS:importExternalFunctions OK
11-26 16:12:30.745   830   858 D AwareLog: iawared: WorkingsetProcessCommand subCmd = 351, userId=10247, pid=13681, myactvity.mahyco
11-26 16:12:30.745   830   858 D AwareLog: iawared: WorkingsetPause myactvity.mahyco
11-26 16:12:30.749  1427  2276 D HwConnectivityServiceEx: set cache by key is 10247 interfaceName iswlan0 value is false
11-26 16:12:30.751 13681 13681 D myactvity.mahyco.UserHome: USER CODE Decrypted User code : mh213
11-26 16:12:30.758 13681 13750 D VAPT    : Calling API: https://wap.mahyco.com/api/postSeason/mdoVerify_user
11-26 16:12:30.758 13681 13750 D VAPT    : Calling JSON OBJECT: {"Table":{"username":"mh213","sapcode":6,"password":"blank"}}
11-26 16:12:30.758 13681 13750 D VAPT    : Calling ACCESS TOKEN: MXLmvLemxlWsz1D2BZ5rmLLWsURuI8kebjUWe7bzCti1_xAE0kGnc9lj9kHFDHe7KVWv5AdPHw-TiLQDgPEHOk4nNXYkrA6e9F1nTUlRUpZCMmI0wybItAh2hEQ4-DchFIdJ_oDx8GUBpnlxB8sAn3PHGDoTk-XV9KFIEIfWIJPgLmgEaa8S-HiueSoBur17p-uoLy3F5zYlFSfgUhDEGrjg5vkdjB5vFNFHjoLdwvM
11-26 16:12:30.762 13681 13750 I JSONPOSTBEGIN: Beginning of JSON POST
11-26 16:12:30.762 13681 13750 D URL :   : https://wap.mahyco.com/api/postSeason/mdoVerify_user
11-26 16:12:30.762 13681 13750 D TOKEN : : MXLmvLemxlWsz1D2BZ5rmLLWsURuI8kebjUWe7bzCti1_xAE0kGnc9lj9kHFDHe7KVWv5AdPHw-TiLQDgPEHOk4nNXYkrA6e9F1nTUlRUpZCMmI0wybItAh2hEQ4-DchFIdJ_oDx8GUBpnlxB8sAn3PHGDoTk-XV9KFIEIfWIJPgLmgEaa8S-HiueSoBur17p-uoLy3F5zYlFSfgUhDEGrjg5vkdjB5vFNFHjoLdwvM
11-26 16:12:30.762 13681 13750 D JSON OBJECT :: https://wap.mahyco.com/api/postSeason/mdoVerify_user : {"Table":{"username":"mh213","sapcode":6,"password":"blank"}}
11-26 16:12:30.772 13681 13750 D NetworkSecurityConfig: Using Network Security Config from resource network_security_config debugBuild: true
11-26 16:12:30.783   574  1050 W /system/bin/netd: A binder object at 0x76e0226200 is being transacted on, however, this object is in the same process as its proxy. Transacting with this binder is expensive compared to just calling the corresponding functionality in the same process.
11-26 16:12:30.784   574  1050 I PreDnsController: canPreDnsQuery,persist.sys.predns is false!
11-26 16:12:30.791   856   978 W ScreemCommon: processEntry, not beta version or commercial log off
11-26 16:12:30.795 13681 13681 I HwViewRootImpl: removeInvalidNode jank list is null
11-26 16:12:30.802  1427  7658 D ConnectivityService: get Network state from cache, cacheBlock is 0
11-26 16:12:30.806 13681 13733 D FA      : Connected to remote service
11-26 16:12:30.807 13681 13733 V FA      : Processing queued up service tasks: 7
11-26 16:12:30.845 14661 12930 V FA-SVC  : Setting user property: user_id(_id), mh213
11-26 16:12:30.857 14661 12930 V FA-SVC  : Logging event: origin=app,name=ce_app_opened,params=Bundle[{item_name=PRAVIN DALVI(MDO), ga_event_origin(_o)=app, content_type=ce_app_opened, item_id=mh213}]
11-26 16:12:30.883  1427  2276 D HwConnectivityServiceEx: set cache by key is 10121 interfaceName iswlan0 value is false
11-26 16:12:30.884 14661 12930 V FA-SVC  : Upload scheduled in approximately ms: 999897
11-26 16:12:30.884 14661 12930 V FA-SVC  : Unscheduling upload
11-26 16:12:30.889 14661 12930 V FA-SVC  : Scheduling upload, millis: 999897
11-26 16:12:30.892 14661 12930 V FA-SVC  : Background event processing time, ms: 34
11-26 16:12:30.900 14661 12930 V FA-SVC  : Logging event: origin=auto,name=screen_view(_vs),params=Bundle[{ga_event_origin(_o)=auto, ga_screen_class(_sc)=UserHome, ga_screen_id(_si)=-2147792260261290210}]
11-26 16:12:30.912  2465 10332 W NetworkScheduler: Error inserting flex_time=999000 job_id=-1 period=2000000 source=16 requires_charging=0 preferred_network_type=1 target_class=com.google.android.gms.measurement.PackageMeasurementTaskService user_id=0 target_package=com.google.android.gms tag=Measurement.PackageMeasurementTaskService.UPLOAD_TASK_TAG task_type=0 required_idleness_state=0 service_kind=0 source_version=213918000 persistence_level=1 preferred_charging_state=1 required_network_type=0 runtime=1637923350902 retry_strategy={"maximum_backoff_seconds":{"3600":0},"initial_backoff_seconds":{"30":0},"retry_policy":{"0":0}} last_runtime=0, error message: UNIQUE constraint failed: pending_ops.tag, pending_ops.target_class, pending_ops.target_package, pending_ops.user_id (Sqlite code 2067 SQLITE_CONSTRAINT_UNIQUE), (OS error - 2:No such file or directory) [CONTEXT service_id=218 ]
11-26 16:12:30.916  1427  7658 D ConnectivityService: get Network state from cache, cacheBlock is 0
11-26 16:12:30.916 14661 12930 V FA-SVC  : Upload scheduled in approximately ms: 999865
11-26 16:12:30.916 14661 12930 V FA-SVC  : Unscheduling upload
11-26 16:12:30.919 14661 12930 V FA-SVC  : Scheduling upload, millis: 999865
11-26 16:12:30.920 14661 12930 V FA-SVC  : Background event processing time, ms: 20
11-26 16:12:30.932 14661 12930 V FA-SVC  : Saving default event parameters, appId, data size: myactvity.mahyco, 2
11-26 16:12:30.935  2465  8326 W NetworkScheduler: Error inserting flex_time=999000 job_id=-1 period=2000000 source=16 requires_charging=0 preferred_network_type=1 target_class=com.google.android.gms.measurement.PackageMeasurementTaskService user_id=0 target_package=com.google.android.gms tag=Measurement.PackageMeasurementTaskService.UPLOAD_TASK_TAG task_type=0 required_idleness_state=0 service_kind=0 source_version=213918000 persistence_level=1 preferred_charging_state=1 required_network_type=0 runtime=1637923350927 retry_strategy={"maximum_backoff_seconds":{"3600":0},"initial_backoff_seconds":{"30":0},"retry_policy":{"0":0}} last_runtime=0, error message: UNIQUE constraint failed: pending_ops.tag, pending_ops.target_class, pending_ops.target_package, pending_ops.user_id (Sqlite code 2067 SQLITE_CONSTRAINT_UNIQUE), (OS error - 2:No such file or directory) [CONTEXT service_id=218 ]
11-26 16:12:31.007 13681 13694 I yactvity.mahyc: Background young concurrent copying GC freed 55002(10227KB) AllocSpace objects, 48(1152KB) LOS objects, 85% free, 4012KB/27MB, paused 515us total 103.670ms
11-26 16:12:31.131  1427  1669 I TrafficMonitor: update:rxPkts:5,txPkts:9,rxBytes:4361,txBytes:1373
11-26 16:12:31.132  1427  1669 I TrafficMonitor: start expired. level:-1
11-26 16:12:31.132  1427  1669 I TrafficMonitor: gettimer:interval=2000
11-26 16:12:31.255 13681 13750 D         : {"Table":[]}
11-26 16:12:31.255 13681 13750 D VAPT    : https://wap.mahyco.com/api/postSeason/mdoVerify_user :: 
11-26 16:12:31.255 13681 13750 D VAPT    : RESPONSE ::{"Table":[]}
11-26 16:12:31.255 13681 13750 I JSONPOSTEND: End of JSON data post methos...
11-26 16:12:31.255 13681 13750 D VAPT    : Getting https://wap.mahyco.com/api/postSeason/mdoVerify_user RESPONSE : {"Table":[]}
11-26 16:12:31.408  1953  2230 I HwPacketFilterBypass: isBypassAllowed not allowed reason: DATA_OFF
11-26 16:12:31.408  1953  2230 I HwPacketFilterBypass: kernelAddTrackUid uid:10247 allowed:false
11-26 16:12:31.765   722   722 I aptouch_daemon: check_afe_status, idle out.
11-26 16:12:31.775   722   722 I aptouch_daemon: print_log, touch:1, down:1 (+0)
11-26 16:12:31.777  1427  1653 I HwFingersSnapshooter: handleMotionEvent first finger(0) touch down at (765.0,398.0)
11-26 16:12:31.786 13681 13681 W Settings: Setting device_provisioned has moved from android.provider.Settings.Secure to android.provider.Settings.Global.
11-26 16:12:31.786 13681 13681 V HiTouch_HiTouchSensor: User setup is finished.
11-26 16:12:31.887   635   635 E WifiHAL : enter wifi_get_link_stats
11-26 16:12:31.899  1427  1670 E WificondControl: Noise: 0, Snr: 0, Chload: -1
11-26 16:12:31.903  1427  1679 D ConnectivityService: notifyType CALLBACK_CAP_CHANGED for NetworkAgentInfo [WIFI () - 119]
11-26 16:12:31.905  1427  1670 V HwWifiServiceFactory: get AllImpl object = com.android.server.wifi.HwWifiServiceFactoryImpl@100db3e
11-26 16:12:31.907  1427  1690 D ConnectivityService: get Network state from cache, cacheBlock is 0
11-26 16:12:31.908  1427  1690 D ConnectivityService: get Network state from cache, cacheBlock is 0
11-26 16:12:31.908  1427  1690 D HwConnectivityServiceEx: set cache by key is 10146 interfaceName iswlan0 value is true
11-26 16:12:31.908  1427  1690 D ConnectivityService: ActiveNetwork is blocked, uid = 10146, ignoreBlocked = false
11-26 16:12:31.908  1427  1690 D HwConnectivityServiceEx: set cache by key is 10144 interfaceName iswlan0 value is true
11-26 16:12:31.908  1427  1690 D ConnectivityService: ActiveNetwork is blocked, uid = 10144, ignoreBlocked = false
11-26 16:12:31.908  1427  1690 D HwConnectivityServiceEx: set cache by key is 10143 interfaceName iswlan0 value is false
11-26 16:12:31.908  1427  1690 D ConnectivityService: get Network state from cache, cacheBlock is 0
11-26 16:12:31.909  1427  1690 I chatty  : uid=1000(system) ConnectivityThr identical 2 lines
11-26 16:12:31.909  1427  1690 D ConnectivityService: get Network state from cache, cacheBlock is 0
11-26 16:12:31.911  1427  1488 D HwConnectivityServiceEx: set cache by key is 1000 interfaceName iswlan0 value is false
11-26 16:12:31.916  1427  1669 I QosMonitor: queryRtt: rttType = 3
11-26 16:12:31.917  1427  1669 I HwWifiProServiceProxy: ctrlHwWifiNetwork pkgName: WIFIPRO_SERVICE interfaceId: 8
11-26 16:12:31.918  1427  1669 I QosMonitor: postEventFromNative: msg=100,arg1=4,arg2=10
11-26 16:12:31.918  1427  1690 D ConnectivityService: get Network state from cache, cacheBlock is 0
11-26 16:12:31.920  1427  1778 I HwWifiProServiceProxy: ctrlHwWifiNetwork pkgName: WIFIPRO_SERVICE interfaceId: 9
11-26 16:12:31.918  1427  1690 I chatty  : uid=1000(system) ConnectivityThr identical 1 line
11-26 16:12:31.921  1427  1690 D ConnectivityService: get Network state from cache, cacheBlock is 0
11-26 16:12:31.921  1427  1690 D HwConnectivityServiceEx: set cache by key is 10141 interfaceName iswlan0 value is true
11-26 16:12:31.921  1427  1690 D ConnectivityService: ActiveNetwork is blocked, uid = 10141, ignoreBlocked = false
11-26 16:12:31.924  1427  1777 D HwWifiConnectivityMonitor: signal level changed: 4 --> 3, 802.11v = false
11-26 16:12:31.926  2016  2203 D HwWifiStatStore: updateLinkSpeed linkSpeed =58 mLastSpdLev =2 index =2
11-26 16:12:31.926  2016  2203 D HwWifiCHRStateManager: handleUpdateChannel:2462
11-26 16:12:31.928  1427  1690 D HwConnectivityServiceEx: set cache by key is 10138 interfaceName iswlan0 value is true
11-26 16:12:31.928  1427  1690 D ConnectivityService: ActiveNetwork is blocked, uid = 10138, ignoreBlocked = false
11-26 16:12:31.929  1427  1690 D HwConnectivityServiceEx: set cache by key is 10136 interfaceName iswlan0 value is true
11-26 16:12:31.929  1427  1690 D ConnectivityService: ActiveNetwork is blocked, uid = 10136, ignoreBlocked = false
11-26 16:12:31.930  1427  1690 D HwConnectivityServiceEx: set cache by key is 10135 interfaceName iswlan0 value is false
11-26 16:12:31.930  1427  1690 D ConnectivityService: get Network state from cache, cacheBlock is 0
11-26 16:12:31.930  1427  1690 D HwConnectivityServiceEx: set cache by key is 10128 interfaceName iswlan0 value is false
11-26 16:12:31.930  1427  1690 D ConnectivityService: get Network state from cache, cacheBlock is 0
11-26 16:12:31.931  1427  1690 D HwConnectivityServiceEx: set cache by key is 10127 interfaceName iswlan0 value is false
11-26 16:12:31.931  1427  1690 D ConnectivityService: get Network state from cache, cacheBlock is 0
11-26 16:12:31.931  1427  1690 I chatty  : uid=1000(system) ConnectivityThr identical 2 lines
11-26 16:12:31.931  1427  1690 D ConnectivityService: get Network state from cache, cacheBlock is 0
11-26 16:12:31.931  1427  1690 D HwConnectivityServiceEx: set cache by key is 10126 interfaceName iswlan0 value is false
11-26 16:12:31.931  1427  1690 D ConnectivityService: get Network state from cache, cacheBlock is 0
11-26 16:12:31.933  1427  1690 I chatty  : uid=1000(system) ConnectivityThr identical 30 lines
11-26 16:12:31.933  1427  1690 D ConnectivityService: get Network state from cache, cacheBlock is 0
11-26 16:12:31.934  2127  2493 D Mapcon  : WifiLinkTracker: [onCapabilitiesChanged]enter
11-26 16:12:31.934  2127  2493 D Mapcon  : WifiLinkTracker: [handleWifiConnect]wifi has linked, ignore
11-26 16:12:31.934  1427  7658 D ConnectivityService: get Network state from cache, cacheBlock is 0
11-26 16:12:31.935  1427  2276 D ConnectivityService: get Network state from cache, cacheBlock is 0
11-26 16:12:31.939  1427  7658 D ConnectivityService: get Network state from cache, cacheBlock is 0
11-26 16:12:31.940  1427  6183 D ConnectivityService: get Network state from cache, cacheBlock is 0
11-26 16:12:31.941  1427  1484 D ConnectivityService: get Network state from cache, cacheBlock is 1
11-26 16:12:31.941  1427  7658 D HwConnectivityServiceEx: set cache by key is 10115 interfaceName iswlan0 value is false
11-26 16:12:31.941  1427  1484 D ConnectivityService: Network is BLOCKED, uid = 10138
11-26 16:12:31.943  1427  2276 D ConnectivityService: get Network state from cache, cacheBlock is 0
11-26 16:12:31.943  1427  7658 D ConnectivityService: get Network state from cache, cacheBlock is 0
11-26 16:12:31.946  1427  6183 D HwConnectivityServiceEx: set cache by key is 10124 interfaceName iswlan0 value is false
11-26 16:12:31.946  1427  9128 D HwConnectivityServiceEx: set cache by key is 10029 interfaceName iswlan0 value is false
11-26 16:12:31.950  1427  9128 D ConnectivityService: get Network state from cache, cacheBlock is 0
11-26 16:12:31.950  1427  1484 D ConnectivityService: get Network state from cache, cacheBlock is 0
11-26 16:12:31.950  1427  6183 D ConnectivityService: get Network state from cache, cacheBlock is 0
11-26 16:12:31.950  7493  7670 I CarrierServices: [440] cai.c: Connected state: [1], networkType: [WIFI]
11-26 16:12:31.937  1427  1690 D HwConnectivityServiceEx: set cache by key is 10124 interfaceName iswlan0 value is false
11-26 16:12:31.951  1427  1690 D ConnectivityService: get Network state from cache, cacheBlock is 0
11-26 16:12:31.951  1427  1690 I chatty  : uid=1000(system) ConnectivityThr identical 2 lines
11-26 16:12:31.951  1427  1690 D ConnectivityService: get Network state from cache, cacheBlock is 0
11-26 16:12:31.951  1427  9128 D ConnectivityService: get Network state from cache, cacheBlock is 0
11-26 16:12:31.952  1427  1690 D ConnectivityService: get Network state from cache, cacheBlock is 0
11-26 16:12:31.952  1427  1690 I chatty  : uid=1000(system) ConnectivityThr identical 4 lines
11-26 16:12:31.952  1427  1690 D ConnectivityService: get Network state from cache, cacheBlock is 0
11-26 16:12:31.952  1427  1690 D HwConnectivityServiceEx: set cache by key is 10089 interfaceName iswlan0 value is false
11-26 16:12:31.952  1427  1690 D ConnectivityService: get Network state from cache, cacheBlock is 0
11-26 16:12:31.952  1427  1690 I chatty  : uid=1000(system) ConnectivityThr identical 2 lines
11-26 16:12:31.952  1427  1690 D ConnectivityService: get Network state from cache, cacheBlock is 0
11-26 16:12:31.952  1427  1690 D HwConnectivityServiceEx: set cache by key is 10085 interfaceName iswlan0 value is false
11-26 16:12:31.952  1427  1690 D ConnectivityService: get Network state from cache, cacheBlock is 0
11-26 16:12:31.952  1427  1690 I chatty  : uid=1000(system) ConnectivityThr identical 1 line
11-26 16:12:31.953  1427  1690 D ConnectivityService: get Network state from cache, cacheBlock is 0
11-26 16:12:31.953  1427  1690 D HwConnectivityServiceEx: set cache by key is 10035 interfaceName iswlan0 value is false
11-26 16:12:31.953  1427  1484 D ConnectivityService: get Network state from cache, cacheBlock is 0
11-26 16:12:31.953  1427  1690 D ConnectivityService: get Network state from cache, cacheBlock is 0
11-26 16:12:31.956  1427  1690 I chatty  : uid=1000(system) ConnectivityThr identical 7 lines
11-26 16:12:31.956  1427  1690 D ConnectivityService: get Network state from cache, cacheBlock is 0
11-26 16:12:31.956  1427  6183 D ConnectivityService: get Network state from cache, cacheBlock is 0
11-26 16:12:31.957  1427  1484 E WifiService: enforceCanAccessScanResults: hiding ssid and bssidUID 10029 has no location permission
11-26 16:12:31.957  1427  6183 I chatty  : uid=1000(system) Binder:1427_15 identical 1 line
11-26 16:12:31.959  1427  6183 D ConnectivityService: get Network state from cache, cacheBlock is 0
11-26 16:12:31.964  1427  1484 D ConnectivityService: get Network state from cache, cacheBlock is 0
11-26 16:12:31.965  1427  1484 D ConnectivityService: get Network state from cache, cacheBlock is 0
11-26 16:12:31.968  1427  6183 D ConnectivityService: get Network state from cache, cacheBlock is 0
11-26 16:12:31.967  1427  1484 E WifiService: enforceCanAccessScanResults: hiding ssid and bssidUID 10029 has no location permission
11-26 16:12:31.970  1427  6183 E WifiService: enforceCanAccessScanResults: hiding ssid and bssidUID 10029 has no location permission
11-26 16:12:31.972  1427  9128 V ActivityManager: Successfully start provider ContentProviderRecord{4976519 u0 com.google.android.apps.messaging/.shared.datamodel.provider.sharedstorage.SharedStorageProvider} launchingApp=ProcessRecord{3117c60 10758:com.google.android.apps.messaging/u0a141} caller pid= 7493
11-26 16:12:31.972   722   722 I aptouch_daemon: print_log, touch:0, down:0 
11-26 16:12:31.973  1427  1653 I HwFingersSnapshooter: handleMotionEvent last finger(0) up 
11-26 16:12:31.980  1427  9128 D ConnectivityService: get Network state from cache, cacheBlock is 0
11-26 16:12:31.989  1427  9128 E WifiService: enforceCanAccessScanResults: hiding ssid and bssidUID 10029 has no location permission
11-26 16:12:31.988 13681 13681 V AudioManager: querySoundEffectsEnabled...
11-26 16:12:31.995  7493  7669 I CarrierServices: [439] cpr.e: No RCS Configuration was found in Bugle for simID: redacted-pii:sim_id[chars:0]
11-26 16:12:31.996  1427  9128 I ActivityTaskManager: START u0 {flg=0x4000000 hwFlg=0x10 cmp=myactvity.mahyco/.DownloadMasterdata} from uid 10247
11-26 16:12:31.998  1427  9128 I ActivityTaskManager: ActivityRecord info: ActivityInfo{7906b19 myactvity.mahyco.DownloadMasterdata}
11-26 16:12:31.998  1427  9128 I HwActivityTaskManagerServiceEx: packageName:myactvity.mahyco,requestCode:-1,isIntercepted:false,userId:0
11-26 16:12:31.998  1427  9128 I HwActivityTaskManagerServiceEx: callingPackage:myactvity.mahyco
11-26 16:12:31.998  1427  9128 I HwActivityTaskManagerServiceEx: is not cold start
11-26 16:12:31.998  1427  9128 I HwActivityTaskManagerServiceEx: is not cold start
11-26 16:12:31.998  1427  9128 D ActivityTaskManager: TaskLaunchParamsModifier:task=null activity=ActivityRecord{77567de u0 myactvity.mahyco/.DownloadMasterdata t-1} display-from-source=0 display-id=0 display-windowing-mode=1
11-26 16:12:31.999  1427  9128 D ActivityTaskManager: TaskLaunchParamsModifier:task=null activity=ActivityRecord{77567de u0 myactvity.mahyco/.DownloadMasterdata t-1} display-from-source=0 display-id=0 display-windowing-mode=1 activity-options-fullscreen=Rect(0, 0 - 0, 0) non-freeform-display maximized-bounds
11-26 16:12:31.999  1427  9128 V ActivityTaskManager: positionChild stackId=57 to top.
11-26 16:12:32.001  1427  9128 V ActivityTaskManager: addAppToken: AppWindowToken{9fb3c8c token=Token{6570dbf ActivityRecord{77567de u0 myactvity.mahyco/.DownloadMasterdata t1489}}} task={taskId=1489 appTokens=[AppWindowToken{dd8084c token=Token{93cb07f ActivityRecord{534dd9e u0 myactvity.mahyco/.LoginActivity t1489}}}, AppWindowToken{3941c7c token=Token{9a8b76f ActivityRecord{da1ea4e u0 myactvity.mahyco/.UserHome t1489}}}] mdr=false} at 2147483647
11-26 16:12:32.007   830   858 D AwareLog: iawared: WorkingsetProcessCommand subCmd = 352, userId=10247, pid=13681, myactvity.mahyco
11-26 16:12:32.007   830   858 D AwareLog: iawared: WorkingsetStop myactvity.mahyco
11-26 16:12:32.008   856   978 D ScreemCommon: <LOGMGR> <SceneStart> [Entry]
11-26 16:12:32.008   856   978 D ScreemCommon: <LOGMGR> <SceneStart> [new scene start 38793155]
11-26 16:12:32.010   830   858 D AwareLog: iawared: WorkingsetProcessCommand subCmd = 350, userId=10247, pid=13681, myactvity.mahyco/.DownloadMasterdata
11-26 16:12:32.010   830   858 D AwareLog: iawared: WorkingsetSendPrereadMsg myactvity.mahyco/.DownloadMasterdata
11-26 16:12:32.011   830   858 D AwareLog: iawared: WorkingsetStart myactvity.mahyco/.DownloadMasterdata in monitor0
11-26 16:12:32.015  1427  9128 V ActivityTaskManager: Making visible and scheduling visibility: ActivityRecord{77567de u0 myactvity.mahyco/.DownloadMasterdata t1489}
11-26 16:12:32.019  2104  4216 I PGServer: android calls fast HApps
11-26 16:12:32.019  2104  4216 I AppFastHibernation: fast H duration: 3000 reason: start activity
11-26 16:12:32.020   830   863 I Pged-IPgedBinderService: ****action is 1, pid num is 2***
11-26 16:12:32.020   830   863 I Pged-Freezer: freezePids
11-26 16:12:32.020   830   863 I Pged-Freezer: Freeze process: 4163
11-26 16:12:32.020  1427  9128 D ZrHung.AppEyeFocusWindow: FocusWindowErrorScene CheckFreezeScreen
11-26 16:12:32.020  1427  9128 D ZrHung.AppEyeTransparentWindow: TransparentWindow cancelCheckFreezeScreen
11-26 16:12:32.021  2104  2438 D PgedBinderAdapter: F_Z ok, pid: [4163]
11-26 16:12:32.025 13681 13733 V FA      : Recording user engagement, ms: 1627
11-26 16:12:32.025  1427  1499 W SecurityProfileService: Activity life state callback extras get package null!
11-26 16:12:32.025  1427  1499 I HwAudioServiceEx: ComponentInfo : className = myactvity.mahyco.UserHome, flag=onPause, isHomeActivity=, isTop=false
11-26 16:12:32.025 21354 27160 I HiAdKit.DC.PageSwitchMonitor:  call
11-26 16:12:32.026  4585  4604 I AppLifeChangeSensor: CAWARENESS: activityPaused componentName = ComponentInfo{myactvity.mahyco/myactvity.mahyco.UserHome}
11-26 16:12:32.026  1953  7004 D DollieActivityManagerAdapter: [Paused] pid:13681 uid:10247 ComponentInfo{myactvity.mahyco/myactvity.mahyco.UserHome} uidState:2
11-26 16:12:32.023 21354 21354 W PPS-FileLog-poo: type=1400 audit(0.0:320299): avc: granted { append } for pid=21354 name="HiAdKitDcLog.log" dev="sdcardfs" ino=4254 scontext=u:r:platform_app:s0:c512,c768 tcontext=u:object_r:sdcardfs:s0 tclass=file
11-26 16:12:32.023 21354 21354 W PPS-FileLog-poo: type=1400 audit(0.0:320300): avc: granted { append open } for pid=21354 path="/storage/emulated/0/Android/data/com.huawei.hwid/files/com.huawei.hms.ads/Log/HiAdKitDcLog.log" dev="sdcardfs" ino=4254 scontext=u:r:platform_app:s0:c512,c768 tcontext=u:object_r:sdcardfs:s0 tclass=file
11-26 16:12:32.027 13681 13681 W ActivityThread: handleWindowVisibility: no activity for token android.os.BinderProxy@b83ad38
11-26 16:12:32.030 21354 12927 I HiAdKit.DC.PageSwitchEvent:  switch is off
11-26 16:12:32.027 21354 21354 W PPS-FileLog-poo: type=1400 audit(0.0:320301): avc: granted { append } for pid=21354 name="HiAdKitDcLog.log" dev="sdcardfs" ino=4254 scontext=u:r:platform_app:s0:c512,c768 tcontext=u:object_r:sdcardfs:s0 tclass=file
11-26 16:12:32.027 21354 21354 W PPS-FileLog-poo: type=1400 audit(0.0:320302): avc: granted { append open } for pid=21354 path="/storage/emulated/0/Android/data/com.huawei.hwid/files/com.huawei.hms.ads/Log/HiAdKitDcLog.log" dev="sdcardfs" ino=4254 scontext=u:r:platform_app:s0:c512,c768 tcontext=u:object_r:sdcardfs:s0 tclass=file
11-26 16:12:32.032 13681 13733 V FA      : Activity paused, time: 623472803
11-26 16:12:32.045 13681 13681 V ActivityThread: callActivityOnCreate
11-26 16:12:32.048 13681 13727 V FA      : onActivityCreated
11-26 16:12:32.077 14661 12930 V FA-SVC  : Logging event: origin=auto,name=user_engagement(_e),params=Bundle[{ga_event_origin(_o)=auto, engagement_time_msec(_et)=1627, ga_screen_class(_sc)=UserHome, ga_screen_id(_si)=-2147792260261290210}]
11-26 16:12:32.085  1427  6183 D ConnectivityService: get Network state from cache, cacheBlock is 0
11-26 16:12:32.085 14661 12930 V FA-SVC  : Upload scheduled in approximately ms: 998696
11-26 16:12:32.085 14661 12930 V FA-SVC  : Unscheduling upload
11-26 16:12:32.087 14661 12930 V FA-SVC  : Scheduling upload, millis: 998696
11-26 16:12:32.087 14661 12930 V FA-SVC  : Background event processing time, ms: 11
11-26 16:12:32.093  2465 12275 W NetworkScheduler: Error inserting flex_time=998000 job_id=-1 period=1998000 source=16 requires_charging=0 preferred_network_type=1 target_class=com.google.android.gms.measurement.PackageMeasurementTaskService user_id=0 target_package=com.google.android.gms tag=Measurement.PackageMeasurementTaskService.UPLOAD_TASK_TAG task_type=0 required_idleness_state=0 service_kind=0 source_version=213918000 persistence_level=1 preferred_charging_state=1 required_network_type=0 runtime=1637923352091 retry_strategy={"maximum_backoff_seconds":{"3600":0},"initial_backoff_seconds":{"30":0},"retry_policy":{"0":0}} last_runtime=0, error message: UNIQUE constraint failed: pending_ops.tag, pending_ops.target_class, pending_ops.target_package, pending_ops.user_id (Sqlite code 2067 SQLITE_CONSTRAINT_UNIQUE), (OS error - 2:No such file or directory) [CONTEXT service_id=218 ]
11-26 16:12:32.124  2149 12785 D HwRecentsTaskUtils: refreshToCache
11-26 16:12:32.124 13681 13681 D VAPT    : DownloadMasterData Decrypted USER CODE : mh21312345
11-26 16:12:32.124  2149 12785 D HwRecentsTaskUtils: searchFromDate
11-26 16:12:32.125  1427  6183 V ActivityManager: Successfully start provider ContentProviderRecord{6813552 u0 com.android.systemui/.recents.HwRecentsLockProdiver} launchingApp=null caller pid= 2149
11-26 16:12:32.126 13681 13681 D myactvity.mahyco.DownloadMasterdata: USER CODE Decrypted User code : mh213
11-26 16:12:32.128 13681 13681 D ActivityThread: add activity client record, r= ActivityRecord{212e7ed token=android.os.BinderProxy@b83ad38 {myactvity.mahyco/myactvity.mahyco.DownloadMasterdata}} token= android.os.BinderProxy@b83ad38
11-26 16:12:32.130  1953 31480 E HsmCoreServiceImpl: onTransact in code is: 103
11-26 16:12:32.131  1953 31480 I MediaProcessHandler: playingUids: 
11-26 16:12:32.140  1427  9128 E WindowManager: App trying to use insecure INPUT_FEATURE_NO_INPUT_CHANNEL flag. Ignoring
11-26 16:12:32.141  1427  9128 V WindowManager: addWindow: Window{6659578 u0 myactvity.mahyco/myactvity.mahyco.DownloadMasterdata}
11-26 16:12:32.143  1427  1499 W SecurityProfileService: Activity life state callback extras get package null!
11-26 16:12:32.144  1953  7004 D DollieActivityManagerAdapter: [Resumed] bg:false pid:13681 uid:10247 ComponentInfo{myactvity.mahyco/myactvity.mahyco.DownloadMasterdata}
11-26 16:12:32.144  1953  7004 E DollieAdapterService: notifyActivityState pkg:myactvity.mahyco/myactvity.mahyco.DownloadMasterdata state:2 fg:true mUid:10247
11-26 16:12:32.144  1427  1499 I HwAudioServiceEx: ComponentInfo : className = myactvity.mahyco.DownloadMasterdata, flag=onResume, isHomeActivity=, isTop=true
11-26 16:12:32.144 21354 27160 I HiAdKit.DC.PageSwitchMonitor:  call
11-26 16:12:32.144  4585  4604 I AppLifeChangeSensor: CAWARENESS: activityResumed componentName = ComponentInfo{myactvity.mahyco/myactvity.mahyco.DownloadMasterdata}
11-26 16:12:32.139 21354 21354 W PPS-FileLog-poo: type=1400 audit(0.0:320303): avc: granted { append } for pid=21354 name="HiAdKitDcLog.log" dev="sdcardfs" ino=4254 scontext=u:r:platform_app:s0:c512,c768 tcontext=u:object_r:sdcardfs:s0 tclass=file
11-26 16:12:32.143 21354 21354 W PPS-FileLog-poo: type=1400 audit(0.0:320304): avc: granted { append open } for pid=21354 path="/storage/emulated/0/Android/data/com.huawei.hwid/files/com.huawei.hms.ads/Log/HiAdKitDcLog.log" dev="sdcardfs" ino=4254 scontext=u:r:platform_app:s0:c512,c768 tcontext=u:object_r:sdcardfs:s0 tclass=file
11-26 16:12:32.148 21354 12947 I HiAdKit.DC.PageSwitchEvent:  switch is off
11-26 16:12:32.155 13681 13777 D HiTouch_PressGestureDetector: onAttached, package=myactvity.mahyco, windowType=1, mHiTouchRestricted=false
11-26 16:12:32.170 14661 12930 V FA-SVC  : Setting user property: user_id(_id), mh213
11-26 16:12:32.175  1427  1484 D ZrHung.AppEyeFocusWindow: FocusWindowErrorScene cancelCheckFreezeScreen
11-26 16:12:32.175  1427  1484 D ZrHung.AppEyeTransparentWindow: TransparentWindow mHungConfigStatus = 0,mHungConfigEnable = 1
11-26 16:12:32.176  1427  1489 I StatusBarDisable: setFlags what=0 which=1 pkg=Window{6659578 u0 myactvity.mahyco/myactvity.mahyco.DownloadMasterdata}
11-26 16:12:32.180 13681 13742 D mali_winsys: EGLint new_window_surface(egl_winsys_display *, void *, EGLSurface, EGLConfig, egl_winsys_surface **, EGLBoolean) returns 0x3000
11-26 16:12:32.180   574 22056 I netd    : trafficSwapActiveStatsMap() <19.21ms>
11-26 16:12:32.181  2104 20837 I DownloadState: singleUid: 10247 [myactvity.mahyco] speed: 1437 real speed: 1428 (rxB:5041 txB:2148 rxP:9 txP:14) scroff: false
11-26 16:12:32.183   595   595 I GRALLOC : getCallingPid=643, shrFd=10,fmt=0x1,intFmt=0x200000001,btStrd=4352,size=10399744,pid=595 
11-26 16:12:32.183   595   595 I GRALLOC : 	 yuv=2,w=1080,h=2340,Stride u=0 v=0,offset u=0 v=0 
11-26 16:12:32.183   595   595 I GRALLOC : 	 iova_size=10399744,conUsg=0xb00,proUsg=0xb00,	 strd=1088,[afbc]HdrStrd=1088 PyldStrd=69632 Scrmbl=2,ionhnd = 0 
11-26 16:12:32.189  2104 20837 I DownloadState: shareUid: 0 default_socket transmitting data speed : 16 bytes/s (rxB:40 txB:40 rxP:1 txP:1 iface:1) scroff: false
11-26 16:12:32.190   595   595 I GRALLOC : getCallingPid=643, shrFd=10,fmt=0x1,intFmt=0x200000001,btStrd=4352,size=10399744,pid=595 
11-26 16:12:32.190   595   595 I GRALLOC : 	 yuv=2,w=1080,h=2340,Stride u=0 v=0,offset u=0 v=0 
11-26 16:12:32.190   595   595 I GRALLOC : 	 iova_size=10399744,conUsg=0xb00,proUsg=0xb00,	 strd=1088,[afbc]HdrStrd=1088 PyldStrd=69632 Scrmbl=2,ionhnd = 0 
11-26 16:12:32.195   595  7308 I GRALLOC : getCallingPid=643, shrFd=12,fmt=0x1,intFmt=0x200000001,btStrd=4352,size=10399744,pid=595 
11-26 16:12:32.195   595  7308 I GRALLOC : 	 yuv=2,w=1080,h=2340,Stride u=0 v=0,offset u=0 v=0 
11-26 16:12:32.195   595  7308 I GRALLOC : 	 iova_size=10399744,conUsg=0xb00,proUsg=0xb00,	 strd=1088,[afbc]HdrStrd=1088 PyldStrd=69632 Scrmbl=2,ionhnd = 0 
11-26 16:12:32.204   856   978 D ScreemCommon: <LOGMGR> <complete_pm> [Entry]
11-26 16:12:32.208  1427  1492 I HwWindowManagerServiceEx: closing apps count = 1
11-26 16:12:32.209  1427  1492 D HwWindowManagerServiceEx: is app exit to launcher info: transit = 6, app = AppWindowToken{3941c7c token=Token{9a8b76f ActivityRecord{da1ea4e u0 myactvity.mahyco/.UserHome t1489}}}, window = Window{4c45c39 u0 myactvity.mahyco/myactvity.mahyco.UserHome}, mClosingApps = {AppWindowToken{3941c7c token=Token{9a8b76f ActivityRecord{da1ea4e u0 myactvity.mahyco/.UserHome t1489}}}}, topOpeningApp = AppWindowToken{9fb3c8c token=Token{6570dbf ActivityRecord{77567de u0 myactvity.mahyco/.DownloadMasterdata t1489}}}, mExitIconBitmap = null, mExitIconHeight = -1, mExitIconWidth = -1
11-26 16:12:32.209  1427  1492 E WindowManager: icon is null!!
11-26 16:12:32.212  1427  1492 D HwWindowManagerServiceEx: is app exit to launcher info: transit = 6, app = AppWindowToken{9fb3c8c token=Token{6570dbf ActivityRecord{77567de u0 myactvity.mahyco/.DownloadMasterdata t1489}}}, window = Window{6659578 u0 myactvity.mahyco/myactvity.mahyco.DownloadMasterdata}, mClosingApps = {AppWindowToken{3941c7c token=Token{9a8b76f ActivityRecord{da1ea4e u0 myactvity.mahyco/.UserHome t1489}}}}, topOpeningApp = AppWindowToken{9fb3c8c token=Token{6570dbf ActivityRecord{77567de u0 myactvity.mahyco/.DownloadMasterdata t1489}}}, mExitIconBitmap = null, mExitIconHeight = -1, mExitIconWidth = -1
11-26 16:12:32.212  1427  1492 E WindowManager: icon is null!!
11-26 16:12:32.215   830   858 D AwareLog: iawared: WorkingsetProcessCommand subCmd = 351, userId=10247, pid=13681, myactvity.mahyco/.DownloadMasterdata
11-26 16:12:32.216   830   858 D AwareLog: iawared: WorkingsetPause myactvity.mahyco/.DownloadMasterdata
11-26 16:12:32.225 13681 13733 V FA      : Activity resumed, time: 623472919
11-26 16:12:32.228 14661 12930 V FA-SVC  : Logging event: origin=app,name=ce_download_data,params=Bundle[{item_name=PRAVIN DALVI(MDO), creative_name=ce_download_data, ga_event_origin(_o)=app, item_id=mh213}]
11-26 16:12:32.237  1427  1484 D ConnectivityService: get Network state from cache, cacheBlock is 0
11-26 16:12:32.237 14661 12930 V FA-SVC  : Upload scheduled in approximately ms: 998544
11-26 16:12:32.237 14661 12930 V FA-SVC  : Unscheduling upload
11-26 16:12:32.239 14661 12930 V FA-SVC  : Scheduling upload, millis: 998544
11-26 16:12:32.240 14661 12930 V FA-SVC  : Background event processing time, ms: 12
11-26 16:12:32.250  2465  8326 W NetworkScheduler: Error inserting flex_time=998000 job_id=-1 period=1998000 source=16 requires_charging=0 preferred_network_type=1 target_class=com.google.android.gms.measurement.PackageMeasurementTaskService user_id=0 target_package=com.google.android.gms tag=Measurement.PackageMeasurementTaskService.UPLOAD_TASK_TAG task_type=0 required_idleness_state=0 service_kind=0 source_version=213918000 persistence_level=1 preferred_charging_state=1 required_network_type=0 runtime=1637923352246 retry_strategy={"maximum_backoff_seconds":{"3600":0},"initial_backoff_seconds":{"30":0},"retry_policy":{"0":0}} last_runtime=0, error message: UNIQUE constraint failed: pending_ops.tag, pending_ops.target_class, pending_ops.target_package, pending_ops.user_id (Sqlite code 2067 SQLITE_CONSTRAINT_UNIQUE), (OS error - 2:No such file or directory) [CONTEXT service_id=218 ]
11-26 16:12:32.268   856   978 D ScreemCommon: <LOGMGR> <complete_pm> [Entry]
11-26 16:12:32.276 14661 12930 V FA-SVC  : Logging event: origin=auto,name=screen_view(_vs),params=Bundle[{ga_event_origin(_o)=auto, ga_previous_class(_pc)=UserHome, ga_previous_id(_pi)=-2147792260261290210, ga_screen_class(_sc)=DownloadMasterdata, ga_screen_id(_si)=-809082004348071534}]
11-26 16:12:32.282  1427  9128 D ConnectivityService: get Network state from cache, cacheBlock is 0
11-26 16:12:32.283 14661 12930 V FA-SVC  : Upload scheduled in approximately ms: 998498
11-26 16:12:32.283 14661 12930 V FA-SVC  : Unscheduling upload
11-26 16:12:32.284 14661 12930 V FA-SVC  : Scheduling upload, millis: 998498
11-26 16:12:32.284 14661 12930 V FA-SVC  : Background event processing time, ms: 8
11-26 16:12:32.285  1953  6984 I NetworkQoe: checkAppStatInfoDelay:foreground app update already
11-26 16:12:32.289  2465 10332 W NetworkScheduler: Error inserting flex_time=998000 job_id=-1 period=1997000 source=16 requires_charging=0 preferred_network_type=1 target_class=com.google.android.gms.measurement.PackageMeasurementTaskService user_id=0 target_package=com.google.android.gms tag=Measurement.PackageMeasurementTaskService.UPLOAD_TASK_TAG task_type=0 required_idleness_state=0 service_kind=0 source_version=213918000 persistence_level=1 preferred_charging_state=1 required_network_type=0 runtime=1637923352287 retry_strategy={"maximum_backoff_seconds":{"3600":0},"initial_backoff_seconds":{"30":0},"retry_policy":{"0":0}} last_runtime=0, error message: UNIQUE constraint failed: pending_ops.tag, pending_ops.target_class, pending_ops.target_package, pending_ops.user_id (Sqlite code 2067 SQLITE_CONSTRAINT_UNIQUE), (OS error - 2:No such file or directory) [CONTEXT service_id=218 ]
11-26 16:12:32.407  1953  7002 D ConnCureStateMonitor: handleMessage: msg[4]
11-26 16:12:32.408  1953  7002 D ConnCureStateMonitor: canPerformConnCure: network is not in service.
11-26 16:12:32.452   643   732 E BufferQueueProducer: [myactvity.mahyco/myactvity.mahyco.UserHome#0]:1338: disconnect: not connected (req=1)
11-26 16:12:32.453 13681 13742 W libEGL  : EGLNativeWindowType 0x7bf4e23e90 disconnect failed
11-26 16:12:32.472   856   978 D ScreemCommon: <LOGMGR> <SceneEnd> [Entry]
11-26 16:12:32.472   856   978 D ScreemCommon: <LOGMGR> <SceneEnd> [scene status ok,status:1 lastId:38793155]
11-26 16:12:32.474 14661 13179 I SyncIntentOperation: Handling the intent: Intent { act=com.google.android.gms.chromesync.SCHEDULED_SYNC cat=[targeted_intent_op_prefix:.chromesync.sync.SyncIntentOperation] dat=content://com.google.android.gms.chromesync.sync.ChimeraSyncReceiverService/103880094333737678051 flg=0x4 hwFlg=0x900 cmp=com.google.android.gms/.chimera.GmsIntentOperationService (has extras) }. [CONTEXT service_id=80 ]
11-26 16:12:32.479  1427  1790 D ConnectivityService: get Network state from cache, cacheBlock is 0
11-26 16:12:32.481  1427  1790 I chatty  : uid=1000(system) SyncManager identical 1 line
11-26 16:12:32.481  1427  1790 D ConnectivityService: get Network state from cache, cacheBlock is 0
11-26 16:12:32.484  1427  6183 V WindowManager: notifyAppStopped: AppWindowToken{3941c7c token=Token{9a8b76f ActivityRecord{da1ea4e u0 myactvity.mahyco/.UserHome t1489}}}
11-26 16:12:32.484  1427  6183 E WindowManager: win=Window{4c45c39 u0 myactvity.mahyco/myactvity.mahyco.UserHome} destroySurfaces: appStopped=true win.mWindowRemovalAllowed=false win.mRemoveOnExit=false
11-26 16:12:32.490   856   978 D ScreemCommon: <LOGMGR> <complete_pm> [Entry]
11-26 16:12:32.490   856   978 D ScreemCommon: <LOGMGR> <SceneClose> [Entry]
11-26 16:12:32.490   856   978 D ScreemCommon: <LOGMGR> <SceneClose> [scene status ok,status:2 lastId:38793155]
11-26 16:12:32.491  1427  1790 D ConnectivityService: get Network state from cache, cacheBlock is 0
11-26 16:12:32.492  1427  1790 I SyncManager: dispatchSyncOperation:we are going to sync JobId=100900 XXXXXXXXX/ u0 (com.google u0 [com.google.android.gms.chromesync] USER ExpectedIn=0s EXPEDITED STANDBY-EXEMPTED(TOP) Reason=10121
11-26 16:12:32.503  1427  1790 D ConnectivityService: get Network state from cache, cacheBlock is 0
11-26 16:12:32.503  1427  1790 I SyncManager: run startSync:JobId=100900 XXXXXXXXX/ u0 (com.google u0 [com.google.android.gms.chromesync] USER ExpectedIn=0s EXPEDITED STANDBY-EXEMPTED(TOP) Reason=10121
11-26 16:12:32.507  1427  6183 V ActivityManager: Successfully start provider ContentProviderRecord{1767a19 u0 com.google.android.gsf/.subscribedfeeds.SubscribedFeedsProvider} launchingApp=null caller pid= 14661
11-26 16:12:32.536  2465  6668 E AuthPII : [GoogleAccountDataServiceImpl] getToken() -> BAD_AUTHENTICATION. Account: Account {name=XXXXXXXXX, type=com.google}, App: com.google.android.gms, Service: oauth2:https://www.googleapis.com/auth/login_manager
11-26 16:12:32.536  2465  6668 E AuthPII : qvo: Long live credential not available.
11-26 16:12:32.536  2465  6668 E AuthPII : 	at gnf.a(:com.google.android.gms@213918039@21.39.18 (120408-407637301):8)
11-26 16:12:32.536  2465  6668 E AuthPII : 	at com.google.android.gms.ads.internal.mediation.client.rtb.h.Q(:com.google.android.gms@213918039@21.39.18 (120408-407637301):1)
11-26 16:12:32.536  2465  6668 E AuthPII : 	at gmc.m(:com.google.android.gms@213918039@21.39.18 (120408-407637301):111)
11-26 16:12:32.536  2465  6668 E AuthPII : 	at dne.m(:com.google.android.gms@213918039@21.39.18 (120408-407637301):32)
11-26 16:12:32.536  2465  6668 E AuthPII : 	at dne.h(:com.google.android.gms@213918039@21.39.18 (120408-407637301):42)
11-26 16:12:32.536  2465  6668 E AuthPII : 	at dne.ii(:com.google.android.gms@213918039@21.39.18 (120408-407637301):5)
11-26 16:12:32.536  2465  6668 E AuthPII : 	at dkt.onTransact(:com.google.android.gms@213918039@21.39.18 (120408-407637301):5)
11-26 16:12:32.536  2465  6668 E AuthPII : 	at android.os.Binder.transact(Binder.java:921)
11-26 16:12:32.536  2465  6668 E AuthPII : 	at dpr.onTransact(:com.google.android.gms@213918039@21.39.18 (120408-407637301):2)
11-26 16:12:32.536  2465  6668 E AuthPII : 	at android.os.Binder.transact(Binder.java:921)
