11-26 16:12:32.536  2465  6668 E AuthPII : 	at xwq.onTransact(:com.google.android.gms@213918039@21.39.18 (120408-407637301):17)
11-26 16:12:32.536  2465  6668 E AuthPII : 	at android.os.Binder.execTransactInternal(Binder.java:1028)
11-26 16:12:32.536  2465  6668 E AuthPII : 	at android.os.Binder.execTransact(Binder.java:1001)
11-26 16:12:32.537  2465  6668 E AuthPII : Message is Long live credential not available.
11-26 16:12:32.537  2465  6668 E AuthPII : qvo: Long live credential not available.
11-26 16:12:32.537  2465  6668 E AuthPII : 	at gnf.a(:com.google.android.gms@213918039@21.39.18 (120408-407637301):8)
11-26 16:12:32.537  2465  6668 E AuthPII : 	at com.google.android.gms.ads.internal.mediation.client.rtb.h.Q(:com.google.android.gms@213918039@21.39.18 (120408-407637301):1)
11-26 16:12:32.537  2465  6668 E AuthPII : 	at gmc.m(:com.google.android.gms@213918039@21.39.18 (120408-407637301):111)
11-26 16:12:32.537  2465  6668 E AuthPII : 	at dne.m(:com.google.android.gms@213918039@21.39.18 (120408-407637301):32)
11-26 16:12:32.537  2465  6668 E AuthPII : 	at dne.h(:com.google.android.gms@213918039@21.39.18 (120408-407637301):42)
11-26 16:12:32.537  2465  6668 E AuthPII : 	at dne.ii(:com.google.android.gms@213918039@21.39.18 (120408-407637301):5)
11-26 16:12:32.537  2465  6668 E AuthPII : 	at dkt.onTransact(:com.google.android.gms@213918039@21.39.18 (120408-407637301):5)
11-26 16:12:32.537  2465  6668 E AuthPII : 	at android.os.Binder.transact(Binder.java:921)
11-26 16:12:32.537  2465  6668 E AuthPII : 	at dpr.onTransact(:com.google.android.gms@213918039@21.39.18 (120408-407637301):2)
11-26 16:12:32.537  2465  6668 E AuthPII : 	at android.os.Binder.transact(Binder.java:921)
11-26 16:12:32.537  2465  6668 E AuthPII : 	at xwq.onTransact(:com.google.android.gms@213918039@21.39.18 (120408-407637301):17)
11-26 16:12:32.537  2465  6668 E AuthPII : 	at android.os.Binder.execTransactInternal(Binder.java:1028)
11-26 16:12:32.537  2465  6668 E AuthPII : 	at android.os.Binder.execTransact(Binder.java:1001)
11-26 16:12:32.537  2465  6668 W GetToken: [GetToken]GetToken failed with status code: BadAuthentication
11-26 16:12:32.552 14661 13778 W Auth    : [GoogleAuthUtil] GoogleAuthUtil
11-26 16:12:32.560   722   722 I aptouch_daemon: check_afe_status, idle in. 300
11-26 16:12:32.562  2465  7276 E AuthPII : [GoogleAccountDataServiceImpl] getToken() -> BAD_AUTHENTICATION. Account: Account {name=XXXXXXXXX, type=com.google}, App: com.google.android.gms, Service: oauth2:https://www.googleapis.com/auth/login_manager
11-26 16:12:32.562  2465  7276 E AuthPII : qvo: Long live credential not available.
11-26 16:12:32.562  2465  7276 E AuthPII : 	at gnf.a(:com.google.android.gms@213918039@21.39.18 (120408-407637301):8)
11-26 16:12:32.562  2465  7276 E AuthPII : 	at com.google.android.gms.ads.internal.mediation.client.rtb.h.Q(:com.google.android.gms@213918039@21.39.18 (120408-407637301):1)
11-26 16:12:32.562  2465  7276 E AuthPII : 	at gmc.m(:com.google.android.gms@213918039@21.39.18 (120408-407637301):111)
11-26 16:12:32.562  2465  7276 E AuthPII : 	at dne.m(:com.google.android.gms@213918039@21.39.18 (120408-407637301):32)
11-26 16:12:32.562  2465  7276 E AuthPII : 	at dne.h(:com.google.android.gms@213918039@21.39.18 (120408-407637301):42)
11-26 16:12:32.562  2465  7276 E AuthPII : 	at dne.ii(:com.google.android.gms@213918039@21.39.18 (120408-407637301):5)
11-26 16:12:32.562  2465  7276 E AuthPII : 	at dkt.onTransact(:com.google.android.gms@213918039@21.39.18 (120408-407637301):5)
11-26 16:12:32.562  2465  7276 E AuthPII : 	at android.os.Binder.transact(Binder.java:921)
11-26 16:12:32.562  2465  7276 E AuthPII : 	at dpr.onTransact(:com.google.android.gms@213918039@21.39.18 (120408-407637301):2)
11-26 16:12:32.562  2465  7276 E AuthPII : 	at android.os.Binder.transact(Binder.java:921)
11-26 16:12:32.562  2465  7276 E AuthPII : 	at xwq.onTransact(:com.google.android.gms@213918039@21.39.18 (120408-407637301):17)
11-26 16:12:32.562  2465  7276 E AuthPII : 	at android.os.Binder.execTransactInternal(Binder.java:1028)
11-26 16:12:32.562  2465  7276 E AuthPII : 	at android.os.Binder.execTransact(Binder.java:1001)
11-26 16:12:32.562  2465  7276 E AuthPII : Message is Long live credential not available.
11-26 16:12:32.562  2465  7276 E AuthPII : qvo: Long live credential not available.
11-26 16:12:32.562  2465  7276 E AuthPII : 	at gnf.a(:com.google.android.gms@213918039@21.39.18 (120408-407637301):8)
11-26 16:12:32.562  2465  7276 E AuthPII : 	at com.google.android.gms.ads.internal.mediation.client.rtb.h.Q(:com.google.android.gms@213918039@21.39.18 (120408-407637301):1)
11-26 16:12:32.562  2465  7276 E AuthPII : 	at gmc.m(:com.google.android.gms@213918039@21.39.18 (120408-407637301):111)
11-26 16:12:32.562  2465  7276 E AuthPII : 	at dne.m(:com.google.android.gms@213918039@21.39.18 (120408-407637301):32)
11-26 16:12:32.562  2465  7276 E AuthPII : 	at dne.h(:com.google.android.gms@213918039@21.39.18 (120408-407637301):42)
11-26 16:12:32.562  2465  7276 E AuthPII : 	at dne.ii(:com.google.android.gms@213918039@21.39.18 (120408-407637301):5)
11-26 16:12:32.562  2465  7276 E AuthPII : 	at dkt.onTransact(:com.google.android.gms@213918039@21.39.18 (120408-407637301):5)
11-26 16:12:32.562  2465  7276 E AuthPII : 	at android.os.Binder.transact(Binder.java:921)
11-26 16:12:32.562  2465  7276 E AuthPII : 	at dpr.onTransact(:com.google.android.gms@213918039@21.39.18 (120408-407637301):2)
11-26 16:12:32.562  2465  7276 E AuthPII : 	at android.os.Binder.transact(Binder.java:921)
11-26 16:12:32.562  2465  7276 E AuthPII : 	at xwq.onTransact(:com.google.android.gms@213918039@21.39.18 (120408-407637301):17)
11-26 16:12:32.562  2465  7276 E AuthPII : 	at android.os.Binder.execTransactInternal(Binder.java:1028)
11-26 16:12:32.562  2465  7276 E AuthPII : 	at android.os.Binder.execTransact(Binder.java:1001)
11-26 16:12:32.562  2465  7276 W GetToken: [GetToken]GetToken failed with status code: BadAuthentication
11-26 16:12:32.584 14661 13778 W Auth    : [GoogleAuthUtil] GoogleAuthUtil
11-26 16:12:32.594  1427  9128 W HwAlarmManagerService: isContainsAppUidInWorksource-->happend NameNotFoundException
11-26 16:12:32.604 14661 13778 W SyncAdapter: Failed to sync. [CONTEXT service_id=80 ]
11-26 16:12:32.604 14661 13778 W SyncAdapter: pzk: com.google.android.gms.auth.UserRecoverableAuthException: BadAuthentication
11-26 16:12:32.604 14661 13778 W SyncAdapter: 	at aewl.j(:com.google.android.gms@213918039@21.39.18 (120408-407637301):28)
11-26 16:12:32.604 14661 13778 W SyncAdapter: 	at qco.a(:com.google.android.gms@213918039@21.39.18 (120408-407637301):41)
11-26 16:12:32.604 14661 13778 W SyncAdapter: 	at qcl.b(:com.google.android.gms@213918039@21.39.18 (120408-407637301):14)
11-26 16:12:32.604 14661 13778 W SyncAdapter: 	at rnj.onPerformSync(:com.google.android.gms@213918039@21.39.18 (120408-407637301):4)
11-26 16:12:32.604 14661 13778 W SyncAdapter: 	at android.content.AbstractThreadedSyncAdapter$SyncThread.run(AbstractThreadedSyncAdapter.java:334)
11-26 16:12:32.604 14661 13778 W SyncAdapter: Caused by: com.google.android.gms.auth.UserRecoverableAuthException: BadAuthentication
11-26 16:12:32.604 14661 13778 W SyncAdapter: 	at gjk.q(:com.google.android.gms@213918039@21.39.18 (120408-407637301):3)
11-26 16:12:32.604 14661 13778 W SyncAdapter: 	at gjd.a(:com.google.android.gms@213918039@21.39.18 (120408-407637301):6)
11-26 16:12:32.604 14661 13778 W SyncAdapter: 	at gjk.s(:com.google.android.gms@213918039@21.39.18 (120408-407637301):4)
11-26 16:12:32.604 14661 13778 W SyncAdapter: 	at gjk.r(:com.google.android.gms@213918039@21.39.18 (120408-407637301):15)
11-26 16:12:32.604 14661 13778 W SyncAdapter: 	at gjk.w(:com.google.android.gms@213918039@21.39.18 (120408-407637301):0)
11-26 16:12:32.604 14661 13778 W SyncAdapter: 	at gjc.g(:com.google.android.gms@213918039@21.39.18 (120408-407637301):0)
11-26 16:12:32.604 14661 13778 W SyncAdapter: 	at rku.b(:com.google.android.gms@213918039@21.39.18 (120408-407637301):0)
11-26 16:12:32.604 14661 13778 W SyncAdapter: 	at rjt.x(:com.google.android.gms@213918039@21.39.18 (120408-407637301):4)
11-26 16:12:32.604 14661 13778 W SyncAdapter: 	at rkd.e(:com.google.android.gms@213918039@21.39.18 (120408-407637301):2)
11-26 16:12:32.604 14661 13778 W SyncAdapter: 	at aewl.j(:com.google.android.gms@213918039@21.39.18 (120408-407637301):26)
11-26 16:12:32.604 14661 13778 W SyncAdapter: 	... 4 more
11-26 16:12:32.594  1427  9128 W HwAlarmManagerService: isContainsAppUidInWorksource-->happend NameNotFoundException
11-26 16:12:32.606  1427  1790 D ConnectivityService: get Network state from cache, cacheBlock is 0
11-26 16:12:33.096   820   820 E Thermal-daemon: [ap] temp_new :34  temp_old :33
11-26 16:12:33.098   820   820 E Thermal-daemon: Report temperature: [ap] temp :34  report_threshold:1
11-26 16:12:33.136  1427  1669 I TrafficMonitor: update:rxPkts:2,txPkts:1,rxBytes:323,txBytes:40
11-26 16:12:33.137  1427  1669 I TrafficMonitor: start expired. level:-1
11-26 16:12:33.137  1427  1669 I TrafficMonitor: gettimer:interval=2000
11-26 16:12:33.621  1427  1670 E WificondControl: Noise: 0, Snr: 0, Chload: -1
11-26 16:12:33.625  1427  1781 D HuaweiWifiWatchdogStateMachine: nothing to do
11-26 16:12:33.625  1427 13786 I HwUidTcpMonitor: TcpStatisticsRun run
11-26 16:12:33.626  1427 13786 I HwWifiProServiceProxy: ctrlHwWifiNetwork pkgName: WIFIPRO_SERVICE interfaceId: 79
11-26 16:12:33.626  1427  1781 D HuaweiWifiWatchdogStateMachine: high data flow: protection_counter = 0,  not_detect_counter = 76
11-26 16:12:33.626  1427  1781 D HuaweiWifiWatchdogStateMachine: high data flow scenario: 0 --> 0 rx bytes =39KB
11-26 16:12:33.626  1427  1781 I HuaweiWifiWatchdogStateMachine: POta txb txg rxg:0, 14, 0. Lr =0% Totpkt=14
11-26 16:12:33.626  1427  1669 D WiFi_PRO: MSG_RETURN_AP_CURRY_RSSI rssi = -68
11-26 16:12:33.626  1427  1669 I QosMonitor: queryRtt: rttType = 3
11-26 16:12:33.626  1427  1669 I HwWifiProServiceProxy: ctrlHwWifiNetwork pkgName: WIFIPRO_SERVICE interfaceId: 8
11-26 16:12:33.626  1427 13787 I HwWifiProServiceProxy: TcpStatisticsRun run
11-26 16:12:33.627  1427  1669 I QosMonitor: postEventFromNative: msg=100,arg1=4,arg2=10
11-26 16:12:33.628  1427  1669 I HwWifiProServiceProxy: ctrlHwWifiNetwork pkgName: WIFIPRO_SERVICE interfaceId: 8
11-26 16:12:33.628  1427 13787 D HwWifiConnectivityMonitor: ENTER: notifyTopUidDnsInfo, dnsFailCount = 1
11-26 16:12:33.628  1427  1669 I QosMonitor: postEventFromNative: msg=100,arg1=0,arg2=10
11-26 16:12:33.628  1427  1669 I MQoS    : rtt=116,tcpTxPkts=165447,tcpRxPkts=166376
11-26 16:12:33.628  1427  6341 D ConnectivityService: get Network state from cache, cacheBlock is 0
11-26 16:12:33.633  1427  1781 I HuaweiWifiWatchdogStateMachine: PTcp RTT:0, rtt pkt=0, tcp_rx=0, tcp_tx=0, tcp_reTran=0, rtRate=0
11-26 16:12:33.633  1427  1781 D HuaweiWifiWatchdogStateMachine: rssi bad, mrssi=-68 < TargetRssi=-58
11-26 16:12:33.634  1427  6341 I MQoS    : QOS_level:0(0),wifi-link;SIM error;use level-0
11-26 16:12:33.634  1427  6341 I MQoS    : skip-low-Level:0(0),wifi-link;SIM error;use level-0
11-26 16:12:34.216   830   858 D AwareLog: iawared: WorkingsetProcessCommand subCmd = 357, userId=10247, pid=13681, myactvity.mahyco/.DownloadMasterdata
11-26 16:12:34.217   830   858 D AwareLog: iawared: WorkingsetPauseCollect myactvity.mahyco/.DownloadMasterdata
11-26 16:12:34.390   722   722 I aptouch_daemon: check_afe_status, idle out.
11-26 16:12:34.394 30204 30204 W adbd    : timeout expired while flushing socket, closing
11-26 16:12:34.400   722   722 I aptouch_daemon: print_log, touch:1, down:1 (+0)
11-26 16:12:34.403  1427  1653 I HwFingersSnapshooter: handleMotionEvent first finger(0) touch down at (654.0,326.0)
11-26 16:12:34.408 13681 13681 W Settings: Setting device_provisioned has moved from android.provider.Settings.Secure to android.provider.Settings.Global.
11-26 16:12:34.409 13681 13681 V HiTouch_HiTouchSensor: User setup is finished.
11-26 16:12:34.540   722   722 I aptouch_daemon: print_log, touch:0, down:0 
11-26 16:12:34.542  1427  1653 I HwFingersSnapshooter: handleMotionEvent last finger(0) up 
11-26 16:12:34.552 13681 13681 V AudioManager: querySoundEffectsEnabled...
11-26 16:12:34.560 13681 13681 D VAPT    : Calling function  Downloadmaster() ----------------------------
11-26 16:12:34.561  1427  9128 D HwConnectivityServiceEx: set cache by key is 10247 interfaceName iswlan0 value is false
11-26 16:12:34.572 13681 13681 D VAPT    : Calling function  MDOMasterData() ----------------------------
11-26 16:12:34.643  1427  9128 E WindowManager: App trying to use insecure INPUT_FEATURE_NO_INPUT_CHANNEL flag. Ignoring
11-26 16:12:34.646  1427  9128 D ZrHung.AppEyeTransparentWindow: TransparentWindow cancelCheckFreezeScreen
11-26 16:12:34.646  1427  9128 D ZrHung.AppEyeTransparentWindow: TransparentWindow mHungConfigStatus = 0,mHungConfigEnable = 1
11-26 16:12:34.646  1427  9128 V WindowManager: addWindow: Window{6faaefa u0 myactvity.mahyco/myactvity.mahyco.DownloadMasterdata}
11-26 16:12:34.647 13681 13750 D VAPT    : Calling API: https://wap.mahyco.com/api/postSeason/mdoVerify_user
11-26 16:12:34.648 13681 13750 D VAPT    : Calling JSON OBJECT: {"Table":{"username":"mh21312345","sapcode":5,"password":""}}
11-26 16:12:34.648 13681 13750 D VAPT    : Calling ACCESS TOKEN: MXLmvLemxlWsz1D2BZ5rmLLWsURuI8kebjUWe7bzCti1_xAE0kGnc9lj9kHFDHe7KVWv5AdPHw-TiLQDgPEHOk4nNXYkrA6e9F1nTUlRUpZCMmI0wybItAh2hEQ4-DchFIdJ_oDx8GUBpnlxB8sAn3PHGDoTk-XV9KFIEIfWIJPgLmgEaa8S-HiueSoBur17p-uoLy3F5zYlFSfgUhDEGrjg5vkdjB5vFNFHjoLdwvM
11-26 16:12:34.648 13681 13750 I JSONPOSTBEGIN: Beginning of JSON POST
11-26 16:12:34.648 13681 13750 D URL :   : https://wap.mahyco.com/api/postSeason/mdoVerify_user
11-26 16:12:34.648 13681 13750 D TOKEN : : MXLmvLemxlWsz1D2BZ5rmLLWsURuI8kebjUWe7bzCti1_xAE0kGnc9lj9kHFDHe7KVWv5AdPHw-TiLQDgPEHOk4nNXYkrA6e9F1nTUlRUpZCMmI0wybItAh2hEQ4-DchFIdJ_oDx8GUBpnlxB8sAn3PHGDoTk-XV9KFIEIfWIJPgLmgEaa8S-HiueSoBur17p-uoLy3F5zYlFSfgUhDEGrjg5vkdjB5vFNFHjoLdwvM
11-26 16:12:34.648 13681 13750 D JSON OBJECT :: https://wap.mahyco.com/api/postSeason/mdoVerify_user : {"Table":{"username":"mh21312345","sapcode":5,"password":""}}
11-26 16:12:34.656 13681 13788 D HiTouch_PressGestureDetector: onAttached, package=myactvity.mahyco, windowType=2, mHiTouchRestricted=false
11-26 16:12:34.664  1427  9128 I WindowManager: relayoutVisibleWindow: set isFormatChanged
11-26 16:12:34.671 13681 13742 D mali_winsys: EGLint new_window_surface(egl_winsys_display *, void *, EGLSurface, EGLConfig, egl_winsys_surface **, EGLBoolean) returns 0x3000
11-26 16:12:34.673   595   595 I GRALLOC : getCallingPid=643, shrFd=10,fmt=0x1,intFmt=0x1,btStrd=5120,size=2764800,pid=595 
11-26 16:12:34.673   595   595 I GRALLOC : 	 yuv=2,w=1218,h=540,Stride u=0 v=0,offset u=0 v=0 
11-26 16:12:34.673   595   595 I GRALLOC : 	 iova_size=2764800,conUsg=0xb00,proUsg=0xb00,	 strd=1280,[afbc]HdrStrd=0 PyldStrd=0 Scrmbl=0,ionhnd = 0 
11-26 16:12:34.675   595   595 I GRALLOC : getCallingPid=643, shrFd=10,fmt=0x1,intFmt=0x1,btStrd=5120,size=2764800,pid=595 
11-26 16:12:34.675   595   595 I GRALLOC : 	 yuv=2,w=1218,h=540,Stride u=0 v=0,offset u=0 v=0 
11-26 16:12:34.675   595   595 I GRALLOC : 	 iova_size=2764800,conUsg=0xb00,proUsg=0xb00,	 strd=1280,[afbc]HdrStrd=0 PyldStrd=0 Scrmbl=0,ionhnd = 0 
11-26 16:12:34.676   595  7308 I GRALLOC : getCallingPid=643, shrFd=12,fmt=0x1,intFmt=0x1,btStrd=5120,size=2764800,pid=595 
11-26 16:12:34.676   595  7308 I GRALLOC : 	 yuv=2,w=1218,h=540,Stride u=0 v=0,offset u=0 v=0 
11-26 16:12:34.676   595  7308 I GRALLOC : 	 iova_size=2764800,conUsg=0xb00,proUsg=0xb00,	 strd=1280,[afbc]HdrStrd=0 PyldStrd=0 Scrmbl=0,ionhnd = 0 
11-26 16:12:34.690 13681 13681 D AwareBitmapCacher: handleInit switch not opened pid=13681
11-26 16:12:34.704  1427  1489 I StatusBarDisable: setFlags what=0 which=1 pkg=Window{6faaefa u0 myactvity.mahyco/myactvity.mahyco.DownloadMasterdata}
11-26 16:12:34.764 13681 13750 D         : {"status":false,"message":"UnAuthorized User"}
11-26 16:12:34.764 13681 13750 D VAPT    : https://wap.mahyco.com/api/postSeason/mdoVerify_user :: 
11-26 16:12:34.764 13681 13750 D VAPT    : RESPONSE ::{"status":false,"message":"UnAuthorized User"}
11-26 16:12:34.764 13681 13750 I JSONPOSTEND: End of JSON data post methos...
11-26 16:12:34.764 13681 13750 D DISABLED: ======================userDisabledActions================================
11-26 16:12:34.765 13681 13750 D VAPT    : Getting https://wap.mahyco.com/api/postSeason/mdoVerify_user RESPONSE : 
11-26 16:12:34.765 13681 13681 D onReceive DISABLED: <<<<<<<<<<<<<<<< userDisabledActions >>>>>>>>>>>>>>>>>>>>>>>>>>>>>>>>>
11-26 16:12:34.766 13681 13681 D AndroidRuntime: Shutting down VM
11-26 16:12:34.766 13681 13681 I QarthLog: [PatchStore] createDisableExceptionQarthFile
11-26 16:12:34.766 13681 13681 I QarthLog: [PatchStore] create disable file for myactvity.mahyco uid is 10247
--------- beginning of crash
11-26 16:12:34.769 13681 13681 E AndroidRuntime: FATAL EXCEPTION: main
11-26 16:12:34.769 13681 13681 E AndroidRuntime: Process: myactvity.mahyco, PID: 13681
11-26 16:12:34.769 13681 13681 E AndroidRuntime: android.util.AndroidRuntimeException: Calling startActivity() from outside of an Activity  context requires the FLAG_ACTIVITY_NEW_TASK flag. Is this really what you want?
11-26 16:12:34.769 13681 13681 E AndroidRuntime: 	at android.app.ContextImpl.startActivity(ContextImpl.java:1031)
11-26 16:12:34.769 13681 13681 E AndroidRuntime: 	at android.app.ContextImpl.startActivity(ContextImpl.java:1000)
11-26 16:12:34.769 13681 13681 E AndroidRuntime: 	at android.content.ContextWrapper.startActivity(ContextWrapper.java:383)
11-26 16:12:34.769 13681 13681 E AndroidRuntime: 	at myactvity.mahyco.app.UserDisabledBroadcastReceiver.onReceive(UserDisabledBroadcastReceiver.java:17)
11-26 16:12:34.769 13681 13681 E AndroidRuntime: 	at androidx.localbroadcastmanager.content.LocalBroadcastManager.executePendingBroadcasts(LocalBroadcastManager.java:313)
11-26 16:12:34.769 13681 13681 E AndroidRuntime: 	at androidx.localbroadcastmanager.content.LocalBroadcastManager$1.handleMessage(LocalBroadcastManager.java:121)
11-26 16:12:34.769 13681 13681 E AndroidRuntime: 	at android.os.Handler.dispatchMessage(Handler.java:107)
11-26 16:12:34.769 13681 13681 E AndroidRuntime: 	at android.os.Looper.loop(Looper.java:213)
11-26 16:12:34.769 13681 13681 E AndroidRuntime: 	at android.app.ActivityThread.main(ActivityThread.java:8178)
11-26 16:12:34.769 13681 13681 E AndroidRuntime: 	at java.lang.reflect.Method.invoke(Native Method)
11-26 16:12:34.769 13681 13681 E AndroidRuntime: 	at com.android.internal.os.RuntimeInit$MethodAndArgsCaller.run(RuntimeInit.java:513)
11-26 16:12:34.769 13681 13681 E AndroidRuntime: 	at com.android.internal.os.ZygoteInit.main(ZygoteInit.java:1101)
11-26 16:12:34.770 13681 13681 E UncaughtException: 
11-26 16:12:34.770 13681 13681 E UncaughtException: android.util.AndroidRuntimeException: Calling startActivity() from outside of an Activity  context requires the FLAG_ACTIVITY_NEW_TASK flag. Is this really what you want?
11-26 16:12:34.770 13681 13681 E UncaughtException: 	at android.app.ContextImpl.startActivity(ContextImpl.java:1031)
11-26 16:12:34.770 13681 13681 E UncaughtException: 	at android.app.ContextImpl.startActivity(ContextImpl.java:1000)
11-26 16:12:34.770 13681 13681 E UncaughtException: 	at android.content.ContextWrapper.startActivity(ContextWrapper.java:383)
11-26 16:12:34.770 13681 13681 E UncaughtException: 	at myactvity.mahyco.app.UserDisabledBroadcastReceiver.onReceive(UserDisabledBroadcastReceiver.java:17)
11-26 16:12:34.770 13681 13681 E UncaughtException: 	at androidx.localbroadcastmanager.content.LocalBroadcastManager.executePendingBroadcasts(LocalBroadcastManager.java:313)
11-26 16:12:34.770 13681 13681 E UncaughtException: 	at androidx.localbroadcastmanager.content.LocalBroadcastManager$1.handleMessage(LocalBroadcastManager.java:121)
11-26 16:12:34.770 13681 13681 E UncaughtException: 	at android.os.Handler.dispatchMessage(Handler.java:107)
11-26 16:12:34.770 13681 13681 E UncaughtException: 	at android.os.Looper.loop(Looper.java:213)
11-26 16:12:34.770 13681 13681 E UncaughtException: 	at android.app.ActivityThread.main(ActivityThread.java:8178)
11-26 16:12:34.770 13681 13681 E UncaughtException: 	at java.lang.reflect.Method.invoke(Native Method)
11-26 16:12:34.770 13681 13681 E UncaughtException: 	at com.android.internal.os.RuntimeInit$MethodAndArgsCaller.run(RuntimeInit.java:513)
11-26 16:12:34.770 13681 13681 E UncaughtException: 	at com.android.internal.os.ZygoteInit.main(ZygoteInit.java:1101)
11-26 16:12:34.772  1427 13789 I QarthDisFileCreator: pattern not match
11-26 16:12:34.820 14661 12930 V FA-SVC  : Logging event: origin=crash,name=app_exception(_ae),params=Bundle[{ga_event_origin(_o)=crash, engagement_time_msec(_et)=2653, ga_screen_class(_sc)=DownloadMasterdata, ga_screen_id(_si)=-809082004348071534, timestamp=1637923354775, fatal=1}]
11-26 16:12:34.821 13681 13733 V FA      : Recording user engagement, ms: 2684
11-26 16:12:34.837  1427  1484 D HwConnectivityServiceEx: set cache by key is 10121 interfaceName iswlan0 value is false
11-26 16:12:34.838 14661 12930 V FA-SVC  : Upload scheduled in approximately ms: 995943
11-26 16:12:34.838 14661 12930 V FA-SVC  : Unscheduling upload
11-26 16:12:34.842 14661 12930 V FA-SVC  : Scheduling upload, millis: 995943
11-26 16:12:34.844 14661 12930 V FA-SVC  : Background event processing time, ms: 24
11-26 16:12:34.855  2465  8326 W NetworkScheduler: Error inserting flex_time=995000 job_id=-1 period=1992000 source=16 requires_charging=0 preferred_network_type=1 target_class=com.google.android.gms.measurement.PackageMeasurementTaskService user_id=0 target_package=com.google.android.gms tag=Measurement.PackageMeasurementTaskService.UPLOAD_TASK_TAG task_type=0 required_idleness_state=0 service_kind=0 source_version=213918000 persistence_level=1 preferred_charging_state=1 required_network_type=0 runtime=1637923354849 retry_strategy={"maximum_backoff_seconds":{"3600":0},"initial_backoff_seconds":{"30":0},"retry_policy":{"0":0}} last_runtime=0, error message: UNIQUE constraint failed: pending_ops.tag, pending_ops.target_class, pending_ops.target_package, pending_ops.user_id (Sqlite code 2067 SQLITE_CONSTRAINT_UNIQUE), (OS error - 2:No such file or directory) [CONTEXT service_id=218 ]
11-26 16:12:34.887  1981  1981 W StorageMonitorS: type=1400 audit(0.0:320307): avc: granted { getattr } for pid=1981 name="/" dev="sdcardfs" ino=127 scontext=u:r:system_app:s0 tcontext=u:object_r:sdcardfs:s0 tclass=filesystem
11-26 16:12:34.918   635   635 E WifiHAL : enter wifi_get_link_stats
11-26 16:12:34.923  1427  1670 E WificondControl: Noise: 0, Snr: 0, Chload: -1
11-26 16:12:34.928  1427  1679 D ConnectivityService: notifyType CALLBACK_CAP_CHANGED for NetworkAgentInfo [WIFI () - 119]
11-26 16:12:34.929  1427  1690 D ConnectivityService: get Network state from cache, cacheBlock is 0
11-26 16:12:34.929  1427  1670 V HwWifiServiceFactory: get AllImpl object = com.android.server.wifi.HwWifiServiceFactoryImpl@100db3e
11-26 16:12:34.929  1427  1690 D ConnectivityService: get Network state from cache, cacheBlock is 0
11-26 16:12:34.929  1427  1690 D HwConnectivityServiceEx: set cache by key is 10146 interfaceName iswlan0 value is true
11-26 16:12:34.929  1427  1690 D ConnectivityService: ActiveNetwork is blocked, uid = 10146, ignoreBlocked = false
11-26 16:12:34.931  1427  1690 D HwConnectivityServiceEx: set cache by key is 10144 interfaceName iswlan0 value is true
11-26 16:12:34.931  1427  1690 D ConnectivityService: ActiveNetwork is blocked, uid = 10144, ignoreBlocked = false
11-26 16:12:34.936  1427  1777 D HwWifiConnectivityMonitor: signal level changed: 3 --> 4, 802.11v = false
11-26 16:12:34.937  1427  1778 I HwWifiProServiceProxy: ctrlHwWifiNetwork pkgName: WIFIPRO_SERVICE interfaceId: 9
11-26 16:12:34.938  1427  1669 I QosMonitor: queryRtt: rttType = 3
11-26 16:12:34.938  1427  1669 I HwWifiProServiceProxy: ctrlHwWifiNetwork pkgName: WIFIPRO_SERVICE interfaceId: 8
11-26 16:12:34.940  1427  1488 D HwConnectivityServiceEx: set cache by key is 1000 interfaceName iswlan0 value is false
11-26 16:12:34.932  1427  1690 D HwConnectivityServiceEx: set cache by key is 10143 interfaceName iswlan0 value is false
11-26 16:12:34.942  1427  1690 D ConnectivityService: get Network state from cache, cacheBlock is 0
11-26 16:12:34.942  1427  1690 I chatty  : uid=1000(system) ConnectivityThr identical 5 lines
11-26 16:12:34.943  1427  1690 D ConnectivityService: get Network state from cache, cacheBlock is 0
11-26 16:12:34.943  1427  1690 D HwConnectivityServiceEx: set cache by key is 10141 interfaceName iswlan0 value is true
11-26 16:12:34.943  1427  1690 D ConnectivityService: ActiveNetwork is blocked, uid = 10141, ignoreBlocked = false
11-26 16:12:34.943  1427  1690 D HwConnectivityServiceEx: set cache by key is 10138 interfaceName iswlan0 value is true
11-26 16:12:34.943  1427  1669 I QosMonitor: postEventFromNative: msg=100,arg1=4,arg2=10
11-26 16:12:34.943  1427  1690 D ConnectivityService: ActiveNetwork is blocked, uid = 10138, ignoreBlocked = false
11-26 16:12:34.943  1427  1690 D HwConnectivityServiceEx: set cache by key is 10136 interfaceName iswlan0 value is true
11-26 16:12:34.943  1427  1690 D ConnectivityService: ActiveNetwork is blocked, uid = 10136, ignoreBlocked = false
11-26 16:12:34.943  1427  1690 D HwConnectivityServiceEx: set cache by key is 10135 interfaceName iswlan0 value is false
11-26 16:12:34.943  1427  1690 D ConnectivityService: get Network state from cache, cacheBlock is 0
11-26 16:12:34.943  1427  1690 D HwConnectivityServiceEx: set cache by key is 10128 interfaceName iswlan0 value is false
11-26 16:12:34.943  1427  1690 D ConnectivityService: get Network state from cache, cacheBlock is 0
11-26 16:12:34.944  1427  1690 D HwConnectivityServiceEx: set cache by key is 10127 interfaceName iswlan0 value is false
11-26 16:12:34.944  1427  1690 D ConnectivityService: get Network state from cache, cacheBlock is 0
11-26 16:12:34.944  1427  1690 I chatty  : uid=1000(system) ConnectivityThr identical 2 lines
11-26 16:12:34.944  1427  1690 D ConnectivityService: get Network state from cache, cacheBlock is 0
11-26 16:12:34.945  2127  2493 D Mapcon  : WifiLinkTracker: [onCapabilitiesChanged]enter
11-26 16:12:34.945  2127  2493 D Mapcon  : WifiLinkTracker: [handleWifiConnect]wifi has linked, ignore
11-26 16:12:34.949  1427  1736 D HwConnectivityServiceEx: set cache by key is 10126 interfaceName iswlan0 value is false
11-26 16:12:34.952  1427  6183 D ConnectivityService: get Network state from cache, cacheBlock is 0
11-26 16:12:34.953  1427  1690 D HwConnectivityServiceEx: set cache by key is 10126 interfaceName iswlan0 value is false
11-26 16:12:34.954  1427  1690 D ConnectivityService: get Network state from cache, cacheBlock is 0
11-26 16:12:34.954  1427  1736 D ConnectivityService: get Network state from cache, cacheBlock is 0
11-26 16:12:34.954  1427  1690 D ConnectivityService: get Network state from cache, cacheBlock is 0
11-26 16:12:34.954  1427  1690 I chatty  : uid=1000(system) ConnectivityThr identical 1 line
11-26 16:12:34.954  1427  1690 D ConnectivityService: get Network state from cache, cacheBlock is 0
11-26 16:12:34.955  1427  9128 D ConnectivityService: get Network state from cache, cacheBlock is 0
11-26 16:12:34.955  1427  1736 D HwConnectivityServiceEx: set cache by key is 10115 interfaceName iswlan0 value is false
11-26 16:12:34.956  1427  1690 D ConnectivityService: get Network state from cache, cacheBlock is 0
11-26 16:12:34.957  1427  1690 I chatty  : uid=1000(system) ConnectivityThr identical 26 lines
11-26 16:12:34.957  1427  1690 D ConnectivityService: get Network state from cache, cacheBlock is 0
11-26 16:12:34.957  1427  1690 D HwConnectivityServiceEx: set cache by key is 10124 interfaceName iswlan0 value is false
11-26 16:12:34.957  1427  1690 D ConnectivityService: get Network state from cache, cacheBlock is 0
11-26 16:12:34.958  1427  1690 D ConnectivityService: get Network state from cache, cacheBlock is 0
11-26 16:12:34.958  1427  1736 D ConnectivityService: get Network state from cache, cacheBlock is 0
11-26 16:12:34.958  1427  1690 D ConnectivityService: get Network state from cache, cacheBlock is 0
11-26 16:12:34.958  1427  1690 I chatty  : uid=1000(system) ConnectivityThr identical 6 lines
11-26 16:12:34.958  1427  1690 D ConnectivityService: get Network state from cache, cacheBlock is 0
11-26 16:12:34.958  1427  1690 D HwConnectivityServiceEx: set cache by key is 10089 interfaceName iswlan0 value is false
11-26 16:12:34.958  1427  1736 D ConnectivityService: get Network state from cache, cacheBlock is 0
11-26 16:12:34.958  1427  1690 D ConnectivityService: get Network state from cache, cacheBlock is 0
11-26 16:12:34.958  1427  1690 I chatty  : uid=1000(system) ConnectivityThr identical 2 lines
11-26 16:12:34.958  1427  1690 D ConnectivityService: get Network state from cache, cacheBlock is 0
11-26 16:12:34.959  1427  1736 D ConnectivityService: get Network state from cache, cacheBlock is 1
11-26 16:12:34.959  1427  1736 D ConnectivityService: Network is BLOCKED, uid = 10138
11-26 16:12:34.959  2016  2203 D HwWifiStatStore: updateLinkSpeed linkSpeed =58 mLastSpdLev =2 index =2
11-26 16:12:34.959  2016  2203 D HwWifiCHRStateManager: handleUpdateChannel:2462
11-26 16:12:34.960  1427  1690 D HwConnectivityServiceEx: set cache by key is 10085 interfaceName iswlan0 value is false
11-26 16:12:34.960  1427  1690 D ConnectivityService: get Network state from cache, cacheBlock is 0
11-26 16:12:34.960  1427  1690 I chatty  : uid=1000(system) ConnectivityThr identical 1 line
11-26 16:12:34.960  1427  1690 D ConnectivityService: get Network state from cache, cacheBlock is 0
11-26 16:12:34.960  1427  1690 D HwConnectivityServiceEx: set cache by key is 10035 interfaceName iswlan0 value is false
11-26 16:12:34.960  1427  1690 D ConnectivityService: get Network state from cache, cacheBlock is 0
11-26 16:12:34.961  1427  1690 D HwConnectivityServiceEx: set cache by key is 10029 interfaceName iswlan0 value is false
11-26 16:12:34.961  1427  1690 D ConnectivityService: get Network state from cache, cacheBlock is 0
11-26 16:12:34.961  1427  1690 I chatty  : uid=1000(system) ConnectivityThr identical 5 lines
11-26 16:12:34.961  1427  1690 D ConnectivityService: get Network state from cache, cacheBlock is 0
11-26 16:12:34.965  1427  1736 D ConnectivityService: get Network state from cache, cacheBlock is 0
11-26 16:12:34.976  7493  7670 I CarrierServices: [440] cai.c: Connected state: [1], networkType: [WIFI]
11-26 16:12:34.972  1427  1736 I chatty  : uid=1000(system) Binder:1427_3 identical 4 lines
11-26 16:12:34.975  1427  1736 D ConnectivityService: get Network state from cache, cacheBlock is 0
11-26 16:12:34.980  1427  1484 D ConnectivityService: get Network state from cache, cacheBlock is 0
11-26 16:12:34.986  1427  1736 V ActivityManager: Successfully start provider ContentProviderRecord{4976519 u0 com.google.android.apps.messaging/.shared.datamodel.provider.sharedstorage.SharedStorageProvider} launchingApp=ProcessRecord{3117c60 10758:com.google.android.apps.messaging/u0a141} caller pid= 7493
11-26 16:12:34.996  7493  7669 I CarrierServices: [439] cpr.e: No RCS Configuration was found in Bugle for simID: redacted-pii:sim_id[chars:0]
11-26 16:12:35.008 13681 13739 W yactvity.mahyc: Accessing hidden method Lsun/misc/Unsafe;->getInt(Ljava/lang/Object;J)I (greylist, linking, allowed)
11-26 16:12:35.009 13681 13739 W yactvity.mahyc: Accessing hidden method Lsun/misc/Unsafe;->getObject(Ljava/lang/Object;J)Ljava/lang/Object; (greylist, linking, allowed)
11-26 16:12:35.009 13681 13739 W yactvity.mahyc: Accessing hidden method Lsun/misc/Unsafe;->getObject(Ljava/lang/Object;J)Ljava/lang/Object; (greylist, linking, allowed)
11-26 16:12:35.009 13681 13739 W yactvity.mahyc: Accessing hidden method Lsun/misc/Unsafe;->getLong(Ljava/lang/Object;J)J (greylist,core-platform-api, linking, allowed)
11-26 16:12:35.009 13681 13739 W yactvity.mahyc: Accessing hidden method Lsun/misc/Unsafe;->getInt(Ljava/lang/Object;J)I (greylist, linking, allowed)
11-26 16:12:35.009 13681 13739 W yactvity.mahyc: Accessing hidden method Lsun/misc/Unsafe;->getInt(Ljava/lang/Object;J)I (greylist, linking, allowed)
11-26 16:12:35.009 13681 13739 W yactvity.mahyc: Accessing hidden method Lsun/misc/Unsafe;->getLong(Ljava/lang/Object;J)J (greylist,core-platform-api, linking, allowed)
11-26 16:12:35.010 13681 13739 W yactvity.mahyc: Accessing hidden method Lsun/misc/Unsafe;->objectFieldOffset(Ljava/lang/reflect/Field;)J (greylist,core-platform-api, linking, allowed)
11-26 16:12:35.011 13681 13739 W yactvity.mahyc: Accessing hidden method Lsun/misc/Unsafe;->getObject(Ljava/lang/Object;J)Ljava/lang/Object; (greylist, linking, allowed)
11-26 16:12:35.014 13681 13739 W yactvity.mahyc: Accessing hidden method Lsun/misc/Unsafe;->allocateInstance(Ljava/lang/Class;)Ljava/lang/Object; (greylist, linking, allowed)
11-26 16:12:35.015 13681 13739 W yactvity.mahyc: Accessing hidden method Llibcore/io/Memory;->peekLong(JZ)J (greylist, reflection, allowed)
11-26 16:12:35.015 13681 13739 W yactvity.mahyc: Accessing hidden method Llibcore/io/Memory;->pokeLong(JJZ)V (greylist, reflection, allowed)
11-26 16:12:35.015 13681 13739 W yactvity.mahyc: Accessing hidden method Llibcore/io/Memory;->pokeInt(JIZ)V (greylist, reflection, allowed)
11-26 16:12:35.015 13681 13739 W yactvity.mahyc: Accessing hidden method Llibcore/io/Memory;->peekInt(JZ)I (greylist, reflection, allowed)
11-26 16:12:35.015 13681 13739 W yactvity.mahyc: Accessing hidden method Llibcore/io/Memory;->pokeByte(JB)V (greylist, reflection, allowed)
11-26 16:12:35.015 13681 13739 W yactvity.mahyc: Accessing hidden method Llibcore/io/Memory;->peekByte(J)B (greylist, reflection, allowed)
11-26 16:12:35.015 13681 13739 W yactvity.mahyc: Accessing hidden method Llibcore/io/Memory;->pokeByteArray(J[BII)V (greylist, reflection, allowed)
11-26 16:12:35.015 13681 13739 W yactvity.mahyc: Accessing hidden method Llibcore/io/Memory;->peekByteArray(J[BII)V (greylist, reflection, allowed)
11-26 16:12:35.016 13681 13739 W yactvity.mahyc: Accessing hidden method Lsun/misc/Unsafe;->arrayBaseOffset(Ljava/lang/Class;)I (greylist,core-platform-api, linking, allowed)
11-26 16:12:35.016 13681 13739 W yactvity.mahyc: Accessing hidden method Lsun/misc/Unsafe;->getInt(Ljava/lang/Object;J)I (greylist, linking, allowed)
11-26 16:12:35.016 13681 13739 W yactvity.mahyc: Accessing hidden method Lsun/misc/Unsafe;->getLong(Ljava/lang/Object;J)J (greylist,core-platform-api, linking, allowed)
11-26 16:12:35.016 13681 13739 W yactvity.mahyc: Accessing hidden method Lsun/misc/Unsafe;->getObject(Ljava/lang/Object;J)Ljava/lang/Object; (greylist, linking, allowed)
11-26 16:12:35.016 13681 13739 W yactvity.mahyc: Accessing hidden method Lsun/misc/Unsafe;->putInt(Ljava/lang/Object;JI)V (greylist, linking, allowed)
11-26 16:12:35.016 13681 13739 W yactvity.mahyc: Accessing hidden method Lsun/misc/Unsafe;->putLong(Ljava/lang/Object;JJ)V (greylist, linking, allowed)
11-26 16:12:35.016 13681 13739 W yactvity.mahyc: Accessing hidden method Lsun/misc/Unsafe;->putObject(Ljava/lang/Object;JLjava/lang/Object;)V (greylist, linking, allowed)
11-26 16:12:35.016 13681 13739 W yactvity.mahyc: Accessing hidden method Lsun/misc/Unsafe;->arrayIndexScale(Ljava/lang/Class;)I (greylist, linking, allowed)
11-26 16:12:35.016 13681 13739 W yactvity.mahyc: Accessing hidden method Lsun/misc/Unsafe;->getLong(Ljava/lang/Object;J)J (greylist,core-platform-api, reflection, allowed)
11-26 16:12:35.017 13681 13739 W yactvity.mahyc: Accessing hidden field Ljava/nio/Buffer;->address:J (greylist, reflection, allowed)
11-26 16:12:35.017 13681 13739 W yactvity.mahyc: Accessing hidden method Lsun/misc/Unsafe;->getInt(Ljava/lang/Object;J)I (greylist, reflection, allowed)
11-26 16:12:35.017 13681 13739 W yactvity.mahyc: Accessing hidden method Lsun/misc/Unsafe;->putInt(Ljava/lang/Object;JI)V (greylist, reflection, allowed)
11-26 16:12:35.017 13681 13739 W yactvity.mahyc: Accessing hidden method Lsun/misc/Unsafe;->getLong(Ljava/lang/Object;J)J (greylist,core-platform-api, reflection, allowed)
11-26 16:12:35.017 13681 13739 W yactvity.mahyc: Accessing hidden method Lsun/misc/Unsafe;->putLong(Ljava/lang/Object;JJ)V (greylist, reflection, allowed)
11-26 16:12:35.017 13681 13739 W yactvity.mahyc: Accessing hidden method Lsun/misc/Unsafe;->getObject(Ljava/lang/Object;J)Ljava/lang/Object; (greylist, reflection, allowed)
11-26 16:12:35.017 13681 13739 W yactvity.mahyc: Accessing hidden method Lsun/misc/Unsafe;->putObject(Ljava/lang/Object;JLjava/lang/Object;)V (greylist, reflection, allowed)
11-26 16:12:35.023  1427  1736 D ConnectivityService: get Network state from cache, cacheBlock is 0
11-26 16:12:35.025   574   879 W IptablesRestoreController: iptables-restore process 13472 terminated status=15
11-26 16:12:35.026   830   863 I Pged-IPgedBinderService: ****action is 2, pid num is 2***
11-26 16:12:35.026   830   863 I Pged-Freezer: thawPids
11-26 16:12:35.027   574   879 W IptablesRestoreController: iptables-restore process 13473 terminated status=15
11-26 16:12:35.027  2104  2438 D PgedBinderAdapter: unF_Z ok, pid: [4163]
11-26 16:12:35.027  1427  1736 D ConnectivityService: get Network state from cache, cacheBlock is 0
11-26 16:12:35.028  1427  1484 D ConnectivityService: get Network state from cache, cacheBlock is 0
11-26 16:12:35.032  1427  1484 E WifiService: enforceCanAccessScanResults: hiding ssid and bssidUID 10029 has no location permission
11-26 16:12:35.029  1427  1484 I chatty  : uid=1000(system) Binder:1427_1 identical 1 line
11-26 16:12:35.034  1427  1484 D ConnectivityService: get Network state from cache, cacheBlock is 0
11-26 16:12:35.035  1427  1736 D ConnectivityService: get Network state from cache, cacheBlock is 0
11-26 16:12:35.037  1427  1736 E WifiService: enforceCanAccessScanResults: hiding ssid and bssidUID 10029 has no location permission
11-26 16:12:35.040 13681 13790 W yactvity.mahyc: Accessing hidden method Lsun/misc/Unsafe;->getInt(Ljava/lang/Object;J)I (greylist, linking, allowed)
11-26 16:12:35.040 13681 13790 W yactvity.mahyc: Accessing hidden method Lsun/misc/Unsafe;->getObject(Ljava/lang/Object;J)Ljava/lang/Object; (greylist, linking, allowed)
11-26 16:12:35.040 13681 13790 W yactvity.mahyc: Accessing hidden method Lsun/misc/Unsafe;->getLong(Ljava/lang/Object;J)J (greylist,core-platform-api, linking, allowed)
11-26 16:12:35.040 13681 13790 W yactvity.mahyc: Accessing hidden method Lsun/misc/Unsafe;->getInt(Ljava/lang/Object;J)I (greylist, linking, allowed)
11-26 16:12:35.040 13681 13790 W yactvity.mahyc: Accessing hidden method Lsun/misc/Unsafe;->putInt(Ljava/lang/Object;JI)V (greylist, linking, allowed)
11-26 16:12:35.041 13681 13790 W yactvity.mahyc: Accessing hidden method Lsun/misc/Unsafe;->getInt(Ljava/lang/Object;J)I (greylist, linking, allowed)
11-26 16:12:35.041  1427  1736 E WifiService: enforceCanAccessScanResults: hiding ssid and bssidUID 10029 has no location permission
11-26 16:12:35.039  1427  1736 D ConnectivityService: get Network state from cache, cacheBlock is 0
11-26 16:12:35.042  1427  1484 D ConnectivityService: get Network state from cache, cacheBlock is 0
11-26 16:12:35.045  1427  1484 E WifiService: enforceCanAccessScanResults: hiding ssid and bssidUID 10029 has no location permission
11-26 16:12:35.062 13681 13791 I FirebaseCrash: Sending crashes
11-26 16:12:35.093   449   449 E SELinux : avc:  denied  { find } for interface=vendor.huawei.hardware.sensors::ISensors sid=u:r:untrusted_app:s0:c247,c256,c512,c768 pid=13681 scontext=u:r:untrusted_app:s0:c247,c256,c512,c768 tcontext=u:object_r:default_hisi_hwservice:s0 tclass=hwservice_manager permissive=0
11-26 16:12:35.129   722   722 I aptouch_daemon: check_afe_status, idle in. 300
11-26 16:12:35.142  1427  1669 I TrafficMonitor: update:rxPkts:2,txPkts:2,rxBytes:389,txBytes:655
11-26 16:12:35.142  1427  1669 I TrafficMonitor: start expired. level:-1
11-26 16:12:35.142  1427  1669 I TrafficMonitor: gettimer:interval=2000
11-26 16:12:35.250  1427  1642 W AwareLog: AwareMem_MemoryUtils: trim Memory illegal arg exception, proc:13561 userId:-2 level:40 fromIAware:true
11-26 16:12:35.366 13681 13724 D TransportRuntime.SQLiteEventStore: Storing event with priority=HIGHEST, name=FIREBASE_CRASHLYTICS_REPORT for destination cct
11-26 16:12:35.372 13681 13724 D TransportRuntime.JobInfoScheduler: Upload for context TransportContext(cct, HIGHEST, MSRodHRwczovL2NyYXNobHl0aWNzcmVwb3J0cy1wYS5nb29nbGVhcGlzLmNvbS92MS9maXJlbG9nL2xlZ2FjeS9iYXRjaGxvZ1xBSXphU3lCcnBTWVQ0RkZMMDlyZUhKaTZIOUZZZGVpU25VVE92Mk0=) is already scheduled. Returning...
11-26 16:12:35.364  1427  1484 I chatty  : uid=1000(system) Binder:1427_1 identical 1 line
11-26 16:12:35.382  1427  1484 D ConnectivityService: get Network state from cache, cacheBlock is 0
11-26 16:12:35.387  1427  1484 W ActivityTaskManager:   finishTopCrashedActivityLocked Force finishing activity myactvity.mahyco/.DownloadMasterdata
11-26 16:12:35.387  1427 13793 I DropBoxManagerService: add tag=data_app_crash isTagEnabled=true flags=0x2
11-26 16:12:35.387  1427 13792 I QarthDisFileCreator: pattern not match
11-26 16:12:35.394   856  3081 E iMonitor: FaultDetect: DumptoolPrintf return.
11-26 16:12:35.394   856  3082 E iMonitor: FaultDetect: FaultEngineTracePrintf return.
11-26 16:12:35.395   856  3081 E iMonitor: FaultDetect: DumptoolPrintf return.
11-26 16:12:35.396  1427  1489 I ActivityManager: get AppResource
11-26 16:12:35.395   856  3081 I chatty  : uid=0(root) RFD_TASK1 identical 1 line
11-26 16:12:35.396   856  3081 E iMonitor: FaultDetect: DumptoolPrintf return.
11-26 16:12:35.396   856  3081 E iMonitor: FaultDetect: FaultEngineTracePrintf return.
11-26 16:12:35.396   856  3081 E iMonitor: FaultDetect: FaultEngineTracePrintf return.
11-26 16:12:35.395   856   856 W RFD_TASK2: type=1400 audit(0.0:320308): avc: denied { dac_read_search } for pid=856 capability=2 scontext=u:r:logserver:s0 tcontext=u:r:logserver:s0 tclass=capability permissive=0
11-26 16:12:35.395   856   856 W RFD_TASK2: type=1400 audit(0.0:320309): avc: denied { dac_override } for pid=856 capability=1 scontext=u:r:logserver:s0 tcontext=u:r:logserver:s0 tclass=capability permissive=0
11-26 16:12:35.396   856  3081 E iMonitor: FaultDetect: FaultEngineTracePrintf return.
11-26 16:12:35.396   856  3973 E iMonitor: FaultDetect: DumptoolPrintf return.
11-26 16:12:35.397   856  3973 I chatty  : uid=0(root) RFD_TASK2 identical 4 lines
11-26 16:12:35.397   856  3973 E iMonitor: FaultDetect: DumptoolPrintf return.
11-26 16:12:35.397 13681 13681 I Process : Sending signal. PID: 13681 SIG: 9
11-26 16:12:35.399   856  3973 E iMonitor: FaultDetect: DumptoolPrintf return.
11-26 16:12:35.399   856  3973 E iMonitor: FaultDetect: DumptoolPrintf return.
11-26 16:12:35.400  2104  2440 I AppManager: removeProcessDependency pid:13681
11-26 16:12:35.402   856  3973 E iMonitor: FaultDetect: DumptoolPrintf return.
11-26 16:12:35.438   856  3973 I chatty  : uid=0(root) RFD_TASK2 identical 9 lines
11-26 16:12:35.439   856  3973 E iMonitor: FaultDetect: DumptoolPrintf return.
11-26 16:12:35.440   856  3973 E iMonitor: FaultDetect: FaultEngineTracePrintf return.
11-26 16:12:35.442   856  3974 E iMonitor: FaultDetect: DumptoolPrintf return.
11-26 16:12:35.444   856  3974 E iMonitor: FaultDetect: DumptoolPrintf return.
11-26 16:12:35.444   856  3974 I         : PrivacyPolicy::queryPName()
11-26 16:12:35.444   856  3974 D         : External::GetAppType Begin
11-26 16:12:35.448   856  3974 D         : External::GetAppType End
11-26 16:12:35.448   856  3974 I         : PrivacyPolicy: name myactvity.mahyco :: mask 0
11-26 16:12:35.448   856  3974 I         : PrivacyPolicy:myactvity.mahyco is not PreloadedApp
11-26 16:12:35.448   856  3974 E iMonitor: FaultDetect: DumptoolPrintf return.
11-26 16:12:35.448   856  3974 I         : PrivacyPolicy:Selector::ScanOfSystemDir ./sbin
11-26 16:12:35.448   856  3974 I         : PrivacyPolicy:Selector::ScanOfSystemDir ./system/bin
11-26 16:12:35.449   856  3974 I         : PrivacyPolicy:Selector::ScanOfSystemDir ./system/bin/bootstrap
11-26 16:12:35.449   856  3974 I         : PrivacyPolicy:Selector::ScanOfSystemDir ./system/bin/hw
11-26 16:12:35.450   856  3974 I         : PrivacyPolicy:Selector::ScanOfSystemDir ./system/bin/parsescripts
11-26 16:12:35.450   856  3974 I         : PrivacyPolicy:Selector::ScanOfSystemDir ./system/bin/parsescripts/config
11-26 16:12:35.450   856  3974 I         : PrivacyPolicy:Selector::ScanOfSystemDir ./system/bin/parsescripts/config/field_0x10F000B
11-26 16:12:35.450   856  3974 I         : PrivacyPolicy:Selector::ScanOfSystemDir ./system/bin/parsescripts/config/field_0x1100005
11-26 16:12:35.450   856  3974 I         : PrivacyPolicy:Selector::ScanOfSystemDir ./system/bin/parsescripts/config/field_0x1100008
11-26 16:12:35.450   856  3974 I         : PrivacyPolicy:Selector::ScanOfSystemDir ./system/bin/parsescripts/config/field_0x1100009
11-26 16:12:35.450   856  3974 I         : PrivacyPolicy:Selector::ScanOfSystemDir ./system/bin/parsescripts/config/field_0x110000A
11-26 16:12:35.450   856  3974 I         : PrivacyPolicy:Selector::ScanOfSystemDir ./system/bin/parsescripts/config/field_0x110000B
11-26 16:12:35.450   856  3974 I         : PrivacyPolicy:Selector::ScanOfSystemDir ./system/bin/parsescripts/config/field_0x110000D
11-26 16:12:35.450   856  3974 I         : PrivacyPolicy:Selector::ScanOfSystemDir ./system/bin/parsescripts/config/field_0x1100010
11-26 16:12:35.450   856  3974 I         : PrivacyPolicy:Selector::ScanOfSystemDir ./system/bin/parsescripts/config/field_0x1100014
11-26 16:12:35.450   856  3974 I         : PrivacyPolicy:Selector::ScanOfSystemDir ./system/bin/parsescripts/config/field_0x1100018
11-26 16:12:35.450   856  3974 I         : PrivacyPolicy:Selector::ScanOfSystemDir ./system/bin/parsescripts/config/field_0x1200000
11-26 16:12:35.451   856  3974 I         : PrivacyPolicy:Selector::ScanOfSystemDir ./system/bin/parsescripts/config/field_0x1200001
11-26 16:12:35.451   856  3974 I         : PrivacyPolicy:Selector::ScanOfSystemDir ./system/bin/parsescripts/config/field_0x1200002
11-26 16:12:35.451   856  3974 I         : PrivacyPolicy:Selector::ScanOfSystemDir ./system/bin/parsescripts/config/field_0x1200003
11-26 16:12:35.451   856  3974 I         : PrivacyPolicy:Selector::ScanOfSystemDir ./system/bin/parsescripts/config/field_0x2000001
11-26 16:12:35.451   856  3974 I         : PrivacyPolicy:Selector::ScanOfSystemDir ./system/bin/parsescripts/config/field_0x2000003
11-26 16:12:35.451   856  3974 I         : PrivacyPolicy:Selector::ScanOfSystemDir ./system/bin/parsescripts/config/field_0x2000004
11-26 16:12:35.451   856  3974 I         : PrivacyPolicy:Selector::ScanOfSystemDir ./system/bin/parsescripts/config/field_0x2000005
11-26 16:12:35.451   856  3974 I         : PrivacyPolicy:Selector::ScanOfSystemDir ./system/bin/parsescripts/config/field_0x2000008
11-26 16:12:35.451   856  3974 I         : PrivacyPolicy:Selector::ScanOfSystemDir ./system/bin/parsescripts/config/field_0x2000009
11-26 16:12:35.451   856  3974 I         : PrivacyPolicy:Selector::ScanOfSystemDir ./system/bin/parsescripts/config/field_0x200000C
11-26 16:12:35.451   856  3974 I         : PrivacyPolicy:Selector::ScanOfSystemDir ./system/bin/parsescripts/config/field_0x200000E
11-26 16:12:35.451   856  3974 I         : PrivacyPolicy:Selector::ScanOfSystemDir ./system/bin/parsescripts/config/field_0x2000064
11-26 16:12:35.451   856  3974 I         : PrivacyPolicy:Selector::ScanOfSystemDir ./system/bin/parsescripts/config/field_0x2000065
11-26 16:12:35.451   856  3974 I         : PrivacyPolicy:Selector::ScanOfSystemDir ./system/bin/parsescripts/config/field_0x2000069
11-26 16:12:35.451   856  3974 I         : PrivacyPolicy:Selector::ScanOfSystemDir ./system/bin/parsescripts/config/field_0x200006A
11-26 16:12:35.451   856  3974 I         : PrivacyPolicy:Selector::ScanOfSystemDir ./system/bin/parsescripts/config/field_0x200006E
11-26 16:12:35.452   856  3974 I         : PrivacyPolicy:Selector::ScanOfSystemDir ./system/bin/parsescripts/config/field_0x2000070
11-26 16:12:35.452   856  3974 I         : PrivacyPolicy:Selector::ScanOfSystemDir ./system/bin/parsescripts/config/field_0x2000074
11-26 16:12:35.452   856  3974 I         : PrivacyPolicy:Selector::ScanOfSystemDir ./system/bin/parsescripts/config/field_0x2000075
11-26 16:12:35.452   856  3974 I         : PrivacyPolicy:Selector::ScanOfSystemDir ./system/bin/parsescripts/config/field_0x2000077
11-26 16:12:35.452   856  3974 I         : PrivacyPolicy:Selector::ScanOfSystemDir ./system/bin/parsescripts/config/field_0x2000078
11-26 16:12:35.452   856  3974 I         : PrivacyPolicy:Selector::ScanOfSystemDir ./system/bin/parsescripts/config/field_0x2000079
11-26 16:12:35.452   856  3974 I         : PrivacyPolicy:Selector::ScanOfSystemDir ./system/bin/parsescripts/config/field_0x200007A
11-26 16:12:35.452   856  3974 I         : PrivacyPolicy:Selector::ScanOfSystemDir ./system/bin/parsescripts/config/field_0x200007B
11-26 16:12:35.452   856  3974 I         : PrivacyPolicy:Selector::ScanOfSystemDir ./system/bin/parsescripts/config/field_0x200007C
11-26 16:12:35.452   856  3974 I         : PrivacyPolicy:Selector::ScanOfSystemDir ./system/bin/parsescripts/config/field_0x200007D
11-26 16:12:35.452   856  3974 I         : PrivacyPolicy:Selector::ScanOfSystemDir ./system/bin/parsescripts/config/field_0x2000080
11-26 16:12:35.452   856  3974 I         : PrivacyPolicy:Selector::ScanOfSystemDir ./system/bin/parsescripts/config/field_0x2000083
11-26 16:12:35.452   856  3974 I         : PrivacyPolicy:Selector::ScanOfSystemDir ./system/bin/parsescripts/config/field_0x2000084
