11-26 16:12:35.452   856  3974 I         : PrivacyPolicy:Selector::ScanOfSystemDir ./system/bin/parsescripts/config/field_0x2000085
11-26 16:12:35.452   856  3974 I         : PrivacyPolicy:Selector::ScanOfSystemDir ./system/bin/parsescripts/config/field_0x2000086
11-26 16:12:35.452   856  3974 I         : PrivacyPolicy:Selector::ScanOfSystemDir ./system/bin/parsescripts/config/field_0x2000087
11-26 16:12:35.453   856  3974 I         : PrivacyPolicy:Selector::ScanOfSystemDir ./system/bin/parsescripts/config/field_0x2000088
11-26 16:12:35.453   856  3974 I         : PrivacyPolicy:Selector::ScanOfSystemDir ./system/bin/parsescripts/config/field_0x2000089
11-26 16:12:35.453   856  3974 I         : PrivacyPolicy:Selector::ScanOfSystemDir ./system/bin/parsescripts/config/field_0x200008A
11-26 16:12:35.453  1427  1652 W InputDispatcher: channel '6659578 myactvity.mahyco/myactvity.mahyco.DownloadMasterdata (server)' ~ Consumer closed input channel or an error occurred.  events=0x9
11-26 16:12:35.453   856  3974 I         : PrivacyPolicy:Selector::ScanOfSystemDir ./system/bin/parsescripts/config/field_0x2000090
11-26 16:12:35.453   856  3974 I         : PrivacyPolicy:Selector::ScanOfSystemDir ./system/bin/parsescripts/config/field_0x2000091
11-26 16:12:35.453  1427  1652 E InputDispatcher: channel '6659578 myactvity.mahyco/myactvity.mahyco.DownloadMasterdata (server)' ~ Channel is unrecoverably broken and will be disposed!
11-26 16:12:35.453   856  3974 I         : PrivacyPolicy:Selector::ScanOfSystemDir ./system/bin/parsescripts/config/field_0x2000092
11-26 16:12:35.453   856  3974 I         : PrivacyPolicy:Selector::ScanOfSystemDir ./system/bin/parsescripts/config/field_0x2000093
11-26 16:12:35.453   856  3974 I         : PrivacyPolicy:Selector::ScanOfSystemDir ./system/bin/parsescripts/config/field_0x2000094
11-26 16:12:35.453   856  3974 I         : PrivacyPolicy:Selector::ScanOfSystemDir ./system/bin/parsescripts/config/field_0x2000095
11-26 16:12:35.453   856  3974 I         : PrivacyPolicy:Selector::ScanOfSystemDir ./system/bin/parsescripts/config/field_0x2000096
11-26 16:12:35.454   856  3974 I         : PrivacyPolicy:Selector::ScanOfSystemDir ./system/bin/parsescripts/config/field_0x2000097
11-26 16:12:35.454   856  3974 I         : PrivacyPolicy:Selector::ScanOfSystemDir ./system/bin/parsescripts/config/field_0x2000098
11-26 16:12:35.454   856  3974 I         : PrivacyPolicy:Selector::ScanOfSystemDir ./system/bin/parsescripts/config/field_0x200009F
11-26 16:12:35.454   856  3974 I         : PrivacyPolicy:Selector::ScanOfSystemDir ./system/bin/parsescripts/config/field_0x2200000
11-26 16:12:35.454   856  3974 I         : PrivacyPolicy:Selector::ScanOfSystemDir ./system/bin/parsescripts/config/field_0x2200002
11-26 16:12:35.454   856  3974 I         : PrivacyPolicy:Selector::ScanOfSystemDir ./system/bin/parsescripts/config/field_0x2200004
11-26 16:12:35.454   856  3974 I         : PrivacyPolicy:Selector::ScanOfSystemDir ./system/bin/parsescripts/config/field_0x2200004/gas
11-26 16:12:35.454  1427  1652 I WindowManager: WINDOW DIED Window{6659578 u0 myactvity.mahyco/myactvity.mahyco.DownloadMasterdata}
11-26 16:12:35.454   856  3974 I         : PrivacyPolicy:Selector::ScanOfSystemDir ./system/bin/parsescripts/config/field_0x2200004/gas/global_variable
11-26 16:12:35.454   856  3974 I         : PrivacyPolicy:Selector::ScanOfSystemDir ./system/bin/parsescripts/config/field_0x2200004/gas/msg
11-26 16:12:35.454  1427  1652 V WindowManager: removeIfPossible: Window{6659578 u0 myactvity.mahyco/myactvity.mahyco.DownloadMasterdata} callers=com.android.server.wm.WindowState.removeIfPossible:2260 com.android.server.wm.InputManagerCallback.notifyInputChannelBroken:60 com.android.server.input.InputManagerService.notifyInputChannelBroken:1881 <bottom of call stack> <bottom of call stack> 
11-26 16:12:35.454   856  3974 I         : PrivacyPolicy:Selector::ScanOfSystemDir ./system/bin/parsescripts/config/field_0x2200004/was
11-26 16:12:35.454  1427  1652 W InputDispatcher: Attempted to unregister already unregistered input channel '6659578 myactvity.mahyco/myactvity.mahyco.DownloadMasterdata (server)'
11-26 16:12:35.454   856  3974 I         : PrivacyPolicy:Selector::ScanOfSystemDir ./system/bin/parsescripts/config/field_0x2200004/was/msg
11-26 16:12:35.455   856  3974 I         : PrivacyPolicy:Selector::ScanOfSystemDir ./system/bin/parsescripts/config/field_0x2200006
11-26 16:12:35.455   856  3974 I         : PrivacyPolicy:Selector::ScanOfSystemDir ./system/bin/parsescripts/config/field_0x2200007
11-26 16:12:35.455   856  3974 I         : PrivacyPolicy:Selector::ScanOfSystemDir ./system/bin/parsescripts/config/field_0x2200008
11-26 16:12:35.455   856  3974 I         : PrivacyPolicy:Selector::ScanOfSystemDir ./system/bin/parsescripts/config/field_0x2200009
11-26 16:12:35.455   856  3974 I         : PrivacyPolicy:Selector::ScanOfSystemDir ./system/bin/parsescripts/config/field_0x220000A
11-26 16:12:35.455  1427  1652 V WindowManager: Not removing Window{6659578 u0 myactvity.mahyco/myactvity.mahyco.DownloadMasterdata EXITING} due to exit animation 
11-26 16:12:35.455   856  3974 I         : PrivacyPolicy:Selector::ScanOfSystemDir ./system/bin/parsescripts/config/field_0x220000B
11-26 16:12:35.456   856  3974 I         : PrivacyPolicy:Selector::ScanOfSystemDir ./system/bin/parsescripts/config/field_0x220000C
11-26 16:12:35.456   856  3974 I         : PrivacyPolicy:Selector::ScanOfSystemDir ./system/bin/parsescripts/config/field_0x220000D
11-26 16:12:35.456   856  3974 I         : PrivacyPolicy:Selector::ScanOfSystemDir ./system/bin/parsescripts/config/field_0x220000E
11-26 16:12:35.456   856  3974 I         : PrivacyPolicy:Selector::ScanOfSystemDir ./system/bin/parsescripts/config/field_0x220000F
11-26 16:12:35.456   856  3974 I         : PrivacyPolicy:Selector::ScanOfSystemDir ./system/bin/parsescripts/config/field_0x2200010
11-26 16:12:35.456   856  3974 I         : PrivacyPolicy:Selector::ScanOfSystemDir ./system/bin/parsescripts/config/field_0x2200011
11-26 16:12:35.456   856  3974 I         : PrivacyPolicy:Selector::ScanOfSystemDir ./system/bin/parsescripts/config/field_0x2200012
11-26 16:12:35.456   856  3974 I         : PrivacyPolicy:Selector::ScanOfSystemDir ./system/bin/parsescripts/config/field_0x2F00000
11-26 16:12:35.456   856  3974 I         : PrivacyPolicy:Selector::ScanOfSystemDir ./system/bin/parsescripts/config/field_0x2F00001
11-26 16:12:35.456   856  3974 I         : PrivacyPolicy:Selector::ScanOfSystemDir ./system/bin/parsescripts/config/field_0x2F00002
11-26 16:12:35.456   856  3974 I         : PrivacyPolicy:Selector::ScanOfSystemDir ./system/bin/parsescripts/config/field_0x2F0000E
11-26 16:12:35.456   856  3974 I         : PrivacyPolicy:Selector::ScanOfSystemDir ./system/bin/parsescripts/config/field_0x2F0000F
11-26 16:12:35.456   856  3974 I         : PrivacyPolicy:Selector::ScanOfSystemDir ./system/bin/parsescripts/config/field_0x30F0003
11-26 16:12:35.457   856  3974 I         : PrivacyPolicy:Selector::ScanOfSystemDir ./system/bin/parsescripts/config/field_0x30F0005
11-26 16:12:35.457   856  3974 I         : PrivacyPolicy:Selector::ScanOfSystemDir ./system/bin/parsescripts/config/field_0x30F0007
11-26 16:12:35.457   856  3974 I         : PrivacyPolicy:Selector::ScanOfSystemDir ./system/bin/parsescripts/config/field_0x30F000B
11-26 16:12:35.457   856  3974 I         : PrivacyPolicy:Selector::ScanOfSystemDir ./system/bin/parsescripts/config/field_0x30F000D
11-26 16:12:35.457   856  3974 I         : PrivacyPolicy:Selector::ScanOfSystemDir ./system/bin/parsescripts/config/field_0x30F000E
11-26 16:12:35.457   856  3974 I         : PrivacyPolicy:Selector::ScanOfSystemDir ./system/bin/parsescripts/config/field_0x30F0015
11-26 16:12:35.457   856  3974 I         : PrivacyPolicy:Selector::ScanOfSystemDir ./system/bin/parsescripts/config/field_0x30F0016
11-26 16:12:35.457   856  3974 I         : PrivacyPolicy:Selector::ScanOfSystemDir ./system/bin/parsescripts/config/field_0x30F001E
11-26 16:12:35.457   856  3974 I         : PrivacyPolicy:Selector::ScanOfSystemDir ./system/bin/parsescripts/config/field_0x30F001F
11-26 16:12:35.457   856  3974 I         : PrivacyPolicy:Selector::ScanOfSystemDir ./system/bin/parsescripts/config/field_0x3100003
11-26 16:12:35.457   856  3974 I         : PrivacyPolicy:Selector::ScanOfSystemDir ./system/bin/parsescripts/config/field_0x3100004
11-26 16:12:35.457   856  3974 I         : PrivacyPolicy:Selector::ScanOfSystemDir ./system/bin/parsescripts/config/field_0x3100007
11-26 16:12:35.458   856  3974 I         : PrivacyPolicy:Selector::ScanOfSystemDir ./system/bin/parsescripts/config/field_0x3100009
11-26 16:12:35.458  1427  1652 D ZrHung.AppEyeFocusWindow: FocusWindowErrorScene CheckFreezeScreen
11-26 16:12:35.458  1427  1652 D ZrHung.AppEyeTransparentWindow: TransparentWindow cancelCheckFreezeScreen
11-26 16:12:35.458   856  3974 I         : PrivacyPolicy:Selector::ScanOfSystemDir ./system/bin/parsescripts/config/field_0x4000021
11-26 16:12:35.458   856  3974 I         : PrivacyPolicy:Selector::ScanOfSystemDir ./system/bin/parsescripts/config/field_0x4000023
11-26 16:12:35.458   856  3974 I         : PrivacyPolicy:Selector::ScanOfSystemDir ./system/bin/parsescripts/config/field_0x4000027
11-26 16:12:35.458   856  3974 I         : PrivacyPolicy:Selector::ScanOfSystemDir ./system/bin/parsescripts/config/field_0x4000029
11-26 16:12:35.458   856  3974 I         : PrivacyPolicy:Selector::ScanOfSystemDir ./system/bin/parsescripts/config/field_0x400002E
11-26 16:12:35.458   856  3974 I         : PrivacyPolicy:Selector::ScanOfSystemDir ./system/bin/parsescripts/config/field_0x400002F
11-26 16:12:35.458   856  3974 I         : PrivacyPolicy:Selector::ScanOfSystemDir ./system/bin/parsescripts/config/field_0x4000065
11-26 16:12:35.458   856  3974 I         : PrivacyPolicy:Selector::ScanOfSystemDir ./system/bin/parsescripts/config/field_0x4000067
11-26 16:12:35.458   856  3974 I         : PrivacyPolicy:Selector::ScanOfSystemDir ./system/bin/parsescripts/config/field_0x4000068
11-26 16:12:35.458   856  3974 I         : PrivacyPolicy:Selector::ScanOfSystemDir ./system/bin/parsescripts/config/field_0x4000069
11-26 16:12:35.459   856  3974 I         : PrivacyPolicy:Selector::ScanOfSystemDir ./system/bin/parsescripts/config/field_0x4100000
11-26 16:12:35.459   856  3974 I         : PrivacyPolicy:Selector::ScanOfSystemDir ./system/bin/parsescripts/config/field_0x4100001
11-26 16:12:35.459   856  3974 I         : PrivacyPolicy:Selector::ScanOfSystemDir ./system/bin/parsescripts/config/field_0x7000001
11-26 16:12:35.459   856  3974 I         : PrivacyPolicy:Selector::ScanOfSystemDir ./system/bin/parsescripts/config/field_0x7000008
11-26 16:12:35.459   856  3974 I         : PrivacyPolicy:Selector::ScanOfSystemDir ./system/bin/parsescripts/config/field_0x700000C
11-26 16:12:35.459   856  3974 I         : PrivacyPolicy:Selector::ScanOfSystemDir ./system/bin/parsescripts/config/field_0x700000E
11-26 16:12:35.459   856  3974 I         : PrivacyPolicy:Selector::ScanOfSystemDir ./system/bin/parsescripts/config/field_0x700007C
11-26 16:12:35.460   856  3974 I         : PrivacyPolicy:Selector::ScanOfSystemDir ./system/bin/parsescripts/config/field_0x700007D
11-26 16:12:35.460   856  3974 I         : PrivacyPolicy:Selector::ScanOfSystemDir ./system/bin/parsescripts/config/field_0x700007E
11-26 16:12:35.460   856  3974 I         : PrivacyPolicy:Selector::ScanOfSystemDir ./system/bin/parsescripts/config/field_0x700007F
11-26 16:12:35.460   856  3974 I         : PrivacyPolicy:Selector::ScanOfSystemDir ./system/bin/parsescripts/config/field_0x7000083
11-26 16:12:35.460   856  3974 I         : PrivacyPolicy:Selector::ScanOfSystemDir ./system/bin/parsescripts/config/field_0x7000084
11-26 16:12:35.460   856  3974 I         : PrivacyPolicy:Selector::ScanOfSystemDir ./system/bin/parsescripts/config/field_0x7000085
11-26 16:12:35.460   856  3974 I         : PrivacyPolicy:Selector::ScanOfSystemDir ./system/bin/parsescripts/config/field_0x7000090
11-26 16:12:35.460   856  3974 I         : PrivacyPolicy:Selector::ScanOfSystemDir ./system/bin/parsescripts/config/field_0x7000091
11-26 16:12:35.460   856  3974 I         : PrivacyPolicy:Selector::ScanOfSystemDir ./system/bin/parsescripts/config/field_0x7000092
11-26 16:12:35.460   856  3974 I         : PrivacyPolicy:Selector::ScanOfSystemDir ./system/bin/parsescripts/config/field_0x7000093
11-26 16:12:35.460   856  3974 I         : PrivacyPolicy:Selector::ScanOfSystemDir ./system/bin/parsescripts/config/field_0x7000094
11-26 16:12:35.460   856  3974 I         : PrivacyPolicy:Selector::ScanOfSystemDir ./system/bin/parsescripts/config/field_0x7000096
11-26 16:12:35.461   856  3974 I         : PrivacyPolicy:Selector::ScanOfSystemDir ./system/bin/parsescripts/config/field_0x7000098
11-26 16:12:35.461   856  3974 I         : PrivacyPolicy:Selector::ScanOfSystemDir ./system/bin/parsescripts/config/field_0x7000099
11-26 16:12:35.461   856  3974 I         : PrivacyPolicy:Selector::ScanOfSystemDir ./system/bin/parsescripts/config/field_0x700009A
11-26 16:12:35.461   856  3974 I         : PrivacyPolicy:Selector::ScanOfSystemDir ./system/bin/parsescripts/config/field_0x700009C
11-26 16:12:35.461   856  3974 I         : PrivacyPolicy:Selector::ScanOfSystemDir ./system/bin/parsescripts/config/field_0x700009D
11-26 16:12:35.461   856  3974 I         : PrivacyPolicy:Selector::ScanOfSystemDir ./system/bin/parsescripts/config/field_0x700009E
11-26 16:12:35.461   856  3974 I         : PrivacyPolicy:Selector::ScanOfSystemDir ./system/bin/parsescripts/config/field_0x700009F
11-26 16:12:35.461   856  3974 I         : PrivacyPolicy:Selector::ScanOfSystemDir ./system/bin/parsescripts/config/field_0x70000A1
11-26 16:12:35.461   856  3974 I         : PrivacyPolicy:Selector::ScanOfSystemDir ./system/bin/parsescripts/config/field_0x7200000
11-26 16:12:35.461   856  3974 I         : PrivacyPolicy:Selector::ScanOfSystemDir ./system/bin/parsescripts/config/field_0x7200012
11-26 16:12:35.461   856  3974 I         : PrivacyPolicy:Selector::ScanOfSystemDir ./system/bin/parsescripts/config/field_0x7200013
11-26 16:12:35.461   856  3974 I         : PrivacyPolicy:Selector::ScanOfSystemDir ./system/bin/parsescripts/config/field_0x7F00000
11-26 16:12:35.462   856  3974 I         : PrivacyPolicy:Selector::ScanOfSystemDir ./system/bin/parsescripts/config/field_0x7F00001
11-26 16:12:35.462   856  3974 I         : PrivacyPolicy:Selector::ScanOfSystemDir ./system/bin/parsescripts/config/field_0x7F00002
11-26 16:12:35.462   856  3974 I         : PrivacyPolicy:Selector::ScanOfSystemDir ./system/bin/parsescripts/config/field_0x7F00003
11-26 16:12:35.462   856  3974 I         : PrivacyPolicy:Selector::ScanOfSystemDir ./system/bin/parsescripts/config/field_0x7F00004
11-26 16:12:35.462   856  3974 I         : PrivacyPolicy:Selector::ScanOfSystemDir ./system/bin/parsescripts/config/field_0x7F0000F
11-26 16:12:35.462   856  3974 I         : PrivacyPolicy:Selector::ScanOfSystemDir ./system/bin/parsescripts/config/field_0x8000008
11-26 16:12:35.462   856  3974 I         : PrivacyPolicy:Selector::ScanOfSystemDir ./system/bin/parsescripts/config/field_0x8000009
11-26 16:12:35.462   856  3974 I         : PrivacyPolicy:Selector::ScanOfSystemDir ./system/bin/parsescripts/config/field_0x800000C
11-26 16:12:35.462   856  3974 I         : PrivacyPolicy:Selector::ScanOfSystemDir ./system/bin/parsescripts/config/field_0x800000E
11-26 16:12:35.462   856  3974 I         : PrivacyPolicy:Selector::ScanOfSystemDir ./system/bin/parsescripts/config/field_0x8000074
11-26 16:12:35.462   856  3974 I         : PrivacyPolicy:Selector::ScanOfSystemDir ./system/bin/parsescripts/config/field_0x8000090
11-26 16:12:35.462   856  3974 I         : PrivacyPolicy:Selector::ScanOfSystemDir ./system/bin/parsescripts/config/field_0x8000091
11-26 16:12:35.463   856  3974 I         : PrivacyPolicy:Selector::ScanOfSystemDir ./system/bin/parsescripts/config/field_0x8000092
11-26 16:12:35.463   856  3974 I         : PrivacyPolicy:Selector::ScanOfSystemDir ./system/bin/parsescripts/config/field_0x8000096
11-26 16:12:35.463   856  3974 I         : PrivacyPolicy:Selector::ScanOfSystemDir ./system/bin/parsescripts/config/field_0x8F00000
11-26 16:12:35.463   856  3974 I         : PrivacyPolicy:Selector::ScanOfSystemDir ./system/bin/parsescripts/config/field_0x8F00001
11-26 16:12:35.463   856  3974 I         : PrivacyPolicy:Selector::ScanOfSystemDir ./system/bin/parsescripts/config/field_0x8F00002
11-26 16:12:35.463   856  3974 I         : PrivacyPolicy:Selector::ScanOfSystemDir ./system/bin/parsescripts/config/field_0xC0F000B
11-26 16:12:35.463   856  3974 I         : PrivacyPolicy:Selector::ScanOfSystemDir ./system/bin/parsescripts/config/field_0xC10000B
11-26 16:12:35.463   856  3974 I         : PrivacyPolicy:Selector::ScanOfSystemDir ./system/bin/parsescripts/config/field_0xC10000F
11-26 16:12:35.463   856  3974 I         : PrivacyPolicy:Selector::ScanOfSystemDir ./system/bin/parsescripts/config/field_0xC100012
11-26 16:12:35.463   856  3974 I         : PrivacyPolicy:Selector::ScanOfSystemDir ./system/bin/parsescripts/config/field_0xC100014
11-26 16:12:35.463   856  3974 I         : PrivacyPolicy:Selector::ScanOfSystemDir ./system/bin/parsescripts/config/field_0xC200002
11-26 16:12:35.463   856  3974 I         : PrivacyPolicy:Selector::ScanOfSystemDir ./system/bin/parsescripts/config/field_0xDFFFFFF
11-26 16:12:35.463   856  3974 I         : PrivacyPolicy:Selector::ScanOfSystemDir ./system/bin/parsescripts/config/field_0xEFFFFFF
11-26 16:12:35.464   856  3974 I         : PrivacyPolicy:Selector::ScanOfSystemDir ./system/bin/parsescripts/config/pde_config
11-26 16:12:35.464   856  3974 I         : PrivacyPolicy:Selector::ScanOfSystemDir ./system/lib64
11-26 16:12:35.465   856  3974 I         : PrivacyPolicy:Selector::ScanOfSystemDir ./system/lib64/bootstrap
11-26 16:12:35.465   856  3974 I         : PrivacyPolicy:Open dir error..../system/lib64/bootstrap
11-26 16:12:35.463   856   856 W RFD_TASK3: type=1400 audit(0.0:320310): avc: denied { read } for pid=856 name="bootstrap" dev="dm-6" ino=13642476 scontext=u:r:logserver:s0 tcontext=u:object_r:system_bootstrap_lib_file:s0 tclass=dir permissive=0
11-26 16:12:35.465   856  3974 I         : PrivacyPolicy:Selector::ScanOfSystemDir ./system/lib64/drm
11-26 16:12:35.465   856  3974 I         : PrivacyPolicy:Selector::ScanOfSystemDir ./system/lib64/extractors
11-26 16:12:35.465   856  3974 I         : PrivacyPolicy:Selector::ScanOfSystemDir ./system/lib64/hw
11-26 16:12:35.467   856  3974 I         : PrivacyPolicy:Selector::ScanOfSystemDir ./system/lib64/python3.7
11-26 16:12:35.467   856  3974 I         : PrivacyPolicy:Selector::ScanOfSystemDir ./system/lib64/python3.7/collections
11-26 16:12:35.467   856  3974 I         : PrivacyPolicy:Selector::ScanOfSystemDir ./system/lib64/python3.7/encodings
11-26 16:12:35.468   856  3974 I         : PrivacyPolicy:Selector::ScanOfSystemDir ./system/lib64/vndk-29
11-26 16:12:35.473   856  3974 I         : PrivacyPolicy:Selector::ScanOfSystemDir ./system/lib64/vndk-sp-29
11-26 16:12:35.471   856   856 W RFD_TASK3: type=1400 audit(0.0:320311): avc: denied { read } for pid=856 name="bootstrap" dev="dm-6" ino=13590131 scontext=u:r:logserver:s0 tcontext=u:object_r:system_bootstrap_lib_file:s0 tclass=dir permissive=0
11-26 16:12:35.473   856  3974 I         : PrivacyPolicy:Selector::ScanOfSystemDir ./system/lib64/vndk-sp-29/hw
11-26 16:12:35.474   856  3974 I         : PrivacyPolicy:Selector::ScanOfSystemDir ./system/lib
11-26 16:12:35.474   856  3974 I         : PrivacyPolicy:Selector::ScanOfSystemDir ./system/lib/bootstrap
11-26 16:12:35.474  1427  6183 E InputDispatcher: Window handle Window{6659578 u0 myactvity.mahyco/myactvity.mahyco.DownloadMasterdata} has no registered input channel
11-26 16:12:35.477   856  3974 I         : PrivacyPolicy:Open dir error..../system/lib/bootstrap
11-26 16:12:35.477   856  3974 I         : PrivacyPolicy:Selector::ScanOfSystemDir ./system/lib/drm
11-26 16:12:35.478   856  3974 I         : PrivacyPolicy:Selector::ScanOfSystemDir ./system/lib/hw
11-26 16:12:35.479  1427  1484 V BroadcastQueue: Finished with ordered broadcast BroadcastRecord{fd801e4 u0 android.intent.action.DROPBOX_ENTRY_ADDED}
11-26 16:12:35.479   856  3974 I         : PrivacyPolicy:Selector::ScanOfSystemDir ./system/lib/vndk-29
11-26 16:12:35.480   856  3974 I         : PrivacyPolicy:Selector::ScanOfSystemDir ./system/lib/vndk-sp-29
11-26 16:12:35.480   856  3974 I         : PrivacyPolicy:Selector::ScanOfSystemDir ./system/lib/vndk-sp-29/hw
11-26 16:12:35.481   856  3974 I         : PrivacyPolicy:Selector::ScanOfVendorDir ./vendor/bin
11-26 16:12:35.481   575   575 I Zygote  : Process 13681 exited due to signal 9 (Killed)
11-26 16:12:35.482  1427  1652 W InputDispatcher: channel '6faaefa myactvity.mahyco/myactvity.mahyco.DownloadMasterdata (server)' ~ Consumer closed input channel or an error occurred.  events=0x9
11-26 16:12:35.482  1427  1652 E InputDispatcher: channel '6faaefa myactvity.mahyco/myactvity.mahyco.DownloadMasterdata (server)' ~ Channel is unrecoverably broken and will be disposed!
11-26 16:12:35.483  1427  1652 W InputDispatcher: channel '4c45c39 myactvity.mahyco/myactvity.mahyco.UserHome (server)' ~ Consumer closed input channel or an error occurred.  events=0x9
11-26 16:12:35.483  1427  1652 E InputDispatcher: channel '4c45c39 myactvity.mahyco/myactvity.mahyco.UserHome (server)' ~ Channel is unrecoverably broken and will be disposed!
11-26 16:12:35.483  1427  1736 I WindowManager: WIN DEATH: Window{6faaefa u0 myactvity.mahyco/myactvity.mahyco.DownloadMasterdata}
11-26 16:12:35.483  1427  1736 V WindowManager: removeIfPossible: Window{6faaefa u0 myactvity.mahyco/myactvity.mahyco.DownloadMasterdata} callers=com.android.server.wm.WindowState.access$300:262 com.android.server.wm.WindowState$DeathRecipient.binderDied:2927 android.os.BinderProxy.sendDeathNotice:636 <bottom of call stack> <bottom of call stack> 
11-26 16:12:35.483  1427  1736 W InputDispatcher: Attempted to unregister already unregistered input channel '6faaefa myactvity.mahyco/myactvity.mahyco.DownloadMasterdata (server)'
11-26 16:12:35.488  1427  1926 E InputDispatcher: Window handle Window{6faaefa u0 myactvity.mahyco/myactvity.mahyco.DownloadMasterdata} has no registered input channel
11-26 16:12:35.488  1427  1926 E InputDispatcher: Window handle Window{6659578 u0 myactvity.mahyco/myactvity.mahyco.DownloadMasterdata} has no registered input channel
11-26 16:12:35.490  1427  1736 V WindowManager: Not removing Window{6faaefa u0 myactvity.mahyco/myactvity.mahyco.DownloadMasterdata EXITING} due to exit animation 
11-26 16:12:35.499   856  3974 I         : PrivacyPolicy:Selector::ScanOfVendorDir ./vendor/bin/hw
11-26 16:12:35.499  1427  6183 I WindowManager: WIN DEATH: Window{4c45c39 u0 myactvity.mahyco/myactvity.mahyco.UserHome}
11-26 16:12:35.500  1427  6183 V WindowManager: removeIfPossible: Window{4c45c39 u0 myactvity.mahyco/myactvity.mahyco.UserHome} callers=com.android.server.wm.WindowState.access$300:262 com.android.server.wm.WindowState$DeathRecipient.binderDied:2927 android.os.BinderProxy.sendDeathNotice:636 <bottom of call stack> <bottom of call stack> 
11-26 16:12:35.500  1427  6183 W InputDispatcher: Attempted to unregister already unregistered input channel '4c45c39 myactvity.mahyco/myactvity.mahyco.UserHome (server)'
11-26 16:12:35.500  1427  6183 V WindowManager: postWindowRemoveCleanupLocked: Window{4c45c39 u0 myactvity.mahyco/myactvity.mahyco.UserHome}
11-26 16:12:35.500  1427  6183 V WindowManager: Removing Window{4c45c39 u0 myactvity.mahyco/myactvity.mahyco.UserHome} from AppWindowToken{3941c7c token=Token{9a8b76f ActivityRecord{da1ea4e u0 myactvity.mahyco/.UserHome t1489}}}
11-26 16:12:35.504  1427  1489 I StatusBarDisable: setFlags what=0 which=1 pkg=Window{6659578 u0 myactvity.mahyco/myactvity.mahyco.DownloadMasterdata EXITING}
11-26 16:12:35.506   856  3974 I         : PrivacyPolicy:Selector::ScanOfVendorDir ./vendor/lib64
11-26 16:12:35.508  1427  8910 E InputDispatcher: Window handle Window{6faaefa u0 myactvity.mahyco/myactvity.mahyco.DownloadMasterdata} has no registered input channel
11-26 16:12:35.512  1427  9128 I WindowManager: WIN DEATH: Window{6659578 u0 myactvity.mahyco/myactvity.mahyco.DownloadMasterdata EXITING}
11-26 16:12:35.513  1427  9128 V WindowManager: removeIfPossible: Window{6659578 u0 myactvity.mahyco/myactvity.mahyco.DownloadMasterdata EXITING} callers=com.android.server.wm.WindowState.access$300:262 com.android.server.wm.WindowState$DeathRecipient.binderDied:2927 android.os.BinderProxy.sendDeathNotice:636 <bottom of call stack> <bottom of call stack> 
11-26 16:12:35.513  1427  9128 V WindowManager: Not removing Window{6659578 u0 myactvity.mahyco/myactvity.mahyco.DownloadMasterdata EXITING} due to exit animation 
11-26 16:12:35.519  1427  1652 I WindowManager: WINDOW DIED Window{6faaefa u0 myactvity.mahyco/myactvity.mahyco.DownloadMasterdata EXITING}
11-26 16:12:35.519  1427  1652 V WindowManager: removeIfPossible: Window{6faaefa u0 myactvity.mahyco/myactvity.mahyco.DownloadMasterdata EXITING} callers=com.android.server.wm.WindowState.removeIfPossible:2260 com.android.server.wm.InputManagerCallback.notifyInputChannelBroken:60 com.android.server.input.InputManagerService.notifyInputChannelBroken:1881 <bottom of call stack> <bottom of call stack> 
11-26 16:12:35.519  1427  1652 V WindowManager: Not removing Window{6faaefa u0 myactvity.mahyco/myactvity.mahyco.DownloadMasterdata EXITING} due to exit animation 
11-26 16:12:35.529  1427  8910 E InputDispatcher: Window handle Window{6faaefa u0 myactvity.mahyco/myactvity.mahyco.DownloadMasterdata} has no registered input channel
11-26 16:12:35.536  1427  9128 E InputDispatcher: Window handle Window{6faaefa u0 myactvity.mahyco/myactvity.mahyco.DownloadMasterdata} has no registered input channel
11-26 16:12:35.542  1427  1652 W WindowManager: Failed looking up window callers=com.android.server.wm.InputManagerCallback.notifyInputChannelBroken:57 com.android.server.input.InputManagerService.notifyInputChannelBroken:1881 <bottom of call stack> 
11-26 16:12:35.542  2149 12784 D HwRecentsTaskUtils: refreshToCache
11-26 16:12:35.542  2149 12784 D HwRecentsTaskUtils: searchFromDate
11-26 16:12:35.545   856  3974 I         : PrivacyPolicy:Selector::ScanOfVendorDir ./vendor/lib64/egl
11-26 16:12:35.548   856  3974 I         : PrivacyPolicy:Selector::ScanOfVendorDir ./vendor/lib64/hw
11-26 16:12:35.553  1427  7658 I ActivityManager: Process myactvity.mahyco (pid 13681) has died: fore TOP 
11-26 16:12:35.553  1427  7658 D ActivityManager: cleanUpApplicationRecord app: ProcessRecord{1b09841 13681:myactvity.mahyco/u0a247}, app.bad: false, restarting: false, allowRestart: true
11-26 16:12:35.554  1427  1499 I HwPowerManagerService: appdie release wakelock, pid = 13681, uid = 10247
11-26 16:12:35.557  1427  1506 I libprocessgroup: Successfully killed process cgroup uid 10247 pid 13681 in 0ms
11-26 16:12:35.558   856  3974 I         : PrivacyPolicy:Selector::ScanOfVendorDir ./vendor/lib64/hwcam
11-26 16:12:35.559  1427  7658 V WindowManager: Exit animation finished in Window{6659578 u0 myactvity.mahyco/myactvity.mahyco.DownloadMasterdata EXITING}: remove=true
11-26 16:12:35.560  1427  7658 E WindowManager: win=Window{6659578 u0 myactvity.mahyco/myactvity.mahyco.DownloadMasterdata EXITING} destroySurfaces: appStopped=false win.mWindowRemovalAllowed=true win.mRemoveOnExit=true
11-26 16:12:35.560 14661 14661 D BoundBrokerSvc: onUnbind: Intent { act=com.google.android.gms.measurement.START pkg=com.google.android.gms }
11-26 16:12:35.561   856  3974 I         : PrivacyPolicy:Selector::ScanOfVendorDir ./vendor/lib64/mediacas
11-26 16:12:35.562  1427  7658 V WindowManager: postWindowRemoveCleanupLocked: Window{6659578 u0 myactvity.mahyco/myactvity.mahyco.DownloadMasterdata}
11-26 16:12:35.562  1427  7658 V WindowManager: Removing Window{6659578 u0 myactvity.mahyco/myactvity.mahyco.DownloadMasterdata} from AppWindowToken{9fb3c8c token=Token{6570dbf ActivityRecord{77567de u0 myactvity.mahyco/.DownloadMasterdata t1489}}}
11-26 16:12:35.565   856  3974 I         : PrivacyPolicy:Selector::ScanOfVendorDir ./vendor/lib64/mediadrm
11-26 16:12:35.567   856  3974 I         : PrivacyPolicy:Selector::ScanOfVendorDir ./vendor/lib64/soundfx
11-26 16:12:35.568  1953  9563 E HsmCoreServiceImpl: onTransact in code is: 102
11-26 16:12:35.569  1953  9563 I MediaProcessHandler: processOp opType: 1, uid: 10247, pid: 13681
11-26 16:12:35.569  1953  9563 W MediaProcessHandler: remove target not exist, maybe the UI process: uid: 10247, pid: 13681
11-26 16:12:35.569  1953  9563 I MediaProcessHandler: executedCallBack opType: 1 mMediaStatusObservers.size=0
11-26 16:12:35.570  1953 31480 I BoosterSwitchP: notifyUidState do nothing
11-26 16:12:35.570  1953 31480 I DeepNoDisturbP: notifyUidState
11-26 16:12:35.570  1953 31480 I BrowserChrP: notifyUidState
11-26 16:12:35.571   856  3974 I         : PrivacyPolicy:Selector::ScanOfVendorDir ./vendor/lib
11-26 16:12:35.578   790  1179 D iTouchService: itouch currentPackageName = myactvity.mahyco
11-26 16:12:35.578   790  1179 D iTouchService: itouch appType=-1 appState=0 gameMode=1
11-26 16:12:35.578   790  1179 D iTouchService: g_itouch_reader_monitor empty
11-26 16:12:35.578   790  1179 D iTouchService: g_itouch_reader_monitor Monitor::isReaderMonitorEnable()=0
11-26 16:12:35.578   790  1179 D iTouchService: itouch getCurrentParmID tempPkg=myactvity.xxx
11-26 16:12:35.578   790  1179 D iTouchService: itouch:app myactvity.mahyco is  not game app
11-26 16:12:35.578   790  1179 D iTouchService: itouch:app myactvity.mahyco is  not in StylusPenList
11-26 16:12:35.578   790  1179 D iTouchService: itouch:styluspen_switch is disable
11-26 16:12:35.578   790  1179 D iTouchService: itouch:currentAppTypeName =|UNKNOWN|
11-26 16:12:35.594  1427  7658 V WindowManager: removeAppToken: AppWindowToken{9fb3c8c token=Token{6570dbf ActivityRecord{77567de u0 myactvity.mahyco/.DownloadMasterdata t1489}}} delayed=true Callers=com.android.server.wm.DisplayContent.removeAppToken:1204 com.android.server.wm.ActivityRecord.removeWindowContainer:1299 com.android.server.wm.ActivityStack.removeActivityFromHistoryLocked:4927 com.android.server.wm.ActivityStack.removeHistoryRecordsForAppLocked:5346 
11-26 16:12:35.594  1427  7658 V WindowManager: removeAppToken make exiting: AppWindowToken{9fb3c8c token=Token{6570dbf ActivityRecord{77567de u0 myactvity.mahyco/.DownloadMasterdata t1489}}}
11-26 16:12:35.597   856  3974 I         : PrivacyPolicy:Selector::ScanOfVendorDir ./vendor/lib/egl
11-26 16:12:35.598  1427  1499 W SecurityProfileService: Activity life state callback extras get package null!
11-26 16:12:35.599  1427  1499 I HwAudioServiceEx: ComponentInfo : className = myactvity.mahyco.UserHome, flag=showStartingWindow, isHomeActivity=, isTop=false
11-26 16:12:35.600  4585  4604 W FrameworkRegistry: CAWARENESS: ActivityNotifier unknown state
11-26 16:12:35.600 21354 27160 I HiAdKit.DC.PageSwitchMonitor:  call
11-26 16:12:35.601  1953  9563 E DollieActivityManagerAdapter: HwActivityNotifierEx null uid
11-26 16:12:35.602 21354 12923 I HiAdKit.DC.PageSwitchEvent:  switch is off
11-26 16:12:35.610   856  3974 I         : PrivacyPolicy:Selector::ScanOfVendorDir ./vendor/lib/hw
11-26 16:12:35.623   856  3974 I         : PrivacyPolicy:Selector::ScanOfVendorDir ./vendor/lib/hwcam
11-26 16:12:35.628   856  3974 I         : PrivacyPolicy:Selector::ScanOfVendorDir ./vendor/lib/mediacas
11-26 16:12:35.631   856  3974 I         : PrivacyPolicy:Selector::ScanOfVendorDir ./vendor/lib/mediadrm
11-26 16:12:35.635   856  3974 I         : PrivacyPolicy:Selector::ScanOfVendorDir ./vendor/lib/soundfx
11-26 16:12:35.638   856  3974 E iMonitor: FaultDetect: DumptoolPrintf return.
11-26 16:12:35.639   856  3974 E iMonitor: FaultDetect: DumptoolPrintf return.
11-26 16:12:35.639   856  3974 E iMonitor: FaultDetect: FaultEngineTracePrintf return.
11-26 16:12:35.639   856  3975 E iMonitor: FaultDetect: DumptoolPrintf return.
11-26 16:12:35.639   856  3975 E iMonitor: FaultDetect: DumptoolPrintf return.
11-26 16:12:35.639   856  3975 I iMonitor: create: 0
11-26 16:12:35.639   856  3975 E iMonitor: FaultDetect: DumptoolPrintf return.
11-26 16:12:35.639  1427  1492 V WindowManager: addWindow: Window{4ae69ac u0 Splash Screen myactvity.mahyco}
11-26 16:12:35.647   856  3975 I iMonitor: send: 0
11-26 16:12:35.647   856  3975 E iMonitor: FaultDetect: DumptoolPrintf return.
11-26 16:12:35.647   856  3975 E iMonitor: FaultDetect: DumptoolPrintf return.
11-26 16:12:35.655  1427 13796 D HiTouch_PressGestureDetector: onAttached, package=myactvity.mahyco, windowType=3, mHiTouchRestricted=false
11-26 16:12:35.657   856  3975 E iMonitor: FaultDetect: FaultEngineTracePrintf return.
11-26 16:12:35.661  1427  1736 V ActivityManager: Successfully start provider ContentProviderRecord{6813552 u0 com.android.systemui/.recents.HwRecentsLockProdiver} launchingApp=null caller pid= 2149
11-26 16:12:35.657   856  3975 E iMonitor: FaultDetect: FaultEngineTracePrintf return.
11-26 16:12:35.665   595   595 I GRALLOC : getCallingPid=643, shrFd=10,fmt=0x1,intFmt=0x1,btStrd=4352,size=10186752,pid=595 
11-26 16:12:35.665   595   595 I GRALLOC : 	 yuv=2,w=1080,h=2340,Stride u=0 v=0,offset u=0 v=0 
11-26 16:12:35.665   595   595 I GRALLOC : 	 iova_size=10186752,conUsg=0x906,proUsg=0x966,	 strd=1088,[afbc]HdrStrd=0 PyldStrd=0 Scrmbl=0,ionhnd = 0 
11-26 16:12:35.672  1427  1491 V ActivityManager: startProcess: name=myactvity.mahyco app=null knownToBeDead=false thread=null pid=-1
11-26 16:12:35.672  1953  7004 D DollieActivityManagerAdapter: [UidGone]  uid:10247
11-26 16:12:35.672  1953  7004 E DollieAdapterService: notifyActivityState pkg:myactvity.mahyco/myactvity.mahyco.DownloadMasterdata state:20 fg:false mUid:10247
11-26 16:12:35.676  1427  1491 V ActivityManager: startProcess: name=myactvity.mahyco app=ProcessRecord{4eb2e7b 0:myactvity.mahyco/u0a247} knownToBeDead=false thread=null pid=0
11-26 16:12:35.676   830   858 D AwareLog: iawared: WorkingsetProcessCommand subCmd = 352, userId=10247, pid=13681, myactvity.mahyco/.DownloadMasterdata
11-26 16:12:35.676   830   858 D AwareLog: iawared: WorkingsetStop myactvity.mahyco/.DownloadMasterdata
11-26 16:12:35.676  1427  1489 W Looper  : Slow dispatch took 113ms android.ui h=com.android.server.am.ActivityManagerService$UiHandler c=null m=53
11-26 16:12:35.678  1953 31480 E HsmCoreServiceImpl: onTransact in code is: 103
11-26 16:12:35.679  1953 31480 I MediaProcessHandler: playingUids: 
11-26 16:12:35.680  1953  7004 I HidataAppQoeP: foregroundUidRemove uid: 10247 name: myactvity.mahyco
11-26 16:12:35.682  1953  2230 I HwPacketFilterBypass: handleActivityUidStateChanged uid:10247 -1 foreground:0
11-26 16:12:35.682  1953  2230 I HwPacketFilterBypass: isAllowSendSmartCureToChr false, no exceptions occur, dropCnt:0
11-26 16:12:35.683   830   858 D AwareLog: iawared: WorkingsetProcessCommand subCmd = 354, userId=10247, pid=0, myactvity.mahyco
11-26 16:12:35.683   830   858 D AwareLog: iawared: WorkingsetSendPrereadMsg myactvity.mahyco
11-26 16:12:35.683   830   858 D AwareLog: iawared: WorkingsetStart myactvity.mahyco in monitor0
11-26 16:12:35.684  1427  1492 V WindowManager: Exit animation finished in Window{6faaefa u0 myactvity.mahyco/myactvity.mahyco.DownloadMasterdata EXITING}: remove=true
11-26 16:12:35.685  1427  1492 E WindowManager: win=Window{6faaefa u0 myactvity.mahyco/myactvity.mahyco.DownloadMasterdata EXITING} destroySurfaces: appStopped=false win.mWindowRemovalAllowed=true win.mRemoveOnExit=true
11-26 16:12:35.686  1427  1492 V WindowManager: postWindowRemoveCleanupLocked: Window{6faaefa u0 myactvity.mahyco/myactvity.mahyco.DownloadMasterdata}
11-26 16:12:35.686  1427  1492 V WindowManager: Removing Window{6faaefa u0 myactvity.mahyco/myactvity.mahyco.DownloadMasterdata} from AppWindowToken{9fb3c8c token=Token{6570dbf ActivityRecord{77567de u0 myactvity.mahyco/.DownloadMasterdata t1489}}} mIsExiting=
11-26 16:12:35.709  1427  1491 W ActivityManager: setHasOverlayUi called on unknown pid: 13681
11-26 16:12:35.716   575   575 D Zygote  : Forked child process 13797
11-26 16:12:35.720  1427  1505 I ActivityManager: Start proc 13797:myactvity.mahyco/u0a247 for activity {myactvity.mahyco/myactvity.mahyco.UserHome}
11-26 16:12:35.720  1427  1973 E ProcessInfoCollector: getProcessInfo: failed to find this proc 
11-26 16:12:35.722   830   858 D AwareLog: iawared: WorkingsetProcessCommand subCmd = 350, userId=10247, pid=13797, myactvity.mahyco
11-26 16:12:35.722   830   858 D AwareLog: iawared: WorkingsetStart myactvity.mahyco in monitor0
11-26 16:12:35.723 13797 13797 I yactvity.mahyc: Late-enabling -Xcheck:jni
11-26 16:12:35.768 13797 13797 E yactvity.mahyc: Unknown bits set in runtime_flags: 0x8000
11-26 16:12:35.770 13797 13797 I yactvity.mahyc: Reinit property: dalvik.vm.checkjni= false
11-26 16:12:35.800 13797 13797 E libc    : Access denied finding property "runtime.mmitest.isrunning"
11-26 16:12:35.805 13797 13797 D ActivityThread: Attach thread to application
11-26 16:12:35.826  1427  1492 I HwWindowManagerServiceEx: closing apps count = 1
11-26 16:12:35.827  1427  1492 D HwWindowManagerServiceEx: is app exit to launcher info: transit = 26, app = AppWindowToken{9fb3c8c token=Token{6570dbf ActivityRecord{77567de u0 myactvity.mahyco/.DownloadMasterdata t1489}}} mIsExiting=, window = null, mClosingApps = {AppWindowToken{9fb3c8c token=Token{6570dbf ActivityRecord{77567de u0 myactvity.mahyco/.DownloadMasterdata t1489}}} mIsExiting=}, topOpeningApp = AppWindowToken{3941c7c token=Token{9a8b76f ActivityRecord{da1ea4e u0 myactvity.mahyco/.UserHome t1489}}}, mExitIconBitmap = null, mExitIconHeight = -1, mExitIconWidth = -1
11-26 16:12:35.828  1427  1492 D HwWindowManagerServiceEx: is app exit to launcher info: transit = 26, app = AppWindowToken{3941c7c token=Token{9a8b76f ActivityRecord{da1ea4e u0 myactvity.mahyco/.UserHome t1489}}}, window = null, mClosingApps = {AppWindowToken{9fb3c8c token=Token{6570dbf ActivityRecord{77567de u0 myactvity.mahyco/.DownloadMasterdata t1489}}} mIsExiting=}, topOpeningApp = AppWindowToken{3941c7c token=Token{9a8b76f ActivityRecord{da1ea4e u0 myactvity.mahyco/.UserHome t1489}}}, mExitIconBitmap = null, mExitIconHeight = -1, mExitIconWidth = -1
11-26 16:12:35.830  1427  1492 V WindowManager: removeAppToken: AppWindowToken{9fb3c8c token=Token{6570dbf ActivityRecord{77567de u0 myactvity.mahyco/.DownloadMasterdata t1489}}} delayed=false Callers=com.android.server.wm.AppWindowToken.removeImmediately:979 com.android.server.wm.AppWindowToken.removeIfPossible:990 com.android.server.wm.AppWindowToken.checkCompleteDeferredRemoval:996 com.android.server.wm.WindowContainer.checkCompleteDeferredRemoval:716 
11-26 16:12:35.832  1427  1489 I StatusBarDisable: setFlags what=0 which=1 pkg=Window{4ae69ac u0 Splash Screen myactvity.mahyco}
11-26 16:12:35.838 13797 13797 I yactvity.mahyc: The ClassLoaderContext is a special shared library.
11-26 16:12:35.847  1427  1491 W         : Failed to UpdateQosForCgroupInner, tid=0, policy=10
11-26 16:12:35.851  1953 31480 I BoosterSwitchP: notifyUidState do nothing
11-26 16:12:35.852  1953 31480 I DeepNoDisturbP: notifyUidState
11-26 16:12:35.852  1953 31480 I BrowserChrP: notifyUidState
11-26 16:12:35.852  1981  2458 E HSC_SEC_BG: AiProtectionUtils:AI is not supported, current platform is:kirin710
11-26 16:12:35.852   790  1179 D iTouchService: itouch currentPackageName = myactvity.mahyco
11-26 16:12:35.852   790  1179 D iTouchService: itouch appType=-1 appState=1 gameMode=1
11-26 16:12:35.852   790  1179 D iTouchService: g_itouch_reader_monitor empty
11-26 16:12:35.852   790  1179 D iTouchService: g_itouch_reader_monitor Monitor::isReaderMonitorEnable()=0
11-26 16:12:35.852   790  1179 D iTouchService: itouch getCurrentParmID tempPkg=myactvity.xxx
11-26 16:12:35.853   790  1179 D iTouchService: itouch:app myactvity.mahyco is  not game app
11-26 16:12:35.853   790  1179 D iTouchService: itouch:app myactvity.mahyco is  not in StylusPenList
11-26 16:12:35.853   790  1179 D iTouchService: itouch:styluspen_switch is disable
11-26 16:12:35.853   790  1179 D iTouchService: itouch:currentAppTypeName =|UNKNOWN|
11-26 16:12:35.853   790  1179 D iTouchService: jackey into set agp_prefetch_view_enable 0
11-26 16:12:35.869  1427  7621 I HwAudioService: now type = -1,reportForegroundAppType = -1,pkg = null,systemload = -1mVoipOptimizeInGameModetrue
11-26 16:12:35.870   637   637 D SwsHandle: SWS set game flag false
11-26 16:12:35.870   637   637 I HuaweiAudioFlinger: karaoke white list size=0
11-26 16:12:35.871   604 12401 I audio_hw_effect: get streamType fail: -2
11-26 16:12:35.871   604 12401 I audio_hw_primary: update stream types 0
11-26 16:12:35.871   604 12401 I audio_cust_utils: setparam_list_search:find item game_mode=off
11-26 16:12:35.871   604 12401 I audio_custom: game mode exit
11-26 16:12:35.871   604 12401 I dsp_soc : set primary algo bypass 0 succ
11-26 16:12:35.875  1427  1736 I HwNetworkPolicy: onTransact, code = 203
11-26 16:12:35.876  1981  2616 I HwNetworkPolicyManager: getHwUidPolicy uid = 10247 policy = 0
11-26 16:12:35.878  1427  7621 I PackageManager: getInstalledPackages cost 3 ms, flags: 786432, userId: 0, callingUid: 2000, callingPid: 13824
11-26 16:12:35.888  1427  1491 W ActivityTaskManager: Activity top resumed state loss timeout for ActivityRecord{77567de u0 myactvity.mahyco/.DownloadMasterdata t-1 f}
11-26 16:12:36.055   604 12401 I audio_hw_primary: usb_ext_get_parameters: check show hires (false)
11-26 16:12:36.133  1427  1669 I TrafficMonitor: expired arrive. level:-1
11-26 16:12:36.133  1427  1669 I TrafficMonitor: during_ms:2007,period_ms:2000
11-26 16:12:36.133  1427  1669 I TrafficMonitor: count:961,rx_sum:2,tx_sum:2,rxBytes:389,during_ms:2007,rx_speed:193.82162431489783,tx_speed:326.35774788241156,rto:1.0
11-26 16:12:36.501 13797 13797 I yactvity.mahyc: QarthPatchMonintor::Init
11-26 16:12:36.501 13797 13797 I yactvity.mahyc: 
11-26 16:12:36.501 13797 13797 I yactvity.mahyc: QarthPatchMonintor::StartWatch
11-26 16:12:36.501 13797 13797 I yactvity.mahyc: 
11-26 16:12:36.501 13797 13797 I yactvity.mahyc: QarthPatchMonintor::WatchPackage: /data/hotpatch/fwkhotpatch/
11-26 16:12:36.501 13797 13797 I yactvity.mahyc: 
11-26 16:12:36.501 13797 13797 I yactvity.mahyc: QarthPatchMonintor::CheckAndWatchPatch: /data/hotpatch/fwkhotpatch/myactvity.mahyco
11-26 16:12:36.501 13797 13797 I yactvity.mahyc: 
11-26 16:12:36.501 13797 13797 I yactvity.mahyc: QarthPatchMonintor::CheckAndWatchPatch: /data/hotpatch/fwkhotpatch/all
11-26 16:12:36.501 13797 13797 I yactvity.mahyc: 
11-26 16:12:36.501 13797 13797 I yactvity.mahyc: QarthPatchMonintor::Run
11-26 16:12:36.501 13797 13797 I yactvity.mahyc: 
11-26 16:12:36.502 13797 13832 I yactvity.mahyc: QarthPatchMonintor::Reading
11-26 16:12:36.502 13797 13832 I yactvity.mahyc: 
11-26 16:12:36.502 13797 13832 I yactvity.mahyc: QarthPatchMonintor::CheckNotifyEvent
11-26 16:12:36.502 13797 13832 I yactvity.mahyc: 
11-26 16:12:36.502 13797 13832 I yactvity.mahyc: QarthPatchMonintor::CheckNotifyEvent before read
11-26 16:12:36.502 13797 13832 I yactvity.mahyc: 
11-26 16:12:36.511 13797 13818 I HwApiCacheMangerEx: apicache path=/storage/emulated/0 state=mounted key=myactvity.mahyco#10247#256
11-26 16:12:36.515 13797 13818 I HwApiCacheMangerEx: apicache path=/storage/emulated/0 state=mounted key=myactvity.mahyco#10247#0
11-26 16:12:36.525 13797 13797 I MultiDex: VM with version 2.1.0 has multidex support
11-26 16:12:36.525 13797 13797 I MultiDex: Installing application
11-26 16:12:36.525 13797 13797 I MultiDex: VM has multidex support, MultiDex support library is disabled.
11-26 16:12:36.530 13797 13818 I AwareBitmapCacher: init processName:myactvity.mahyco pid=13797 uid=10247
11-26 16:12:36.534 13797 13836 E AwareLog: AtomicFileUtils: readFileLines file not exist: android.util.AtomicFile@d991b33
11-26 16:12:36.535 13797 13836 E AwareLog: AtomicFileUtils: readFileLines file not exist: android.util.AtomicFile@cec4ef0
11-26 16:12:36.547 13797 13797 I FirebaseApp: Device unlocked: initializing all Firebase APIs for app [DEFAULT]
11-26 16:12:36.581  1427  7621 V ActivityManager: Successfully start provider ContentProviderRecord{80e94b u0 com.android.providers.settings/.hwext.HwSettingsProvider} launchingApp=null caller pid= 13797
11-26 16:12:36.603 13797 13842 D TransportRuntime.JobInfoScheduler: Upload for context TransportContext(cct, HIGHEST, MSRodHRwczovL2NyYXNobHl0aWNzcmVwb3J0cy1wYS5nb29nbGVhcGlzLmNvbS92MS9maXJlbG9nL2xlZ2FjeS9iYXRjaGxvZ1xBSXphU3lCcnBTWVQ0RkZMMDlyZUhKaTZIOUZZZGVpU25VVE92Mk0=) is already scheduled. Returning...
11-26 16:12:36.611 13797 13845 I DynamiteModule: Considering local module com.google.android.gms.measurement.dynamite:17 and remote module com.google.android.gms.measurement.dynamite:0
11-26 16:12:36.611 13797 13845 I DynamiteModule: Selected local version of com.google.android.gms.measurement.dynamite
11-26 16:12:36.617 13797 13845 D HwFrameworkSecurityPartsFactory: HwFrameworkSecurityPartsFactory in.
11-26 16:12:36.617 13797 13845 I HwFrameworkSecurityPartsFactory: add HwFrameworkSecurityPartsFactory to memory.
11-26 16:12:36.619  1427  7621 V ActivityManager: Successfully start provider ContentProviderRecord{493cb08 u0 com.google.android.gms/.chimera.container.GmsModuleProvider} launchingApp=null caller pid= 13797
11-26 16:12:36.644 13797 13797 I FirebaseCrashlytics: Initializing Crashlytics 17.2.1
11-26 16:12:36.696 13797 13797 I FirebaseInitProvider: FirebaseApp initialization successful
11-26 16:12:36.705 13797 13856 I DynamiteModule: Considering local module com.google.android.gms.flags:3 and remote module com.google.android.gms.flags:3
11-26 16:12:36.705 13797 13856 I DynamiteModule: Selected local version of com.google.android.gms.flags
11-26 16:12:36.722  1427  7658 V ActivityManager: Successfully start provider ContentProviderRecord{615aeba u0 com.google.android.gms/.phenotype.provider.ConfigurationProvider} launchingApp=null caller pid= 13797
11-26 16:12:36.723 13797 13856 W DynamiteModule: Local module descriptor class for com.google.android.gms.crash not found.
11-26 16:12:36.727 13797 13856 I DynamiteModule: Considering local module com.google.android.gms.crash:0 and remote module com.google.android.gms.crash:215
11-26 16:12:36.727 13797 13856 I DynamiteModule: Selected remote version of com.google.android.gms.crash, version >= 215
11-26 16:12:36.727 13797 13856 V DynamiteModule: Dynamite loader version >= 2, using loadModule2NoCrashUtils
11-26 16:12:36.787 13797 13851 V FA      : App measurement collection enabled
11-26 16:12:36.790 13797 13851 V FA      : App measurement enabled for app package, google app id: myactvity.mahyco, 1:335889981723:android:2978f7e746aa48f5
11-26 16:12:36.792 13797 13851 I FA      : App measurement initialized, version: 31049
11-26 16:12:36.792 13797 13851 I FA      : To enable debug logging run: adb shell setprop log.tag.FA VERBOSE
11-26 16:12:36.792 13797 13851 I FA      : To enable faster debug mode event logging run:
11-26 16:12:36.792 13797 13851 I FA      :   adb shell setprop debug.firebase.analytics.app myactvity.mahyco
11-26 16:12:36.792 13797 13851 D FA      : Debug-level message logging enabled
11-26 16:12:36.800 13797 13856 I FirebaseCrashApiImpl: FirebaseCrashApiImpl created by ClassLoader dalvik.system.DelegateLastClassLoader[DexPathList[[zip file "/data/user_de/0/com.google.android.gms/app_chimera/m/0000008b/DynamiteModulesC.apk"],nativeLibraryDirectories=[/data/user_de/0/com.google.android.gms/app_chimera/m/0000008b/DynamiteModulesC.apk!/lib/arm64-v8a, /system/lib64, /system/product/lib64, /hw_product/lib64, /system/product/lib64]]]
11-26 16:12:36.800 13797 13856 I FirebaseCrash: FirebaseCrash reporting loaded - com.google.android.gms.internal.crash.zzo@d934a94
11-26 16:12:36.813 13797 13797 V ActivityThread: callActivityOnCreate
11-26 16:12:36.818 13797 13858 I DynamiteModule: Considering local module com.google.android.gms.flags:3 and remote module com.google.android.gms.flags:3
11-26 16:12:36.818 13797 13858 I DynamiteModule: Selected local version of com.google.android.gms.flags
11-26 16:12:36.833 13797 13858 W DynamiteModule: Local module descriptor class for com.google.android.gms.crash not found.
11-26 16:12:36.836 13797 13845 V FA      : onActivityCreated
11-26 16:12:36.854 13797 13851 V FA      : Connecting to remote service
11-26 16:12:36.854 13797 13797 V HwWidgetFactory: : successes to get AllImpl object and return....
11-26 16:12:36.858  1427  7658 D HwConnectivityServiceEx: set cache by key is 10247 interfaceName iswlan0 value is false
11-26 16:12:36.868 14661 14661 D BoundBrokerSvc: onBind: Intent { act=com.google.android.gms.measurement.START pkg=com.google.android.gms }
11-26 16:12:36.868 14661 14661 D BoundBrokerSvc: Loading bound service for intent: Intent { act=com.google.android.gms.measurement.START pkg=com.google.android.gms }
11-26 16:12:36.884 13797 13858 I FirebaseCrashApiImpl: FirebaseCrash reporting API initialized
11-26 16:12:36.885 13797 13858 I FirebaseCrash: FirebaseCrash reporting initialized com.google.android.gms.internal.crash.zzo@d934a94
11-26 16:12:36.887 13797 13858 D FirebaseCrash: Firebase Analytics Listener for Firebase Crash is initialized
11-26 16:12:36.888 13797 13851 V FA      : Connection attempt already in progress
11-26 16:12:36.889 13797 13797 W yactvity.mahyc: Accessing hidden method Landroid/view/View;->computeFitSystemWindows(Landroid/graphics/Rect;Landroid/graphics/Rect;)Z (greylist, reflection, allowed)
11-26 16:12:36.890 13797 13797 W yactvity.mahyc: Accessing hidden method Landroid/view/ViewGroup;->makeOptionalFitsSystemWindows()V (greylist, reflection, allowed)
11-26 16:12:36.904 13797 13851 V FA      : Connection attempt already in progress
