11-26 16:12:36.904 13797 13797 I OverScrollerOptimization: start init SmartSlideOverScroller and get the overscroller config
11-26 16:12:36.904 13797 13797 I OverScrollerOptimization: get the overscroller config
11-26 16:12:37.071 13797 13797 D Rajshri : DB_PATH: /storage/emulated/0/Android/data/myactvity.mahyco/files/Documents/SQLiteDB/MDOApps.db
11-26 16:12:37.088 13797 13797 D myactvity.mahyco.UserHome: USER CODE Decrypted User code : mh213
11-26 16:12:37.101  1427  7621 D ConnectivityService: get Network state from cache, cacheBlock is 0
11-26 16:12:37.104 13797 13797 D myactvity.mahyco.UserHome: USER CODE Decrypted User code : mh213
11-26 16:12:37.107 13797 13797 D AppFeed_MAA: GET PREF SAVED AS : true
11-26 16:12:37.110 13797 13797 D ActivityThread: add activity client record, r= ActivityRecord{82ff8d9 token=android.os.BinderProxy@7e56782 {myactvity.mahyco/myactvity.mahyco.UserHome}} token= android.os.BinderProxy@7e56782
11-26 16:12:37.145  1427  1669 I TrafficMonitor: update:rxPkts:2,txPkts:2,rxBytes:112,txBytes:80
11-26 16:12:37.145  1427  1669 I TrafficMonitor: start expired. level:-1
11-26 16:12:37.145  1427  1669 I TrafficMonitor: gettimer:interval=2000
11-26 16:12:37.155 13797 13851 V FA      : Connection attempt already in progress
11-26 16:12:37.162 13797 13851 I FA      : Tag Manager is not found and thus will not be used
11-26 16:12:37.204  1427  7658 E WindowManager: App trying to use insecure INPUT_FEATURE_NO_INPUT_CHANNEL flag. Ignoring
11-26 16:12:37.205   574 22056 I netd    : trafficSwapActiveStatsMap() <14.01ms>
11-26 16:12:37.207 13797 13851 V FA      : Connection attempt already in progress
11-26 16:12:37.207  1427  7658 D ZrHung.AppEyeFocusWindow: FocusWindowErrorScene cancelCheckFreezeScreen
11-26 16:12:37.207  1427  1489 I StatusBarDisable: setFlags what=0 which=1 pkg=Window{a8d49b3 u0 Please wait...}
11-26 16:12:37.207  1427  7658 D ZrHung.AppEyeTransparentWindow: TransparentWindow mHungConfigStatus = 0,mHungConfigEnable = 1
11-26 16:12:37.208  1427  7658 V WindowManager: addWindow: Window{a8d49b3 u0 Please wait...}
11-26 16:12:37.208  2104 20837 I DownloadState: singleUid: 10247 [myactvity.mahyco] speed: 218 real speed: 217 (rxB:357 txB:735 rxP:2 txP:4) scroff: false
11-26 16:12:37.211  1427  7621 V WindowManager: removeIfPossible: Window{a8d49b3 u0 Please wait...} callers=com.android.server.wm.WindowState.removeIfPossible:2260 com.android.server.wm.WindowManagerService.removeWindow:2025 com.android.server.wm.Session.remove:176 android.view.IWindowSession$Stub.onTransact:634 com.android.server.wm.Session.onTransact:134 
11-26 16:12:37.211  1427  7621 V WindowManager: postWindowRemoveCleanupLocked: Window{a8d49b3 u0 Please wait...}
11-26 16:12:37.212  1427  7621 V WindowManager: Removing Window{a8d49b3 u0 Please wait...} from AppWindowToken{3941c7c token=Token{9a8b76f ActivityRecord{da1ea4e u0 myactvity.mahyco/.UserHome t1489}}}
11-26 16:12:37.216  2104 20837 I DownloadState: shareUid: 0 default_socket transmitting data speed : 16 bytes/s (rxB:40 txB:40 rxP:1 txP:1 iface:1) scroff: false
11-26 16:12:37.225  1427  7621 D ZrHung.AppEyeFocusWindow: FocusWindowErrorScene CheckFreezeScreen
11-26 16:12:37.225  1427  7621 D ZrHung.AppEyeTransparentWindow: TransparentWindow cancelCheckFreezeScreen
11-26 16:12:37.226  1427  1489 I StatusBarDisable: setFlags what=0 which=1 pkg=Window{4ae69ac u0 Splash Screen myactvity.mahyco}
11-26 16:12:37.226  1427  1492 V WindowManager: removeIfPossible: Window{4ae69ac u0 Splash Screen myactvity.mahyco} callers=com.android.server.wm.WindowState.removeIfPossible:2260 com.android.server.wm.WindowManagerService.removeWindow:2025 com.android.server.wm.Session.remove:176 android.view.ViewRootImpl.dispatchDetachedFromWindow:4411 android.view.ViewRootImpl.doDie:7572 
11-26 16:12:37.228  1427  1492 V WindowManager: postWindowRemoveCleanupLocked: Window{4ae69ac u0 Splash Screen myactvity.mahyco}
11-26 16:12:37.228  1427  1492 V WindowManager: Removing Window{4ae69ac u0 Splash Screen myactvity.mahyco} from AppWindowToken{3941c7c token=Token{9a8b76f ActivityRecord{da1ea4e u0 myactvity.mahyco/.UserHome t1489}}}
11-26 16:12:37.321  1427  7621 E WindowManager: App trying to use insecure INPUT_FEATURE_NO_INPUT_CHANNEL flag. Ignoring
11-26 16:12:37.324  1427  7621 D ZrHung.AppEyeFocusWindow: FocusWindowErrorScene cancelCheckFreezeScreen
11-26 16:12:37.324  1427  1489 I StatusBarDisable: setFlags what=0 which=1 pkg=Window{b6fb76e u0 Please wait...}
11-26 16:12:37.324  1427  7621 D ZrHung.AppEyeTransparentWindow: TransparentWindow mHungConfigStatus = 0,mHungConfigEnable = 1
11-26 16:12:37.324  1427  7621 V WindowManager: addWindow: Window{b6fb76e u0 Please wait...}
11-26 16:12:37.328  1427  7621 V WindowManager: removeIfPossible: Window{b6fb76e u0 Please wait...} callers=com.android.server.wm.WindowState.removeIfPossible:2260 com.android.server.wm.WindowManagerService.removeWindow:2025 com.android.server.wm.Session.remove:176 android.view.IWindowSession$Stub.onTransact:634 com.android.server.wm.Session.onTransact:134 
11-26 16:12:37.329  1427  7621 V WindowManager: postWindowRemoveCleanupLocked: Window{b6fb76e u0 Please wait...}
11-26 16:12:37.329  1427  7621 V WindowManager: Removing Window{b6fb76e u0 Please wait...} from AppWindowToken{3941c7c token=Token{9a8b76f ActivityRecord{da1ea4e u0 myactvity.mahyco/.UserHome t1489}}}
11-26 16:12:37.336  1427  7621 D ZrHung.AppEyeFocusWindow: FocusWindowErrorScene CheckFreezeScreen
11-26 16:12:37.336  1427  7621 D ZrHung.AppEyeTransparentWindow: TransparentWindow cancelCheckFreezeScreen
11-26 16:12:37.350 13797 13851 V FA      : Activity resumed, time: 623478131
11-26 16:12:37.358  1427  7621 E WindowManager: App trying to use insecure INPUT_FEATURE_NO_INPUT_CHANNEL flag. Ignoring
11-26 16:12:37.360  1427  7621 V WindowManager: addWindow: Window{8a27e9c u0 myactvity.mahyco/myactvity.mahyco.UserHome}
11-26 16:12:37.363  1427  1499 W SecurityProfileService: Activity life state callback extras get package null!
11-26 16:12:37.363  1427  1499 I HwAudioServiceEx: ComponentInfo : className = myactvity.mahyco.UserHome, flag=onResume, isHomeActivity=, isTop=true
11-26 16:12:37.363 21354 27160 I HiAdKit.DC.PageSwitchMonitor:  call
11-26 16:12:37.364  4585  4604 I AppLifeChangeSensor: CAWARENESS: activityResumed componentName = ComponentInfo{myactvity.mahyco/myactvity.mahyco.UserHome}
11-26 16:12:37.363 21354 21354 W PPS-FileLog-poo: type=1400 audit(0.0:321510): avc: granted { append } for pid=21354 name="HiAdKitDcLog.log" dev="sdcardfs" ino=4254 scontext=u:r:platform_app:s0:c512,c768 tcontext=u:object_r:sdcardfs:s0 tclass=file
11-26 16:12:37.363 21354 21354 W PPS-FileLog-poo: type=1400 audit(0.0:321511): avc: granted { append open } for pid=21354 path="/storage/emulated/0/Android/data/com.huawei.hwid/files/com.huawei.hms.ads/Log/HiAdKitDcLog.log" dev="sdcardfs" ino=4254 scontext=u:r:platform_app:s0:c512,c768 tcontext=u:object_r:sdcardfs:s0 tclass=file
11-26 16:12:37.366  1953  7004 D DollieActivityManagerAdapter: [Resumed] bg:true pid:13797 uid:10247 ComponentInfo{myactvity.mahyco/myactvity.mahyco.UserHome}
11-26 16:12:37.366  1953  7004 E DollieAdapterService: notifyActivityState pkg:myactvity.mahyco/myactvity.mahyco.UserHome state:2 fg:true mUid:10247
11-26 16:12:37.367  1953  7004 I HidataAppQoeP: foregroundUidAdd uid: 10247 name: myactvity.mahyco activity state: true
11-26 16:12:37.368 21354 12927 I HiAdKit.DC.PageSwitchEvent:  switch is off
11-26 16:12:37.368  1427  7621 D ConnectivityService: get Network state from cache, cacheBlock is 0
11-26 16:12:37.363 21354 21354 W PPS-FileLog-poo: type=1400 audit(0.0:321512): avc: granted { append } for pid=21354 name="HiAdKitDcLog.log" dev="sdcardfs" ino=4254 scontext=u:r:platform_app:s0:c512,c768 tcontext=u:object_r:sdcardfs:s0 tclass=file
11-26 16:12:37.363 21354 21354 W PPS-FileLog-poo: type=1400 audit(0.0:321513): avc: granted { append open } for pid=21354 path="/storage/emulated/0/Android/data/com.huawei.hwid/files/com.huawei.hms.ads/Log/HiAdKitDcLog.log" dev="sdcardfs" ino=4254 scontext=u:r:platform_app:s0:c512,c768 tcontext=u:object_r:sdcardfs:s0 tclass=file
11-26 16:12:37.370  1953  7004 E BoosterUtil: convertSubIdToSlotId failed, subId:1, slotId:-1
11-26 16:12:37.370  1953  7004 E BoosterUtil: getDefaultDataSlotId failed, invalid slotId:-1, subId:1
11-26 16:12:37.370  1953  7002 D ConnCureStateMonitor: handleMessage: msg[2]
11-26 16:12:37.371  1953  2230 I HwPacketFilterBypass: handleActivityUidStateChanged uid:10247 -1 foreground:1
11-26 16:12:37.378 13797 13870 D HiTouch_PressGestureDetector: onAttached, package=myactvity.mahyco, windowType=1, mHiTouchRestricted=false
11-26 16:12:37.402  1427  1489 I StatusBarDisable: setFlags what=0 which=1 pkg=Window{8a27e9c u0 myactvity.mahyco/myactvity.mahyco.UserHome}
11-26 16:12:37.403 13797 13851 V FA      : Connection attempt already in progress
11-26 16:12:37.406 13797 13851 V FA      : Connection attempt already in progress
11-26 16:12:37.407  1427  7621 D ZrHung.AppEyeFocusWindow: FocusWindowErrorScene cancelCheckFreezeScreen
11-26 16:12:37.407  1427  7621 D ZrHung.AppEyeTransparentWindow: TransparentWindow mHungConfigStatus = 0,mHungConfigEnable = 1
11-26 16:12:37.411 13797 13861 I iGraphics: [0020080c] pn: myactvity.mahyco, p: 13797
11-26 16:12:37.411 13797 13861 I iGraphics: [0030080c] no spt app: myactvity.mahyco
11-26 16:12:37.428 13797 13861 D mali_winsys: EGLint new_window_surface(egl_winsys_display *, void *, EGLSurface, EGLConfig, egl_winsys_surface **, EGLBoolean) returns 0x3000
11-26 16:12:37.431   595   595 I GRALLOC : getCallingPid=643, shrFd=10,fmt=0x1,intFmt=0x200000001,btStrd=4352,size=10399744,pid=595 
11-26 16:12:37.431   595   595 I GRALLOC : 	 yuv=2,w=1080,h=2340,Stride u=0 v=0,offset u=0 v=0 
11-26 16:12:37.431   595   595 I GRALLOC : 	 iova_size=10399744,conUsg=0xb00,proUsg=0xb00,	 strd=1088,[afbc]HdrStrd=1088 PyldStrd=69632 Scrmbl=2,ionhnd = 0 
11-26 16:12:37.434   595   595 I chatty  : uid=1000(system) allocator@2.0-s identical 1 line
11-26 16:12:37.436   595   595 I GRALLOC : getCallingPid=643, shrFd=10,fmt=0x1,intFmt=0x200000001,btStrd=4352,size=10399744,pid=595 
11-26 16:12:37.436   595   595 I GRALLOC : 	 yuv=2,w=1080,h=2340,Stride u=0 v=0,offset u=0 v=0 
11-26 16:12:37.436   595   595 I GRALLOC : 	 iova_size=10399744,conUsg=0xb00,proUsg=0xb00,	 strd=1088,[afbc]HdrStrd=1088 PyldStrd=69632 Scrmbl=2,ionhnd = 0 
11-26 16:12:37.454 13797 13797 W Settings: Setting airplane_mode_on has moved from android.provider.Settings.System to android.provider.Settings.Global, returning read-only value.
11-26 16:12:37.468 13797 13886 D HwGalleryCacheManagerImpl: mIsEffect:false
11-26 16:12:37.601 14661 13179 I SyncIntentOperation: Handling the intent: Intent { act=com.google.android.gms.chromesync.SCHEDULED_SYNC cat=[targeted_intent_op_prefix:.chromesync.sync.SyncIntentOperation] dat=content://com.google.android.gms.chromesync.sync.ChimeraSyncReceiverService/103880094333737678051 flg=0x4 hwFlg=0x900 cmp=com.google.android.gms/.chimera.GmsIntentOperationService (has extras) }. [CONTEXT service_id=80 ]
11-26 16:12:37.605  1427  1790 D HwConnectivityServiceEx: set cache by key is 1000 interfaceName iswlan0 value is false
11-26 16:12:37.607  1427  1790 D HwConnectivityServiceEx: set cache by key is 10121 interfaceName iswlan0 value is false
11-26 16:12:37.607  1427  1790 D ConnectivityService: get Network state from cache, cacheBlock is 0
11-26 16:12:37.613  1427  1790 D ConnectivityService: get Network state from cache, cacheBlock is 0
11-26 16:12:37.615  1427  1790 I SyncManager: dispatchSyncOperation:we are going to sync JobId=101314 XXXXXXXXX/ u0 (com.google u0 [com.google.android.gms.chromesync] USER ExpectedIn=0s EXPEDITED STANDBY-EXEMPTED(TOP) Reason=10121
11-26 16:12:37.623  1427  1790 D ConnectivityService: get Network state from cache, cacheBlock is 0
11-26 16:12:37.623  1427  1790 I SyncManager: run startSync:JobId=101314 XXXXXXXXX/ u0 (com.google u0 [com.google.android.gms.chromesync] USER ExpectedIn=0s EXPEDITED STANDBY-EXEMPTED(TOP) Reason=10121
11-26 16:12:37.627  1427  7621 V ActivityManager: Successfully start provider ContentProviderRecord{1767a19 u0 com.google.android.gsf/.subscribedfeeds.SubscribedFeedsProvider} launchingApp=null caller pid= 14661
11-26 16:12:37.654  2465  6439 E AuthPII : [GoogleAccountDataServiceImpl] getToken() -> BAD_AUTHENTICATION. Account: Account {name=XXXXXXXXX, type=com.google}, App: com.google.android.gms, Service: oauth2:https://www.googleapis.com/auth/login_manager
11-26 16:12:37.654  2465  6439 E AuthPII : qvo: Long live credential not available.
11-26 16:12:37.654  2465  6439 E AuthPII : 	at gnf.a(:com.google.android.gms@213918039@21.39.18 (120408-407637301):8)
11-26 16:12:37.654  2465  6439 E AuthPII : 	at com.google.android.gms.ads.internal.mediation.client.rtb.h.Q(:com.google.android.gms@213918039@21.39.18 (120408-407637301):1)
11-26 16:12:37.654  2465  6439 E AuthPII : 	at gmc.m(:com.google.android.gms@213918039@21.39.18 (120408-407637301):111)
11-26 16:12:37.654  2465  6439 E AuthPII : 	at dne.m(:com.google.android.gms@213918039@21.39.18 (120408-407637301):32)
11-26 16:12:37.654  2465  6439 E AuthPII : 	at dne.h(:com.google.android.gms@213918039@21.39.18 (120408-407637301):42)
11-26 16:12:37.654  2465  6439 E AuthPII : 	at dne.ii(:com.google.android.gms@213918039@21.39.18 (120408-407637301):5)
11-26 16:12:37.654  2465  6439 E AuthPII : 	at dkt.onTransact(:com.google.android.gms@213918039@21.39.18 (120408-407637301):5)
11-26 16:12:37.654  2465  6439 E AuthPII : 	at android.os.Binder.transact(Binder.java:921)
11-26 16:12:37.654  2465  6439 E AuthPII : 	at dpr.onTransact(:com.google.android.gms@213918039@21.39.18 (120408-407637301):2)
11-26 16:12:37.654  2465  6439 E AuthPII : 	at android.os.Binder.transact(Binder.java:921)
11-26 16:12:37.654  2465  6439 E AuthPII : 	at xwq.onTransact(:com.google.android.gms@213918039@21.39.18 (120408-407637301):17)
11-26 16:12:37.654  2465  6439 E AuthPII : 	at android.os.Binder.execTransactInternal(Binder.java:1028)
11-26 16:12:37.654  2465  6439 E AuthPII : 	at android.os.Binder.execTransact(Binder.java:1001)
11-26 16:12:37.654  2465  6439 E AuthPII : Message is Long live credential not available.
11-26 16:12:37.654  2465  6439 E AuthPII : qvo: Long live credential not available.
11-26 16:12:37.654  2465  6439 E AuthPII : 	at gnf.a(:com.google.android.gms@213918039@21.39.18 (120408-407637301):8)
11-26 16:12:37.654  2465  6439 E AuthPII : 	at com.google.android.gms.ads.internal.mediation.client.rtb.h.Q(:com.google.android.gms@213918039@21.39.18 (120408-407637301):1)
11-26 16:12:37.654  2465  6439 E AuthPII : 	at gmc.m(:com.google.android.gms@213918039@21.39.18 (120408-407637301):111)
11-26 16:12:37.654  2465  6439 E AuthPII : 	at dne.m(:com.google.android.gms@213918039@21.39.18 (120408-407637301):32)
11-26 16:12:37.654  2465  6439 E AuthPII : 	at dne.h(:com.google.android.gms@213918039@21.39.18 (120408-407637301):42)
11-26 16:12:37.654  2465  6439 E AuthPII : 	at dne.ii(:com.google.android.gms@213918039@21.39.18 (120408-407637301):5)
11-26 16:12:37.654  2465  6439 E AuthPII : 	at dkt.onTransact(:com.google.android.gms@213918039@21.39.18 (120408-407637301):5)
11-26 16:12:37.654  2465  6439 E AuthPII : 	at android.os.Binder.transact(Binder.java:921)
11-26 16:12:37.654  2465  6439 E AuthPII : 	at dpr.onTransact(:com.google.android.gms@213918039@21.39.18 (120408-407637301):2)
11-26 16:12:37.654  2465  6439 E AuthPII : 	at android.os.Binder.transact(Binder.java:921)
11-26 16:12:37.654  2465  6439 E AuthPII : 	at xwq.onTransact(:com.google.android.gms@213918039@21.39.18 (120408-407637301):17)
11-26 16:12:37.654  2465  6439 E AuthPII : 	at android.os.Binder.execTransactInternal(Binder.java:1028)
11-26 16:12:37.654  2465  6439 E AuthPII : 	at android.os.Binder.execTransact(Binder.java:1001)
11-26 16:12:37.655  2465  6439 W GetToken: [GetToken]GetToken failed with status code: BadAuthentication
11-26 16:12:37.666 14661 13889 W Auth    : [GoogleAuthUtil] GoogleAuthUtil
11-26 16:12:37.671  2465  6439 E AuthPII : [GoogleAccountDataServiceImpl] getToken() -> BAD_AUTHENTICATION. Account: Account {name=XXXXXXXXX, type=com.google}, App: com.google.android.gms, Service: oauth2:https://www.googleapis.com/auth/login_manager
11-26 16:12:37.671  2465  6439 E AuthPII : qvo: Long live credential not available.
11-26 16:12:37.671  2465  6439 E AuthPII : 	at gnf.a(:com.google.android.gms@213918039@21.39.18 (120408-407637301):8)
11-26 16:12:37.671  2465  6439 E AuthPII : 	at com.google.android.gms.ads.internal.mediation.client.rtb.h.Q(:com.google.android.gms@213918039@21.39.18 (120408-407637301):1)
11-26 16:12:37.671  2465  6439 E AuthPII : 	at gmc.m(:com.google.android.gms@213918039@21.39.18 (120408-407637301):111)
11-26 16:12:37.671  2465  6439 E AuthPII : 	at dne.m(:com.google.android.gms@213918039@21.39.18 (120408-407637301):32)
11-26 16:12:37.671  2465  6439 E AuthPII : 	at dne.h(:com.google.android.gms@213918039@21.39.18 (120408-407637301):42)
11-26 16:12:37.671  2465  6439 E AuthPII : 	at dne.ii(:com.google.android.gms@213918039@21.39.18 (120408-407637301):5)
11-26 16:12:37.671  2465  6439 E AuthPII : 	at dkt.onTransact(:com.google.android.gms@213918039@21.39.18 (120408-407637301):5)
11-26 16:12:37.671  2465  6439 E AuthPII : 	at android.os.Binder.transact(Binder.java:921)
11-26 16:12:37.671  2465  6439 E AuthPII : 	at dpr.onTransact(:com.google.android.gms@213918039@21.39.18 (120408-407637301):2)
11-26 16:12:37.671  2465  6439 E AuthPII : 	at android.os.Binder.transact(Binder.java:921)
11-26 16:12:37.671  2465  6439 E AuthPII : 	at xwq.onTransact(:com.google.android.gms@213918039@21.39.18 (120408-407637301):17)
11-26 16:12:37.671  2465  6439 E AuthPII : 	at android.os.Binder.execTransactInternal(Binder.java:1028)
11-26 16:12:37.671  2465  6439 E AuthPII : 	at android.os.Binder.execTransact(Binder.java:1001)
11-26 16:12:37.671  2465  6439 E AuthPII : Message is Long live credential not available.
11-26 16:12:37.671  2465  6439 E AuthPII : qvo: Long live credential not available.
11-26 16:12:37.671  2465  6439 E AuthPII : 	at gnf.a(:com.google.android.gms@213918039@21.39.18 (120408-407637301):8)
11-26 16:12:37.671  2465  6439 E AuthPII : 	at com.google.android.gms.ads.internal.mediation.client.rtb.h.Q(:com.google.android.gms@213918039@21.39.18 (120408-407637301):1)
11-26 16:12:37.671  2465  6439 E AuthPII : 	at gmc.m(:com.google.android.gms@213918039@21.39.18 (120408-407637301):111)
11-26 16:12:37.671  2465  6439 E AuthPII : 	at dne.m(:com.google.android.gms@213918039@21.39.18 (120408-407637301):32)
11-26 16:12:37.671  2465  6439 E AuthPII : 	at dne.h(:com.google.android.gms@213918039@21.39.18 (120408-407637301):42)
11-26 16:12:37.671  2465  6439 E AuthPII : 	at dne.ii(:com.google.android.gms@213918039@21.39.18 (120408-407637301):5)
11-26 16:12:37.671  2465  6439 E AuthPII : 	at dkt.onTransact(:com.google.android.gms@213918039@21.39.18 (120408-407637301):5)
11-26 16:12:37.671  2465  6439 E AuthPII : 	at android.os.Binder.transact(Binder.java:921)
11-26 16:12:37.671  2465  6439 E AuthPII : 	at dpr.onTransact(:com.google.android.gms@213918039@21.39.18 (120408-407637301):2)
11-26 16:12:37.671  2465  6439 E AuthPII : 	at android.os.Binder.transact(Binder.java:921)
11-26 16:12:37.671  2465  6439 E AuthPII : 	at xwq.onTransact(:com.google.android.gms@213918039@21.39.18 (120408-407637301):17)
11-26 16:12:37.671  2465  6439 E AuthPII : 	at android.os.Binder.execTransactInternal(Binder.java:1028)
11-26 16:12:37.671  2465  6439 E AuthPII : 	at android.os.Binder.execTransact(Binder.java:1001)
11-26 16:12:37.671  2465  6439 W GetToken: [GetToken]GetToken failed with status code: BadAuthentication
11-26 16:12:37.682 14661 13889 W Auth    : [GoogleAuthUtil] GoogleAuthUtil
11-26 16:12:37.692   449   449 I hwservicemanager: getTransport: Cannot find entry android.hardware.graphics.mapper@3.0::IMapper/default in either framework or device manifest.
11-26 16:12:37.693  1427  7621 W HwAlarmManagerService: isContainsAppUidInWorksource-->happend NameNotFoundException
11-26 16:12:37.693 13797 13861 W Gralloc3: mapper 3.x is not supported
11-26 16:12:37.696 14661 13889 W SyncAdapter: Failed to sync. [CONTEXT service_id=80 ]
11-26 16:12:37.696 14661 13889 W SyncAdapter: pzk: com.google.android.gms.auth.UserRecoverableAuthException: BadAuthentication
11-26 16:12:37.696 14661 13889 W SyncAdapter: 	at aewl.j(:com.google.android.gms@213918039@21.39.18 (120408-407637301):28)
11-26 16:12:37.696 14661 13889 W SyncAdapter: 	at qco.a(:com.google.android.gms@213918039@21.39.18 (120408-407637301):41)
11-26 16:12:37.696 14661 13889 W SyncAdapter: 	at qcl.b(:com.google.android.gms@213918039@21.39.18 (120408-407637301):14)
11-26 16:12:37.696 14661 13889 W SyncAdapter: 	at rnj.onPerformSync(:com.google.android.gms@213918039@21.39.18 (120408-407637301):4)
11-26 16:12:37.696 14661 13889 W SyncAdapter: 	at android.content.AbstractThreadedSyncAdapter$SyncThread.run(AbstractThreadedSyncAdapter.java:334)
11-26 16:12:37.696 14661 13889 W SyncAdapter: Caused by: com.google.android.gms.auth.UserRecoverableAuthException: BadAuthentication
11-26 16:12:37.696 14661 13889 W SyncAdapter: 	at gjk.q(:com.google.android.gms@213918039@21.39.18 (120408-407637301):3)
11-26 16:12:37.696 14661 13889 W SyncAdapter: 	at gjd.a(:com.google.android.gms@213918039@21.39.18 (120408-407637301):6)
11-26 16:12:37.696 14661 13889 W SyncAdapter: 	at gjk.s(:com.google.android.gms@213918039@21.39.18 (120408-407637301):4)
11-26 16:12:37.696 14661 13889 W SyncAdapter: 	at gjk.r(:com.google.android.gms@213918039@21.39.18 (120408-407637301):15)
11-26 16:12:37.696 14661 13889 W SyncAdapter: 	at gjk.w(:com.google.android.gms@213918039@21.39.18 (120408-407637301):0)
11-26 16:12:37.696 14661 13889 W SyncAdapter: 	at gjc.g(:com.google.android.gms@213918039@21.39.18 (120408-407637301):0)
11-26 16:12:37.696 14661 13889 W SyncAdapter: 	at rku.b(:com.google.android.gms@213918039@21.39.18 (120408-407637301):0)
11-26 16:12:37.696 14661 13889 W SyncAdapter: 	at rjt.x(:com.google.android.gms@213918039@21.39.18 (120408-407637301):4)
11-26 16:12:37.696 14661 13889 W SyncAdapter: 	at rkd.e(:com.google.android.gms@213918039@21.39.18 (120408-407637301):2)
11-26 16:12:37.696 14661 13889 W SyncAdapter: 	at aewl.j(:com.google.android.gms@213918039@21.39.18 (120408-407637301):26)
11-26 16:12:37.696 14661 13889 W SyncAdapter: 	... 4 more
11-26 16:12:37.693  1427  7621 W HwAlarmManagerService: isContainsAppUidInWorksource-->happend NameNotFoundException
11-26 16:12:37.698  1427  1790 D ConnectivityService: get Network state from cache, cacheBlock is 0
11-26 16:12:37.723 13797 13861 E         : APS:IFLoad:importExternalFunctions, search function createNewHwApsUtils failed, dlsym err:undefined symbol: createNewHwApsUtils
11-26 16:12:37.723 13797 13861 D         : APS:importExternalFunctions OK
11-26 16:12:37.734   830   858 D AwareLog: iawared: WorkingsetProcessCommand subCmd = 351, userId=10247, pid=13797, myactvity.mahyco
11-26 16:12:37.734   830   858 D AwareLog: iawared: WorkingsetPause myactvity.mahyco
11-26 16:12:37.740  1427  7621 D ConnectivityService: get Network state from cache, cacheBlock is 0
11-26 16:12:37.741 13797 13797 D myactvity.mahyco.UserHome: USER CODE Decrypted User code : mh213
11-26 16:12:37.748 13797 13869 D VAPT    : Calling API: https://wap.mahyco.com/api/postSeason/mdoVerify_user
11-26 16:12:37.749 13797 13869 D VAPT    : Calling JSON OBJECT: {"Table":{"username":"mh213","sapcode":6,"password":"blank"}}
11-26 16:12:37.749 13797 13869 D VAPT    : Calling ACCESS TOKEN: MXLmvLemxlWsz1D2BZ5rmLLWsURuI8kebjUWe7bzCti1_xAE0kGnc9lj9kHFDHe7KVWv5AdPHw-TiLQDgPEHOk4nNXYkrA6e9F1nTUlRUpZCMmI0wybItAh2hEQ4-DchFIdJ_oDx8GUBpnlxB8sAn3PHGDoTk-XV9KFIEIfWIJPgLmgEaa8S-HiueSoBur17p-uoLy3F5zYlFSfgUhDEGrjg5vkdjB5vFNFHjoLdwvM
11-26 16:12:37.753 13797 13869 I JSONPOSTBEGIN: Beginning of JSON POST
11-26 16:12:37.753 13797 13869 D URL :   : https://wap.mahyco.com/api/postSeason/mdoVerify_user
11-26 16:12:37.753 13797 13869 D TOKEN : : MXLmvLemxlWsz1D2BZ5rmLLWsURuI8kebjUWe7bzCti1_xAE0kGnc9lj9kHFDHe7KVWv5AdPHw-TiLQDgPEHOk4nNXYkrA6e9F1nTUlRUpZCMmI0wybItAh2hEQ4-DchFIdJ_oDx8GUBpnlxB8sAn3PHGDoTk-XV9KFIEIfWIJPgLmgEaa8S-HiueSoBur17p-uoLy3F5zYlFSfgUhDEGrjg5vkdjB5vFNFHjoLdwvM
11-26 16:12:37.753 13797 13869 D JSON OBJECT :: https://wap.mahyco.com/api/postSeason/mdoVerify_user : {"Table":{"username":"mh213","sapcode":6,"password":"blank"}}
11-26 16:12:37.778 13797 13869 D NetworkSecurityConfig: Using Network Security Config from resource network_security_config debugBuild: true
11-26 16:12:37.786   856   978 W ScreemCommon: processEntry, not beta version or commercial log off
11-26 16:12:37.788 13797 13797 I HwViewRootImpl: removeInvalidNode jank list is null
11-26 16:12:37.803 13797 13851 D FA      : Connected to remote service
11-26 16:12:37.806   574  1050 W /system/bin/netd: A binder object at 0x76e0226200 is being transacted on, however, this object is in the same process as its proxy. Transacting with this binder is expensive compared to just calling the corresponding functionality in the same process.
11-26 16:12:37.806   574  1050 I PreDnsController: canPreDnsQuery,persist.sys.predns is false!
11-26 16:12:37.807 13797 13851 V FA      : Processing queued up service tasks: 7
11-26 16:12:37.812   643   643 E SurfaceFlinger: refreshneed false
11-26 16:12:37.869 14661 12930 V FA-SVC  : Setting user property: user_id(_id), mh213
11-26 16:12:37.881 14661 12930 V FA-SVC  : Logging event: origin=app,name=ce_app_opened,params=Bundle[{item_name=PRAVIN DALVI(MDO), ga_event_origin(_o)=app, content_type=ce_app_opened, item_id=mh213}]
11-26 16:12:37.793  1427  7621 D ConnectivityService: get Network state from cache, cacheBlock is 0
11-26 16:12:37.904  1427  1736 D ConnectivityService: get Network state from cache, cacheBlock is 0
11-26 16:12:37.905 14661 12930 V FA-SVC  : Upload scheduled in approximately ms: 992876
11-26 16:12:37.905 14661 12930 V FA-SVC  : Unscheduling upload
11-26 16:12:37.915 14661 12930 V FA-SVC  : Scheduling upload, millis: 992876
11-26 16:12:37.918 14661 12930 V FA-SVC  : Background event processing time, ms: 37
11-26 16:12:37.927 14661 12930 V FA-SVC  : Logging event: origin=auto,name=screen_view(_vs),params=Bundle[{ga_event_origin(_o)=auto, ga_screen_class(_sc)=UserHome, ga_screen_id(_si)=-2147792260261290210}]
11-26 16:12:37.934  2465 12275 W NetworkScheduler: Error inserting flex_time=992000 job_id=-1 period=1986000 source=16 requires_charging=0 preferred_network_type=1 target_class=com.google.android.gms.measurement.PackageMeasurementTaskService user_id=0 target_package=com.google.android.gms tag=Measurement.PackageMeasurementTaskService.UPLOAD_TASK_TAG task_type=0 required_idleness_state=0 service_kind=0 source_version=213918000 persistence_level=1 preferred_charging_state=1 required_network_type=0 runtime=1637923357927 retry_strategy={"maximum_backoff_seconds":{"3600":0},"initial_backoff_seconds":{"30":0},"retry_policy":{"0":0}} last_runtime=0, error message: UNIQUE constraint failed: pending_ops.tag, pending_ops.target_class, pending_ops.target_package, pending_ops.user_id (Sqlite code 2067 SQLITE_CONSTRAINT_UNIQUE), (OS error - 2:No such file or directory) [CONTEXT service_id=218 ]
11-26 16:12:37.949 14661 12930 V FA-SVC  : Upload scheduled in approximately ms: 992832
11-26 16:12:37.949 14661 12930 V FA-SVC  : Unscheduling upload
11-26 16:12:37.953 14661 12930 V FA-SVC  : Scheduling upload, millis: 992832
11-26 16:12:37.956 14661 12930 V FA-SVC  : Background event processing time, ms: 29
11-26 16:12:37.965   635   635 E WifiHAL : enter wifi_get_link_stats
11-26 16:12:37.972  1427  1670 E WificondControl: Noise: 0, Snr: 0, Chload: -1
11-26 16:12:37.977  2465 10332 W NetworkScheduler: Error inserting flex_time=992000 job_id=-1 period=1986000 source=16 requires_charging=0 preferred_network_type=1 target_class=com.google.android.gms.measurement.PackageMeasurementTaskService user_id=0 target_package=com.google.android.gms tag=Measurement.PackageMeasurementTaskService.UPLOAD_TASK_TAG task_type=0 required_idleness_state=0 service_kind=0 source_version=213918000 persistence_level=1 preferred_charging_state=1 required_network_type=0 runtime=1637923357969 retry_strategy={"maximum_backoff_seconds":{"3600":0},"initial_backoff_seconds":{"30":0},"retry_policy":{"0":0}} last_runtime=0, error message: UNIQUE constraint failed: pending_ops.tag, pending_ops.target_class, pending_ops.target_package, pending_ops.user_id (Sqlite code 2067 SQLITE_CONSTRAINT_UNIQUE), (OS error - 2:No such file or directory) [CONTEXT service_id=218 ]
11-26 16:12:37.978  1427  1670 V HwWifiServiceFactory: get AllImpl object = com.android.server.wifi.HwWifiServiceFactoryImpl@100db3e
11-26 16:12:37.981 14661 12930 V FA-SVC  : Saving default event parameters, appId, data size: myactvity.mahyco, 2
11-26 16:12:38.254 13797 13869 D         : {"Table":[]}
11-26 16:12:38.255 13797 13869 D VAPT    : https://wap.mahyco.com/api/postSeason/mdoVerify_user :: 
11-26 16:12:38.255 13797 13869 D VAPT    : RESPONSE ::{"Table":[]}
11-26 16:12:38.255 13797 13869 I JSONPOSTEND: End of JSON data post methos...
11-26 16:12:38.255 13797 13869 D VAPT    : Getting https://wap.mahyco.com/api/postSeason/mdoVerify_user RESPONSE : {"Table":[]}
11-26 16:12:38.373  1953  2230 I HwPacketFilterBypass: isBypassAllowed not allowed reason: DATA_OFF
11-26 16:12:38.374  1953  2230 I HwPacketFilterBypass: kernelAddTrackUid uid:10247 allowed:false
11-26 16:12:39.149  1427  1669 I TrafficMonitor: update:rxPkts:8,txPkts:15,rxBytes:4724,txBytes:1745
11-26 16:12:39.149  1427  1669 I TrafficMonitor: start expired. level:-1
11-26 16:12:39.149  1427  1669 I TrafficMonitor: gettimer:interval=2000
11-26 16:12:39.373  1953  7002 D ConnCureStateMonitor: handleMessage: msg[4]
11-26 16:12:39.377  1953  7002 D ConnCureStateMonitor: canPerformConnCure: network is not in service.
11-26 16:12:37.949  1427  1736 D ConnectivityService: get Network state from cache, cacheBlock is 0
11-26 16:12:39.391  1427  1609 I HwBatteryService: quick charge status : 0
11-26 16:12:39.391  1427  1609 D HwBatteryService: onUEvent fcpStatus = 0
11-26 16:12:39.392  1427  1609 D HwBatteryService: onUEvent scpStatus = 0 ,ovpStatus = 0
11-26 16:12:39.392  1427  1609 I HwBatteryService: handleWirelessTxStatus
11-26 16:12:39.392  1427  1609 I HwBatteryService: switch not open, return, mWirelessTxFlag : 0
11-26 16:12:39.392  1427  1609 W HwBatteryService: need return. Invalid value: -1
11-26 16:12:39.392  1427  1609 D HwBatteryService: setHwChargeTimeRemaining, time = -1 String time: -1
11-26 16:12:39.394  1427  1609 I HwUsbDeviceManager: water_intrused state= 0
11-26 16:12:39.736   830   858 D AwareLog: iawared: WorkingsetProcessCommand subCmd = 357, userId=10247, pid=13797, myactvity.mahyco
11-26 16:12:39.737   830   858 D AwareLog: iawared: WorkingsetPauseCollect myactvity.mahyco
11-26 16:12:40.610   574 22056 I netd    : trafficSwapActiveStatsMap() <14.12ms>
11-26 16:12:40.837  1953  6984 I NetworkQoe: checkAppStatInfoDelay:foreground app update already
11-26 16:12:40.993   635   635 E WifiHAL : enter wifi_get_link_stats
11-26 16:12:40.998  1427  1670 E WificondControl: Noise: 0, Snr: 0, Chload: -1
11-26 16:12:41.001  1427  1670 V HwWifiServiceFactory: get AllImpl object = com.android.server.wifi.HwWifiServiceFactoryImpl@100db3e
11-26 16:12:41.154  1427  1669 I TrafficMonitor: update:rxPkts:6,txPkts:3,rxBytes:2920,txBytes:228
11-26 16:12:41.155  1427  1669 I TrafficMonitor: start expired. level:-1
11-26 16:12:41.155  1427  1669 I TrafficMonitor: gettimer:interval=2000
11-26 16:12:41.438  6998  7055 D LogUtil_LogConfig: getLogFile(): logFilePath = /data/user/0/com.huawei.health/files/com.huawei.health/com.huawei.health_DaemonService/
11-26 16:12:41.439  6998  7055 D LogUtil_LogConfig: obtainSavePath(): path = 1
11-26 16:12:41.439  6998  7055 D LogUtil_LogConfig: acquireMaxLogFileLengthContainsOffset describe: com.huawei.health:DaemonService result:5242880
11-26 16:12:41.534 13797 13797 D AwareBitmapCacher: handleInit switch not opened pid=13797
11-26 16:12:41.618  1427  1670 E WificondControl: Noise: 0, Snr: 0, Chload: -1
11-26 16:12:41.621  1427  1781 D HuaweiWifiWatchdogStateMachine: nothing to do
11-26 16:12:41.621  1427  1669 D WiFi_PRO: MSG_RETURN_AP_CURRY_RSSI rssi = -64
11-26 16:12:41.622  1427  1669 I QosMonitor: queryRtt: rttType = 3
11-26 16:12:41.622  1427  1669 I HwWifiProServiceProxy: ctrlHwWifiNetwork pkgName: WIFIPRO_SERVICE interfaceId: 8
11-26 16:12:41.622  1427  1781 I HuaweiWifiWatchdogStateMachine: POta txb txg rxg:0, 36, 0. Lr =0% Totpkt=36
11-26 16:12:41.622  1427 13893 I HwUidTcpMonitor: TcpStatisticsRun run
11-26 16:12:41.623  1427  1669 I QosMonitor: postEventFromNative: msg=100,arg1=4,arg2=10
11-26 16:12:41.623  1427  1669 I HwWifiProServiceProxy: ctrlHwWifiNetwork pkgName: WIFIPRO_SERVICE interfaceId: 8
11-26 16:12:41.623  1427  1669 I QosMonitor: postEventFromNative: msg=100,arg1=0,arg2=10
11-26 16:12:41.623  1427  1669 I MQoS    : rtt=116,tcpTxPkts=165455,tcpRxPkts=166377
11-26 16:12:41.624  1427 13893 I HwWifiProServiceProxy: ctrlHwWifiNetwork pkgName: WIFIPRO_SERVICE interfaceId: 79
11-26 16:12:41.624  1427  6341 D HwConnectivityServiceEx: set cache by key is 1000 interfaceName iswlan0 value is false
11-26 16:12:41.625  1427 13894 I HwWifiProServiceProxy: TcpStatisticsRun run
11-26 16:12:41.625  1427  1781 I HuaweiWifiWatchdogStateMachine: PTcp RTT:0, rtt pkt=0, tcp_rx=1, tcp_tx=8, tcp_reTran=0, rtRate=0
11-26 16:12:41.625  1427  1781 D HuaweiWifiWatchdogStateMachine: rssi bad, mrssi=-64 < TargetRssi=-58
11-26 16:12:41.626  1427 13894 D HwWifiConnectivityMonitor: ENTER: notifyTopUidDnsInfo, dnsFailCount = 1
11-26 16:12:41.629  1427  6341 I MQoS    : QOS_level:0(0),wifi-link;SIM error;use level-0
11-26 16:12:42.114   864  1645 D motion@1.0-service: motion-hal Motion::readEvents motionType: 11
11-26 16:12:42.114   864  1645 D motion@1.0-service: motion-hal Motion::ReadHwStepCounter motionType == MOTIONHUB_TYPE_HW_STEP_COUNTER
11-26 16:12:42.114   864  1645 D motion@1.0-service: motion-hal Motiontest::get stepcount!
11-26 16:12:42.115   864   889 D motion@1.0-service: pollMotionResult g_pollResultReturn = 19
11-26 16:12:42.115   838   875 D SensorHub: huawei Hal get step event
11-26 16:12:42.115  1427  1648 D         : HWExtMotionService Motioncallback ret_cb:19 , motion_cb:11 , length_cb:19
11-26 16:12:42.116  1427  1648 D         : HWExtMotionService valueSize:19 
11-26 16:12:42.116  1427  1648 D         : HWExtDeviceService getActiveConnections 
11-26 16:12:42.116  1427  1648 D         : HWExtDeviceService connSize:1 
11-26 16:12:42.116   864  1645 D motion@1.0-service: g_motionPollResultReady::unlock out
11-26 16:12:42.117   864  1645 D motion@1.0-service: ActMotionCb motionClientVector.size = 0
11-26 16:12:42.117   864  1645 D motion@1.0-service: ActMotionCb out
11-26 16:12:42.117  1953 31480 D         : ALOGD: HWExtDeviceManager::notifyDeviceData  type: 1100 
11-26 16:12:42.117  1953 31480 D         : HWExtDeviceManager::notifyDeviceData handleEvent uniqueId : 110001
11-26 16:12:42.118  1953  1953 I HWExtDeviceManager: trigger onDeviceDataChanged : mListener : com.huawei.systemserver.ihealth.manager.HwStepCounter$1@1ed8210,type : 1100
11-26 16:12:42.118  1953  1953 D HwStepCounter: onDeviceDataChanged
11-26 16:12:42.118  1953  1953 W HwStepCounter: version : 1
11-26 16:12:42.119  1953  1953 I HwStepCounter: dealReportData tm: 2021-11-26 16:12:43 steps_value[0] : 0 state_value[0]:5 level_value[0]:0
11-26 16:12:42.119  1953  1953 I HwStepCounter: isBeginOfToday: 26 -> 26
11-26 16:12:42.119  1953  1953 I HwStepCounter: isBeginOfToday: false
11-26 16:12:42.119  1953  1953 I HwStepCounter: dealReportData: diff = 0
11-26 16:12:42.125  1953  2659 D HwStepCounter: ReportProxy client : 1
11-26 16:12:42.126  1953  2658 I StepCounterRemoteStub: Report client count 1
11-26 16:12:42.127  6998  7116 I R_Step_ExtendStepCounter: 1200010315|R|dataReport printTime != Consts.PRINT_ERROR_VALUE
11-26 16:12:42.142  1427  1642 W AwareLog: AwareMem_MemoryUtils: trim Memory illegal arg exception, proc:13681 userId:-2 level:40 fromIAware:true
11-26 16:12:42.146  1427  1669 I TrafficMonitor: expired arrive. level:-1
11-26 16:12:42.146  1427  1669 I TrafficMonitor: during_ms:2005,period_ms:2000
11-26 16:12:42.147  1427  1669 I TrafficMonitor: count:964,rx_sum:6,tx_sum:3,rxBytes:2920,during_ms:2005,rx_speed:1456.359102244389,tx_speed:113.71571072319203,rto:2.0
11-26 16:12:42.230   574 22056 I netd    : trafficSwapActiveStatsMap() <11.25ms>
11-26 16:12:42.238  2104 20837 I DownloadState: singleUid: 10247 [myactvity.mahyco] speed: 1224 real speed: 1217 (rxB:4684 txB:1437 rxP:7 txP:10) scroff: false
11-26 16:12:42.239  2104 20837 I DownloadState: singleUid: 10124 [com.android.vending] speed: 115 real speed: 114 (rxB:40 txB:536 rxP:1 txP:8) scroff: false
11-26 16:12:42.251  2104 20837 I DownloadState: shareUid: 0 default_socket transmitting data speed : 64 bytes/s (rxB:40 txB:280 rxP:1 txP:4 iface:1) scroff: false
11-26 16:12:42.439  6998  7085 I R_Step_LSC: 1200010315|R|refreshReportData calculate detail steps data
11-26 16:12:42.448  1427  1501 D ZrHung.AppEyeTransparentWindow: handleMessage CHECK_TRANS_WINDOW_ERROR_MSG
11-26 16:12:42.693  1427  1637 W AlarmManager: WAKEUP alarm talarm.operation == null,package name is: android listenerTag is: *job.delay* creator uid is: 1000
11-26 16:12:42.697  1427  1427 W HwAlarmManagerService: isContainsAppUidInWorksource-->happend NameNotFoundException
11-26 16:12:42.697  1427  1427 W HwAlarmManagerService: isContainsAppUidInWorksource-->happend NameNotFoundException
11-26 16:12:42.709  1427  1427 I HwAlarmManagerService: hwSetAlarm listenerTag: *job.delay*
11-26 16:12:42.709  1427  1427 I JobScheduler.Time: realNextDelayExpiredElapsedMillis: 623515526
11-26 16:12:42.719 14661 13179 I SyncIntentOperation: Handling the intent: Intent { act=com.google.android.gms.chromesync.SCHEDULED_SYNC cat=[targeted_intent_op_prefix:.chromesync.sync.SyncIntentOperation] dat=content://com.google.android.gms.chromesync.sync.ChimeraSyncReceiverService/103880094333737678051 flg=0x4 hwFlg=0x900 cmp=com.google.android.gms/.chimera.GmsIntentOperationService (has extras) }. [CONTEXT service_id=80 ]
11-26 16:12:42.730  1427  1790 D ConnectivityService: get Network state from cache, cacheBlock is 0
11-26 16:12:42.730   590   617 I ArHal   : (ArDataNetlinkCb:915):cmd[2].length[24]
11-26 16:12:42.730   590   618 I AR_impl : ActChangedCb start count[1]
11-26 16:12:42.731  1953  2257 D ARMoudle.ARService: onActivityChanged...
11-26 16:12:42.732  1953  2257 D ARMoudle.ARService: events.size: 1
11-26 16:12:42.732  1953  2257 D ARMoudle.ARService: 4,1,623482899122388,100
11-26 16:12:42.732  1953  2257 D ARMoudle.ARService: packageNames.size: 1
11-26 16:12:42.732  1953  2257 E ARMoudle.ARService: activityChangedCallBack for msdp
11-26 16:12:42.732  2052  2354 D ARMoudle.HwActivityRecognition: onActivityChanged_O...
11-26 16:12:42.733  1953  2257 D ARMoudle.ARService: onActivityChanged to sdk msdp
11-26 16:12:42.734   590   618 I AR_impl : able to onActivityChangedV1_1
11-26 16:12:42.734   590   618 I AR_impl : ActChangedCb end
11-26 16:12:42.735  1427  1790 D HwConnectivityServiceEx: set cache by key is 10121 interfaceName iswlan0 value is false
11-26 16:12:42.735  1427  1790 D ConnectivityService: get Network state from cache, cacheBlock is 0
11-26 16:12:42.740  4585  4622 I FenceManager: CAWARENESS: isSatisfyFenceTime() topKey : com.huawei.systemserver_1:1;1,4,1023 type : 1 startTime : null endTime : null
11-26 16:12:42.740  4585  4622 I FenceManager: CAWARENESS: isSatisfyFenceTime() startTime or endTime is empty topKey : com.huawei.systemserver_1:1;1,4,1023
11-26 16:12:42.740  4585  4622 I FenceManager: CAWARENESS: doNotifyListKeyChange() topKey : com.huawei.systemserver_1:1;1,4,1023 isSatisfy time condition: true
11-26 16:12:42.740  1427  7658 D HwConnectivityServiceEx: set cache by key is 10247 interfaceName iswlan0 value is false
11-26 16:12:42.740  4585  4622 I EventManager: CAWARENESS: notifyUserByPendingIntent() isNeedRemoveEvent :  false
11-26 16:12:42.741  4585  4622 I EventManager: CAWARENESS: sendMovementOrDeviceStatusFencePendingIntent() send topKey = com.huawei.systemserver_1:1;1,4,1023
11-26 16:12:42.741  4585  4622 I EventManager: CAWARENESS: sendPendingIntent() topKey = com.huawei.systemserver_1:1;1,4,1023
11-26 16:12:42.741  4585  4622 I EventManager: CAWARENESS: sendPendingIntent() pendingIntent.send has registerIntent topKey = com.huawei.systemserver_1:1;1,4,1023
11-26 16:12:42.744 21354 27160 I MSDPMovementServiceManager: [I/HwLocation/MSDPMovementServiceManager 21354:1474 null:31] type is 0, latencyNs is 5000000000
11-26 16:12:42.744 21354 27160 I ActivityTransitionMappingManager: [I/HwLocation/ActivityTransitionMappingManager 21354:1474 null:4] compareReturnEventCache
11-26 16:12:42.744 21354 27160 I ActivityTransitionMappingManager: [I/HwLocation/ActivityTransitionMappingManager 21354:1474 null:81] movement android.activity_recognition.stilleventType 1
11-26 16:12:42.744 21354 27160 I ActivityTransitionMappingManager: [I/HwLocation/ActivityTransitionMappingManager 21354:1474 null:29] sendActivityTransitionMappingInfo:requestList size:0
11-26 16:12:42.746  1427  7658 W ActivityManager: Sending non-protected broadcast android.intent.action.movement_fence_triggered from system uid 1000 pkg com.huawei.systemserver
11-26 16:12:42.746  1427  7658 W ActivityManager: Sending non-protected broadcast android.intent.action.movement_fence_triggered from system uid 1000 pkg com.huawei.systemserver
11-26 16:12:42.739 21354 21354 W Core-LogWrite: type=1400 audit(0.0:321514): avc: granted { append } for pid=21354 name="HMSLog_com.huawei.hwid.core_2021_11_26_16_07_40.log" dev="sdcardfs" ino=46723 scontext=u:r:platform_app:s0:c512,c768 tcontext=u:object_r:sdcardfs:s0 tclass=file
11-26 16:12:42.739 21354 21354 W Core-LogWrite: type=1400 audit(0.0:321515): avc: granted { append open } for pid=21354 path="/storage/emulated/0/Android/data/com.huawei.hwid/files/Log/HMSLog_com.huawei.hwid.core_2021_11_26_16_07_40.log" dev="sdcardfs" ino=46723 scontext=u:r:platform_app:s0:c512,c768 tcontext=u:object_r:sdcardfs:s0 tclass=file
11-26 16:12:42.743 21354 21354 W Core-LogWrite: type=1400 audit(0.0:321516): avc: granted { append } for pid=21354 name="HMSLog_com.huawei.hwid.core_2021_11_26_16_07_40.log" dev="sdcardfs" ino=46723 scontext=u:r:platform_app:s0:c512,c768 tcontext=u:object_r:sdcardfs:s0 tclass=file
11-26 16:12:42.746  4585  4622 E EventManager: CAWARENESS: postEvent() awarenessListener == null
11-26 16:12:42.743 21354 21354 W Core-LogWrite: type=1400 audit(0.0:321517): avc: granted { append open } for pid=21354 path="/storage/emulated/0/Android/data/com.huawei.hwid/files/Log/HMSLog_com.huawei.hwid.core_2021_11_26_16_07_40.log" dev="sdcardfs" ino=46723 scontext=u:r:platform_app:s0:c512,c768 tcontext=u:object_r:sdcardfs:s0 tclass=file
11-26 16:12:42.743 21354 21354 W Core-LogWrite: type=1400 audit(0.0:321518): avc: granted { append } for pid=21354 name="HMSLog_com.huawei.hwid.core_2021_11_26_16_07_40.log" dev="sdcardfs" ino=46723 scontext=u:r:platform_app:s0:c512,c768 tcontext=u:object_r:sdcardfs:s0 tclass=file
11-26 16:12:42.743 21354 21354 W Core-LogWrite: type=1400 audit(0.0:321519): avc: granted { append open } for pid=21354 path="/storage/emulated/0/Android/data/com.huawei.hwid/files/Log/HMSLog_com.huawei.hwid.core_2021_11_26_16_07_40.log" dev="sdcardfs" ino=46723 scontext=u:r:platform_app:s0:c512,c768 tcontext=u:object_r:sdcardfs:s0 tclass=file
11-26 16:12:42.755  1427  1790 D ConnectivityService: get Network state from cache, cacheBlock is 0
11-26 16:12:42.758  1427  1790 I SyncManager: dispatchSyncOperation:we are going to sync JobId=104303 XXXXXXXXX/ u0 (com.google u0 [com.google.android.gms.chromesync] USER ExpectedIn=0s EXPEDITED STANDBY-EXEMPTED(TOP) Reason=10121
11-26 16:12:42.765 13797 13842 D TransportRuntime.CctTransportBackend: Making request to: https://crashlyticsreports-pa.googleapis.com/v1/firelog/legacy/batchlog
11-26 16:12:42.770   574  1050 W /system/bin/netd: A binder object at 0x76e0226200 is being transacted on, however, this object is in the same process as its proxy. Transacting with this binder is expensive compared to just calling the corresponding functionality in the same process.
11-26 16:12:42.770   574  1050 I PreDnsController: canPreDnsQuery,persist.sys.predns is false!
11-26 16:12:42.779  1427  1790 D ConnectivityService: get Network state from cache, cacheBlock is 0
11-26 16:12:42.779  1427  1790 I SyncManager: run startSync:JobId=104303 XXXXXXXXX/ u0 (com.google u0 [com.google.android.gms.chromesync] USER ExpectedIn=0s EXPEDITED STANDBY-EXEMPTED(TOP) Reason=10121
11-26 16:12:42.785  1427  7658 V ActivityManager: Successfully start provider ContentProviderRecord{1767a19 u0 com.google.android.gsf/.subscribedfeeds.SubscribedFeedsProvider} launchingApp=null caller pid= 14661
11-26 16:12:42.828  2465  6439 E AuthPII : [GoogleAccountDataServiceImpl] getToken() -> BAD_AUTHENTICATION. Account: Account {name=XXXXXXXXX, type=com.google}, App: com.google.android.gms, Service: oauth2:https://www.googleapis.com/auth/login_manager
11-26 16:12:42.828  2465  6439 E AuthPII : qvo: Long live credential not available.
11-26 16:12:42.828  2465  6439 E AuthPII : 	at gnf.a(:com.google.android.gms@213918039@21.39.18 (120408-407637301):8)
11-26 16:12:42.828  2465  6439 E AuthPII : 	at com.google.android.gms.ads.internal.mediation.client.rtb.h.Q(:com.google.android.gms@213918039@21.39.18 (120408-407637301):1)
11-26 16:12:42.828  2465  6439 E AuthPII : 	at gmc.m(:com.google.android.gms@213918039@21.39.18 (120408-407637301):111)
11-26 16:12:42.828  2465  6439 E AuthPII : 	at dne.m(:com.google.android.gms@213918039@21.39.18 (120408-407637301):32)
11-26 16:12:42.828  2465  6439 E AuthPII : 	at dne.h(:com.google.android.gms@213918039@21.39.18 (120408-407637301):42)
11-26 16:12:42.828  2465  6439 E AuthPII : 	at dne.ii(:com.google.android.gms@213918039@21.39.18 (120408-407637301):5)
11-26 16:12:42.828  2465  6439 E AuthPII : 	at dkt.onTransact(:com.google.android.gms@213918039@21.39.18 (120408-407637301):5)
11-26 16:12:42.828  2465  6439 E AuthPII : 	at android.os.Binder.transact(Binder.java:921)
11-26 16:12:42.828  2465  6439 E AuthPII : 	at dpr.onTransact(:com.google.android.gms@213918039@21.39.18 (120408-407637301):2)
11-26 16:12:42.828  2465  6439 E AuthPII : 	at android.os.Binder.transact(Binder.java:921)
11-26 16:12:42.828  2465  6439 E AuthPII : 	at xwq.onTransact(:com.google.android.gms@213918039@21.39.18 (120408-407637301):17)
11-26 16:12:42.828  2465  6439 E AuthPII : 	at android.os.Binder.execTransactInternal(Binder.java:1028)
11-26 16:12:42.828  2465  6439 E AuthPII : 	at android.os.Binder.execTransact(Binder.java:1001)
11-26 16:12:42.829  2465  6439 E AuthPII : Message is Long live credential not available.
11-26 16:12:42.829  2465  6439 E AuthPII : qvo: Long live credential not available.
11-26 16:12:42.829  2465  6439 E AuthPII : 	at gnf.a(:com.google.android.gms@213918039@21.39.18 (120408-407637301):8)
11-26 16:12:42.829  2465  6439 E AuthPII : 	at com.google.android.gms.ads.internal.mediation.client.rtb.h.Q(:com.google.android.gms@213918039@21.39.18 (120408-407637301):1)
11-26 16:12:42.829  2465  6439 E AuthPII : 	at gmc.m(:com.google.android.gms@213918039@21.39.18 (120408-407637301):111)
11-26 16:12:42.829  2465  6439 E AuthPII : 	at dne.m(:com.google.android.gms@213918039@21.39.18 (120408-407637301):32)
11-26 16:12:42.829  2465  6439 E AuthPII : 	at dne.h(:com.google.android.gms@213918039@21.39.18 (120408-407637301):42)
11-26 16:12:42.829  2465  6439 E AuthPII : 	at dne.ii(:com.google.android.gms@213918039@21.39.18 (120408-407637301):5)
11-26 16:12:42.829  2465  6439 E AuthPII : 	at dkt.onTransact(:com.google.android.gms@213918039@21.39.18 (120408-407637301):5)
11-26 16:12:42.829  2465  6439 E AuthPII : 	at android.os.Binder.transact(Binder.java:921)
11-26 16:12:42.829  2465  6439 E AuthPII : 	at dpr.onTransact(:com.google.android.gms@213918039@21.39.18 (120408-407637301):2)
11-26 16:12:42.829  2465  6439 E AuthPII : 	at android.os.Binder.transact(Binder.java:921)
11-26 16:12:42.829  2465  6439 E AuthPII : 	at xwq.onTransact(:com.google.android.gms@213918039@21.39.18 (120408-407637301):17)
11-26 16:12:42.829  2465  6439 E AuthPII : 	at android.os.Binder.execTransactInternal(Binder.java:1028)
11-26 16:12:42.829  2465  6439 E AuthPII : 	at android.os.Binder.execTransact(Binder.java:1001)
11-26 16:12:42.829  2465  6439 W GetToken: [GetToken]GetToken failed with status code: BadAuthentication
11-26 16:12:42.849 14661 13898 W Auth    : [GoogleAuthUtil] GoogleAuthUtil
11-26 16:12:42.860  2465  6439 E AuthPII : [GoogleAccountDataServiceImpl] getToken() -> BAD_AUTHENTICATION. Account: Account {name=XXXXXXXXX, type=com.google}, App: com.google.android.gms, Service: oauth2:https://www.googleapis.com/auth/login_manager
11-26 16:12:42.860  2465  6439 E AuthPII : qvo: Long live credential not available.
11-26 16:12:42.860  2465  6439 E AuthPII : 	at gnf.a(:com.google.android.gms@213918039@21.39.18 (120408-407637301):8)
11-26 16:12:42.860  2465  6439 E AuthPII : 	at com.google.android.gms.ads.internal.mediation.client.rtb.h.Q(:com.google.android.gms@213918039@21.39.18 (120408-407637301):1)
11-26 16:12:42.860  2465  6439 E AuthPII : 	at gmc.m(:com.google.android.gms@213918039@21.39.18 (120408-407637301):111)
11-26 16:12:42.860  2465  6439 E AuthPII : 	at dne.m(:com.google.android.gms@213918039@21.39.18 (120408-407637301):32)
11-26 16:12:42.860  2465  6439 E AuthPII : 	at dne.h(:com.google.android.gms@213918039@21.39.18 (120408-407637301):42)
11-26 16:12:42.860  2465  6439 E AuthPII : 	at dne.ii(:com.google.android.gms@213918039@21.39.18 (120408-407637301):5)
